10-01 08:57:55.134 30227   826 D UE      : [2024.09.30-22.57.55:134][  0]LogTextLocalizationManager: No localization for 'en-AU' exists, so 'en' will be used for the language.
10-01 08:57:55.134 30227   826 D UE      : [2024.09.30-22.57.55:134][  0]LogTextLocalizationManager: No localization for 'en-AU' exists, so 'en' will be used for the locale.
10-01 08:57:55.134 30227   826 D UE      : [2024.09.30-22.57.55:134][  0]LogSlate: FontCache flush requested. Reason: Culture for localization was changed
10-01 08:57:55.134 30227   826 D UE      : [2024.09.30-22.57.55:134][  0]LogSlate: FontCache flush requested. Reason: Culture for localization was changed
10-01 08:57:55.135  4255  4255 I lmkd    : Reclaim 'com.android.settings' (31176), uid 1000, oom_adj 999, state 19 to free 212100kB
10-01 08:57:55.135  4255  4255 I lmkd    : Reclaimed 212100kB at oom_adj 850
10-01 08:57:55.136 30227   826 D UE      : [2024.09.30-22.57.55:136][  0]LogAssetRegistry: FAssetRegistry took 0.0008 seconds to start up
10-01 08:57:55.184  4727  4727 I Zygote  : Process 31176 exited due to signal 9 (Killed)
10-01 08:57:55.193  5420  5440 D BluetoothCastAdapterService: Binder is dead - unregister com.android.settings
10-01 08:57:55.193  5108  5602 I ActivityManager: Process com.android.settings (pid 31176) has died: cch+99 CEM (27,1608)
10-01 08:57:55.196  5108  5151 I libprocessgroup: Successfully killed process cgroup uid 1000 pid 31176 in 0ms
10-01 08:57:55.197  5420  5440 D GuestManager: cancelDiscovery
10-01 08:57:55.204  5420  5440 W GuestManager: cancelDiscovery : not start advertise
10-01 08:57:55.204  5420  5440 W GuestManager: cancelDiscovery : not start scan
10-01 08:57:55.211 30227   883 D UE      : [2024.09.30-22.57.55:211][  0]LogRHI: Supported Refresh Rates: 60
10-01 08:57:55.212 30227   883 D UE      : [2024.09.30-22.57.55:212][  0]LogRHI: Supports 60 using refresh rate 60 and sync interval 1
10-01 08:57:55.213  5420  5440 E BluetoothCastAdapterService: ClientDeathRecipient :: remove token =android.os.BinderProxy@84d6f0e, packageName=com.android.settings
10-01 08:57:55.214  5420  5420 D GuestManager: notifyDiscoveryStopped
10-01 08:57:55.219  5442  5442 V BluetoothCastEventManager: onReceive :: com.samsung.android.bluetooth.cast.action.DISCOVERY_FINISHED
10-01 08:57:55.227  5108  5602 V WindowManager: Relayout Window{cf0eec7 u0 com.YourCompany.Unreal_IGB200/com.epicgames.unreal.GameActivity}: viewVisibility=0 req=1200x2000 d0
10-01 08:57:55.229  4845  4845 D SurfaceFlinger: Display 0 HWC layers:
10-01 08:57:55.229  4845  4845 D SurfaceFlinger:      DEVICE | 0x788a434040 | 0002 | RGBA_8888    |    0.0    0.0  768.0 1280.0 |    0    0 1200 2000 | SurfaceView - com.YourCompany.Unreal[...]ames.unreal.GameActivity@f2d365b@0#0
10-01 08:57:55.229  4845  4845 D SurfaceFlinger:      DEVICE | 0x790be39880 | 0000 | RGBA_8888    |    0.0    0.0 1200.0 2000.0 |    0    0 1200 2000 | com.YourCompany.Unreal_IGB200/com.epicgames.unreal.GameActivity$_30227#1
10-01 08:57:55.229  4845  4845 D SurfaceFlinger:      DEVICE | 0x78692f4500 | 0000 | RGBA_8888    |    0.0    0.0 1200.0 2000.0 |    0    0 1200 2000 | com.YourCompany.Unreal_IGB200/com.epicgames.unreal.GameActivity$_30227#0
10-01 08:57:55.229  4845  4845 D SurfaceFlinger:      DEVICE | 0x790be38700 | 0000 | RGBA_8888    |    0.0    0.0 1200.0   36.0 |    0    0 1200   36 | ScreenDecorOverlay$_5442#0
10-01 08:57:55.229  4845  4845 D SurfaceFlinger:      DEVICE | 0x790be385c0 | 0000 | RGBA_8888    |    0.0    0.0 1200.0   36.0 |    0 1964 1200 2000 | ScreenDecorOverlayBottom$_5442#0
10-01 08:57:55.229  4845  4845 D SurfaceFlinger: 
10-01 08:57:55.234  5108  5602 V WindowManager: Relayout hash=cf0eec7, pid=30227: mAttrs={(0,0)(fillxfill) sim={adjust=resize} ty=BASE_APPLICATION fmt=RGBA_8888 wanim=0x1030001 preferredDisplayMode=1
10-01 08:57:55.234  5108  5602 V WindowManager:   fl=1810500
10-01 08:57:55.234  5108  5602 V WindowManager:   pfl=12020000
10-01 08:57:55.234  5108  5602 V WindowManager:   vsysui=1706
10-01 08:57:55.234  5108  5602 V WindowManager:   bhv=SHOW_TRANSIENT_BARS_BY_SWIPE
10-01 08:57:55.234  5108  5602 V WindowManager:   fitSides= naviIconColor=0}
10-01 08:57:55.235  5108  5602 I SurfaceControl: nativeRelease nativeObject s[499145055264]
10-01 08:57:55.235  5108  5602 I SurfaceControl: nativeRelease nativeObject e[499145055264]
10-01 08:57:55.236  4845  4845 D RefreshRateConfigs: primary refresh rates: 1200_60fps 
10-01 08:57:55.236  4845  4845 D RefreshRateConfigs: app request refresh rates: 1200_60fps 
10-01 08:57:55.236  4845  4845 D SurfaceFlinger: Setting desired display config specs: defaultConfig: 0 primaryRange: [60 60] expandedRange: [60 60]
10-01 08:57:55.236  4845  4845 D Scheduler: onPrimaryDisplayConfigChanged to 0
10-01 08:57:55.240 30227 30227 I SurfaceControl: nativeRelease nativeObject s[499282438240]
10-01 08:57:55.240 30227 30227 I SurfaceControl: nativeRelease nativeObject e[499282438240]
10-01 08:57:55.242 30227 30227 I SurfaceControl: assignNativeObject: nativeObject = 0 Surface(name=null)/@0xaf522a4 / android.view.SurfaceControl.readFromParcel:1117 android.view.IWindowSession$Stub$Proxy.relayout:1820 android.view.ViewRootImpl.relayoutWindow:9130 android.view.ViewRootImpl.performTraversals:3420 android.view.ViewRootImpl.doTraversal:2669 android.view.ViewRootImpl$TraversalRunnable.run:10092 android.view.Choreographer$CallbackRecord.run:1010 android.view.Choreographer.doCallbacks:809 android.view.Choreographer.doFrame:744 android.view.Choreographer$FrameDisplayEventReceiver.run:995 
10-01 08:57:55.245 30227 30227 I SurfaceControl: nativeRelease nativeObject s[499143359808]
10-01 08:57:55.245 30227 30227 I SurfaceControl: nativeRelease nativeObject e[499143359808]
10-01 08:57:55.245 30227 30227 I SurfaceControl: nativeRelease nativeObject s[499143357216]
10-01 08:57:55.246 30227 30227 I SurfaceControl: nativeRelease nativeObject e[499143357216]
10-01 08:57:55.246 30227 30227 I SurfaceControl: nativeRelease nativeObject s[499143357120]
10-01 08:57:55.246 30227 30227 I SurfaceControl: nativeRelease nativeObject e[499143357120]
10-01 08:57:55.247 30227 30227 I ViewRootImpl@c8ba355[GameActivity]: Relayout returned: old=(0,0,1200,2000) new=(0,0,1200,2000) req=(1200,2000)0 dur=17 res=0x1 s={true 497336676352} ch=false fn=3
10-01 08:57:55.248 30227 30227 I ViewRootImpl@c8ba355[GameActivity]: updateBoundsLayer: shouldReparent = false t = android.view.SurfaceControl$Transaction@b46d172 sc = Surface(name=Bounds for - com.YourCompany.Unreal_IGB200/com.epicgames.unreal.GameActivity@0)/@0x12419c3 frame = 3
10-01 08:57:55.252 30227 30227 I ViewRootImpl@c8ba355[GameActivity]: mAttachInfo.mThreadedRenderer.draw, mView = DecorView@45aa64d[GameActivity] w = 1200 h = 2000
10-01 08:57:55.257  4751  4780 D gralloc : [mali_gralloc_allocate] begin
10-01 08:57:55.257  4751  4780 D gralloc : buffer_descriptor: wh(1200 2000) usage_pc(0x40000000000b00 0x40000000000b00) hal_format(0x1) layer_count(1) sizes(0 0 0) strde(0) byte_stride(0) alloc_wh(0 0) internal_format(0x0) alloc_format(0x0) fd_count(1) plane_count(0)
10-01 08:57:55.271  4751  4780 D gralloc : [mali_gralloc_allocate] allocation successful
10-01 08:57:55.569 30227   826 D UE      : [2024.09.30-22.57.55:569][  0]LogStreaming: Display: FlushAsyncLoading(1): 1 QueuedPackages, 0 AsyncPackages
10-01 08:57:55.572 30227   826 D UE      : [2024.09.30-22.57.55:572][  0]LogPackageLocalizationCache: Processed 42 localized package path(s) for 1 prioritized culture(s) in 0.000707 seconds
10-01 08:57:55.585 30227   826 D UE      : [2024.09.30-22.57.55:585][  0]LogDeviceProfileManager: Display: Deviceprofile LinuxArm64Editor not found.
10-01 08:57:55.586 30227   826 D UE      : [2024.09.30-22.57.55:586][  0]LogDeviceProfileManager: Display: Deviceprofile LinuxArm64 not found.
10-01 08:57:55.589 30227   826 D UE      : [2024.09.30-22.57.55:589][  0]LogDeviceProfileManager: Available device profiles:
10-01 08:57:55.589 30227   826 D UE      : [2024.09.30-22.57.55:589][  0]LogDeviceProfileManager: 	[0x735e364900][0x73772d2ae0 66] GlobalDefaults, 
10-01 08:57:55.589 30227   826 D UE      : [2024.09.30-22.57.55:589][  0]LogDeviceProfileManager: 	[0x735e364600][0x7377c66dc0 66] Windows, 
10-01 08:57:55.589 30227   826 D UE      : [2024.09.30-22.57.55:589][  0]LogDeviceProfileManager: 	[0x735e364480][0x7377c69250 66] WindowsEditor, 
10-01 08:57:55.589 30227   826 D UE      : [2024.09.30-22.57.55:589][  0]LogDeviceProfileManager: 	[0x735e364180][0x7377c64930 66] WindowsServer, 
10-01 08:57:55.589 30227   826 D UE      : [2024.09.30-22.57.55:589][  0]LogDeviceProfileManager: 	[0x735e363e80][0x7377c624a0 66] WindowsClient, 
10-01 08:57:55.589 30227   826 D UE      : [2024.09.30-22.57.55:589][  0]LogDeviceProfileManager: 	[0x735e363d00][0x7377c60010 66] IOS, 
10-01 08:57:55.589 30227   826 D UE      : [2024.09.30-22.57.55:589][  0]LogDeviceProfileManager: 	[0x735e363b80][0x735e48db70 66] iPadAir2, 
10-01 08:57:55.589 30227   826 D UE      : [2024.09.30-22.57.55:589][  0]LogDeviceProfileManager: 	[0x735e363a00][0x735e48b6e0 66] IPadPro, 
10-01 08:57:55.589 30227   826 D UE      : [2024.09.30-22.57.55:589][  0]LogDeviceProfileManager: 	[0x735e363880][0x735e489250 66] iPadAir3, 
10-01 08:57:55.589 30227   826 D UE      : [2024.09.30-22.57.55:589][  0]LogDeviceProfileManager: 	[0x735e363700][0x735e486dc0 66] iPadAir4, 
10-01 08:57:55.589 30227   826 D UE      : [2024.09.30-22.57.55:589][  0]LogDeviceProfileManager: 	[0x735e363580][0x735e484930 66] iPadAir5, 
10-01 08:57:55.589 30227   826 D UE      : [2024.09.30-22.57.55:589][  0]LogDeviceProfileManager: 	[0x735e363400][0x735e4824a0 66] iPadMini4, 
10-01 08:57:55.589 30227   826 D UE      : [2024.09.30-22.57.55:589][  0]LogDeviceProfileManager: 	[0x735e363280][0x735e480010 66] iPadMini5, 
10-01 08:57:55.589 30227   826 D UE      : [2024.09.30-22.57.55:589][  0]LogDeviceProfileManager: 	[0x735e369400][0x735e49db70 66] iPadMini6, 
10-01 08:57:55.589 30227   826 D UE      : [2024.09.30-22.57.55:589][  0]LogDeviceProfileManager: 	[0x735e369280][0x735e49b6e0 66] iPhone6S, 
10-01 08:57:55.590 30227   826 D UE      : [2024.09.30-22.57.55:590][  0]LogDeviceProfileManager: 	[0x735e369100][0x735e499250 66] iPhone7, 
10-01 08:57:55.590 30227   826 D UE      : [2024.09.30-22.57.55:590][  0]LogDeviceProfileManager: 	[0x735e364a80][0x735e496dc0 66] iPodTouch7, 
10-01 08:57:55.590 30227   826 D UE      : [2024.09.30-22.57.55:590][  0]LogDeviceProfileManager: 	[0x735e368f80][0x735e494930 66] iPhone6SPlus, 
10-01 08:57:55.590 30227   826 D UE      : [2024.09.30-22.57.55:590][  0]LogDeviceProfileManager: 	[0x735e368e00][0x735e4924a0 66] iPhone7Plus, 
10-01 08:57:55.590 30227   826 D UE      : [2024.09.30-22.57.55:590][  0]LogDeviceProfileManager: 	[0x735e368c80][0x735e490010 66] iPhoneSE, 
10-01 08:57:55.590 30227   826 D UE      : [2024.09.30-22.57.55:590][  0]LogDeviceProfileManager: 	[0x735e368b00][0x735e4adb70 66] iPhone8, 
10-01 08:57:55.590 30227   826 D UE      : [2024.09.30-22.57.55:590][  0]LogDeviceProfileManager: 	[0x735e368980][0x735e4ab6e0 66] iPhone8Plus, 
10-01 08:57:55.590 30227   826 D UE      : [2024.09.30-22.57.55:590][  0]LogDeviceProfileManager: 	[0x735e368800][0x735e4a9250 66] iPhoneX, 
10-01 08:57:55.590 30227   826 D UE      : [2024.09.30-22.57.55:590][  0]LogDeviceProfileManager: 	[0x735e364300][0x735e4a6dc0 66] iPhoneXS, 
10-01 08:57:55.590 30227   826 D UE      : [2024.09.30-22.57.55:590][  0]LogDeviceProfileManager: 	[0x735e364000][0x735e4a4930 66] iPhoneXSMax, 
10-01 08:57:55.590 30227   826 D UE      : [2024.09.30-22.57.55:590][  0]LogDeviceProfileManager: 	[0x735e368680][0x735e4a24a0 66] iPhoneXR, 
10-01 08:57:55.590 30227   826 D UE      : [2024.09.30-22.57.55:590][  0]LogDeviceProfileManager: 	[0x735e368500][0x735e4a0010 66] iPhone11, 
10-01 08:57:55.590 30227   826 D UE      : [2024.09.30-22.57.55:590][  0]LogDeviceProfileManager: 	[0x735e368380][0x735e4bdb70 66] iPhone11Pro, 
10-01 08:57:55.590 30227   826 D UE      : [2024.09.30-22.57.55:590][  0]LogDeviceProfileManager: 	[0x735e368200][0x735e4bb6e0 66] iPhone11ProMax, 
10-01 08:57:55.590 30227   826 D UE      : [2024.09.30-22.57.55:590][  0]LogDeviceProfileManager: 	[0x735e368080][0x735e4b9250 66] iPhoneSE2, 
10-01 08:57:55.590 30227   826 D UE      : [2024.09.30-22.57.55:590][  0]LogDeviceProfileManager: 	[0x735e367f00][0x735e4b6dc0 66] iPhone12Mini, 
10-01 08:57:55.590 30227   826 D UE      : [2024.09.30-22.57.55:590][  0]LogDeviceProfileManager: 	[0x735e367d80][0x735e4b4930 66] iPhone12, 
10-01 08:57:55.590 30227   826 D UE      : [2024.09.30-22.57.55:590][  0]LogDeviceProfileManager: 	[0x735e367c00][0x735e4b24a0 66] iPhone12Pro, 
10-01 08:57:55.590 30227   826 D UE      : [2024.09.30-22.57.55:590][  0]LogDeviceProfileManager: 	[0x735e367a80][0x735e4b0010 66] iPhone12ProMax, 
10-01 08:57:55.590 30227   826 D UE      : [2024.09.30-22.57.55:590][  0]LogDeviceProfileManager: 	[0x735e367900][0x735e4cdb70 66] iPhone13Mini, 
10-01 08:57:55.590 30227   826 D UE      : [2024.09.30-22.57.55:590][  0]LogDeviceProfileManager: 	[0x735e367780][0x735e4cb6e0 66] iPhone13, 
10-01 08:57:55.591 30227   826 D UE      : [2024.09.30-22.57.55:590][  0]LogDeviceProfileManager: 	[0x735e367600][0x735e4c9250 66] iPhone13Pro, 
10-01 08:57:55.591 30227   826 D UE      : [2024.09.30-22.57.55:591][  0]LogDeviceProfileManager: 	[0x735e367480][0x735e4c6dc0 66] iPhone13ProMax, 
10-01 08:57:55.591 30227   826 D UE      : [2024.09.30-22.57.55:591][  0]LogDeviceProfileManager: 	[0x735e367300][0x735e4c4930 66] iPhoneSE3, 
10-01 08:57:55.591 30227   826 D UE      : [2024.09.30-22.57.55:591][  0]LogDeviceProfileManager: 	[0x735e367180][0x735e4c24a0 66] iPhone14, 
10-01 08:57:55.591 30227   826 D UE      : [2024.09.30-22.57.55:591][  0]LogDeviceProfileManager: 	[0x735e367000][0x735e4c0010 66] iPhone14Plus, 
10-01 08:57:55.591 30227   826 D UE      : [2024.09.30-22.57.55:591][  0]LogDeviceProfileManager: 	[0x735e366e80][0x735e4ddb70 66] iPhone14Pro, 
10-01 08:57:55.591 30227   826 D UE      : [2024.09.30-22.57.55:591][  0]LogDeviceProfileManager: 	[0x735e366d00][0x735e4db6e0 66] iPhone14ProMax, 
10-01 08:57:55.591 30227   826 D UE      : [2024.09.30-22.57.55:591][  0]LogDeviceProfileManager: 	[0x735e366b80][0x735e4d9250 66] iPhone15, 
10-01 08:57:55.591 30227   826 D UE      : [2024.09.30-22.57.55:591][  0]LogDeviceProfileManager: 	[0x735e366a00][0x735e4d6dc0 66] iPhone15Plus, 
10-01 08:57:55.591 30227   826 D UE      : [2024.09.30-22.57.55:591][  0]LogDeviceProfileManager: 	[0x735e366880][0x735e4d4930 66] iPhone15Pro, 
10-01 08:57:55.591 30227   826 D UE      : [2024.09.30-22.57.55:591][  0]LogDeviceProfileManager: 	[0x735e366700][0x735e4d24a0 66] iPhone15ProMax, 
10-01 08:57:55.591 30227   826 D UE      : [2024.09.30-22.57.55:591][  0]LogDeviceProfileManager: 	[0x735e366580][0x735e4d0010 66] iPadPro105, 
10-01 08:57:55.591 30227   826 D UE      : [2024.09.30-22.57.55:591][  0]LogDeviceProfileManager: 	[0x735e366400][0x735e4edb70 66] iPadPro129, 
10-01 08:57:55.591 30227   826 D UE      : [2024.09.30-22.57.55:591][  0]LogDeviceProfileManager: 	[0x735e36c580][0x735e4eb6e0 66] iPadPro97, 
10-01 08:57:55.591 30227   826 D UE      : [2024.09.30-22.57.55:591][  0]LogDeviceProfileManager: 	[0x735e36c400][0x735e4e9250 66] iPadPro2_129, 
10-01 08:57:55.591 30227   826 D UE      : [2024.09.30-22.57.55:591][  0]LogDeviceProfileManager: 	[0x735e36c280][0x735e4e6dc0 66] iPad5, 
10-01 08:57:55.591 30227   826 D UE      : [2024.09.30-22.57.55:591][  0]LogDeviceProfileManager: 	[0x735e36c100][0x735e4e4930 66] iPad6, 
10-01 08:57:55.591 30227   826 D UE      : [2024.09.30-22.57.55:591][  0]LogDeviceProfileManager: 	[0x735e36bf80][0x735e4e24a0 66] iPad7, 
10-01 08:57:55.591 30227   826 D UE      : [2024.09.30-22.57.55:591][  0]LogDeviceProfileManager: 	[0x735e36be00][0x735e4e0010 66] iPad8, 
10-01 08:57:55.591 30227   826 D UE      : [2024.09.30-22.57.55:591][  0]LogDeviceProfileManager: 	[0x735e36bc80][0x735e4fdb70 66] iPad9, 
10-01 08:57:55.591 30227   826 D UE      : [2024.09.30-22.57.55:591][  0]LogDeviceProfileManager: 	[0x735e36bb00][0x735e4fb6e0 66] iPad10, 
10-01 08:57:55.591 30227   826 D UE      : [2024.09.30-22.57.55:591][  0]LogDeviceProfileManager: 	[0x735e36b980][0x735e4f9250 66] iPadPro11, 
10-01 08:57:55.591 30227   826 D UE      : [2024.09.30-22.57.55:591][  0]LogDeviceProfileManager: 	[0x735e36b800][0x735e4f6dc0 66] iPadPro2_11, 
10-01 08:57:55.591 30227   826 D UE      : [2024.09.30-22.57.55:591][  0]LogDeviceProfileManager: 	[0x735e36b680][0x735e4f4930 66] iPadPro3_11, 
10-01 08:57:55.591 30227   826 D UE      : [2024.09.30-22.57.55:591][  0]LogDeviceProfileManager: 	[0x735e36b500][0x735e4f24a0 66] iPadPro4_11, 
10-01 08:57:55.591 30227   826 D UE      : [2024.09.30-22.57.55:591][  0]LogDeviceProfileManager: 	[0x735e36b380][0x735e4f0010 66] iPadPro3_129, 
10-01 08:57:55.591 30227   826 D UE      : [2024.09.30-22.57.55:591][  0]LogDeviceProfileManager: 	[0x735e36b200][0x735e50db70 66] iPadPro4_129, 
10-01 08:57:55.592 30227   826 D UE      : [2024.09.30-22.57.55:592][  0]LogDeviceProfileManager: 	[0x735e36b080][0x735e50b6e0 66] iPadPro5_129, 
10-01 08:57:55.592 30227   826 D UE      : [2024.09.30-22.57.55:592][  0]LogDeviceProfileManager: 	[0x735e36af00][0x735e509250 66] iPadPro6_129, 
10-01 08:57:55.592 30227   826 D UE      : [2024.09.30-22.57.55:592][  0]LogDeviceProfileManager: 	[0x735e36ad80][0x735e506dc0 66] AppleTV, 
10-01 08:57:55.592 30227   826 D UE      : [2024.09.30-22.57.55:592][  0]LogDeviceProfileManager: 	[0x735e36ac00][0x735e504930 66] AppleTV4K, 
10-01 08:57:55.592 30227   826 D UE      : [2024.09.30-22.57.55:592][  0]LogDeviceProfileManager: 	[0x735e36aa80][0x735e5024a0 66] AppleTV2_4K, 
10-01 08:57:55.592 30227   826 D UE      : [2024.09.30-22.57.55:592][  0]LogDeviceProfileManager: 	[0x735e36a900][0x735e500010 66] TVOS, 
10-01 08:57:55.592 30227   826 D UE      : [2024.09.30-22.57.55:592][  0]LogDeviceProfileManager: 	[0x735e36a780][0x735e51db70 66] Mac, 
10-01 08:57:55.592 30227   826 D UE      : [2024.09.30-22.57.55:592][  0]LogDeviceProfileManager: 	[0x735e36a600][0x735e51b6e0 66] MacEditor, 
10-01 08:57:55.592 30227   826 D UE      : [2024.09.30-22.57.55:592][  0]LogDeviceProfileManager: 	[0x735e36a480][0x735e519250 66] MacClient, 
10-01 08:57:55.592 30227   826 D UE      : [2024.09.30-22.57.55:592][  0]LogDeviceProfileManager: 	[0x735e36a300][0x735e516dc0 66] MacServer, 
10-01 08:57:55.592 30227   826 D UE      : [2024.09.30-22.57.55:592][  0]LogDeviceProfileManager: 	[0x735e36a180][0x735e514930 66] Linux, 
10-01 08:57:55.592 30227   826 D UE      : [2024.09.30-22.57.55:592][  0]LogDeviceProfileManager: 	[0x735e36a000][0x735e5124a0 66] LinuxEditor, 
10-01 08:57:55.592 30227   826 D UE      : [2024.09.30-22.57.55:592][  0]LogDeviceProfileManager: 	[0x735e369e80][0x735e510010 66] LinuxArm64Editor, 
10-01 08:57:55.592 30227   826 D UE      : [2024.09.30-22.57.55:592][  0]LogDeviceProfileManager: 	[0x735e369d00][0x735e52db70 66] LinuxArm64, 
10-01 08:57:55.592 30227   826 D UE      : [2024.09.30-22.57.55:592][  0]LogDeviceProfileManager: 	[0x735e369b80][0x735e52b6e0 66] LinuxClient, 
10-01 08:57:55.592 30227   826 D UE      : [2024.09.30-22.57.55:592][  0]LogDeviceProfileManager: 	[0x735e369a00][0x735e529250 66] LinuxArm64Client, 
10-01 08:57:55.592 30227   826 D UE      : [2024.09.30-22.57.55:592][  0]LogDeviceProfileManager: 	[0x735e369880][0x735e526dc0 66] LinuxServer, 
10-01 08:57:55.592 30227   826 D UE      : [2024.09.30-22.57.55:592][  0]LogDeviceProfileManager: 	[0x735e369700][0x735e524930 66] LinuxArm64Server, 
10-01 08:57:55.592 30227   826 D UE      : [2024.09.30-22.57.55:592][  0]LogDeviceProfileManager: 	[0x735e369580][0x735e5224a0 66] Android, 
10-01 08:57:55.592 30227   826 D UE      : [2024.09.30-22.57.55:592][  0]LogDeviceProfileManager: 	[0x735e36f700][0x735e520010 66] Android_Preview_OpenGL, 
10-01 08:57:55.592 30227   826 D UE      : [2024.09.30-22.57.55:592][  0]LogDeviceProfileManager: 	[0x735e36f580][0x735e53db70 66] Android_Preview_Vulkan, 
10-01 08:57:55.592 30227   826 D UE      : [2024.09.30-22.57.55:592][  0]LogDeviceProfileManager: 	[0x735e36f400][0x735e53b6e0 66] Android_Low, 
10-01 08:57:55.592 30227   826 D UE      : [2024.09.30-22.57.55:592][  0]LogDeviceProfileManager: 	[0x735e36f280][0x735e539250 66] Android_Mid, 
10-01 08:57:55.592 30227   826 D UE      : [2024.09.30-22.57.55:592][  0]LogDeviceProfileManager: 	[0x735e36f100][0x735e536dc0 66] Android_High, 
10-01 08:57:55.593 30227   826 D UE      : [2024.09.30-22.57.55:593][  0]LogDeviceProfileManager: 	[0x735e36ef80][0x735e534930 66] Android_Default, 
10-01 08:57:55.593 30227   826 D UE      : [2024.09.30-22.57.55:593][  0]LogDeviceProfileManager: 	[0x735e36ee00][0x735e5324a0 66] Android_Adreno4xx, 
10-01 08:57:55.593 30227   826 D UE      : [2024.09.30-22.57.55:593][  0]LogDeviceProfileManager: 	[0x735e36ec80][0x735e530010 66] Android_Adreno5xx_Low, 
10-01 08:57:55.593 30227   826 D UE      : [2024.09.30-22.57.55:593][  0]LogDeviceProfileManager: 	[0x735e36eb00][0x735e54db70 66] Android_Adreno5xx, 
10-01 08:57:55.593 30227   826 D UE      : [2024.09.30-22.57.55:593][  0]LogDeviceProfileManager: 	[0x735e36e980][0x735e54b6e0 66] Android_Adreno6xx, 
10-01 08:57:55.593 30227   826 D UE      : [2024.09.30-22.57.55:593][  0]LogDeviceProfileManager: 	[0x735e36e800][0x735e549250 66] Android_Adreno6xx_Vulkan, 
10-01 08:57:55.593 30227   826 D UE      : [2024.09.30-22.57.55:593][  0]LogDeviceProfileManager: 	[0x735e36e680][0x735e546dc0 66] Android_Adreno7xx, 
10-01 08:57:55.593 30227   826 D UE      : [2024.09.30-22.57.55:593][  0]LogDeviceProfileManager: 	[0x735e36e500][0x735e544930 66] Android_Adreno7xx_Vulkan, 
10-01 08:57:55.593 30227   826 D UE      : [2024.09.30-22.57.55:593][  0]LogDeviceProfileManager: 	[0x735e36e380][0x735e5424a0 66] Android_Mali_T6xx, 
10-01 08:57:55.593 30227   826 D UE      : [2024.09.30-22.57.55:593][  0]LogDeviceProfileManager: 	[0x735e36e200][0x735e540010 66] Android_Mali_T7xx, 
10-01 08:57:55.593 30227   826 D UE      : [2024.09.30-22.57.55:593][  0]LogDeviceProfileManager: 	[0x735e36e080][0x735e55db70 66] Android_Mali_T8xx, 
10-01 08:57:55.593 30227   826 D UE      : [2024.09.30-22.57.55:593][  0]LogDeviceProfileManager: 	[0x735e36df00][0x735e55b6e0 66] Android_Mali_G71, 
10-01 08:57:55.593 30227   826 D UE      : [2024.09.30-22.57.55:593][  0]LogDeviceProfileManager: 	[0x735e36dd80][0x735e559250 66] Android_Mali_G72, 
10-01 08:57:55.593 30227   826 D UE      : [2024.09.30-22.57.55:593][  0]LogDeviceProfileManager: 	[0x735e36dc00][0x735e556dc0 66] Android_Mali_G72_Vulkan, 
10-01 08:57:55.593 30227   826 D UE      : [2024.09.30-22.57.55:593][  0]LogDeviceProfileManager: 	[0x735e36da80][0x735e554930 66] Android_Mali_G76, 
10-01 08:57:55.593 30227   826 D UE      : [2024.09.30-22.57.55:593][  0]LogDeviceProfileManager: 	[0x735e36d900][0x735e5524a0 66] Android_Mali_G76_Vulkan, 
10-01 08:57:55.593 30227   826 D UE      : [2024.09.30-22.57.55:593][  0]LogDeviceProfileManager: 	[0x735e36d780][0x735e550010 66] Android_Mali_G77, 
10-01 08:57:55.593 30227   826 D UE      : [2024.09.30-22.57.55:593][  0]LogDeviceProfileManager: 	[0x735e36d600][0x735e56db70 66] Android_Mali_G77_Vulkan, 
10-01 08:57:55.593 30227   826 D UE      : [2024.09.30-22.57.55:593][  0]LogDeviceProfileManager: 	[0x735e36d480][0x735e56b6e0 66] Android_Mali_G78, 
10-01 08:57:55.593 30227   826 D UE      : [2024.09.30-22.57.55:593][  0]LogDeviceProfileManager: 	[0x735e36d300][0x735e569250 66] Android_Mali_G78_Vulkan, 
10-01 08:57:55.593 30227   826 D UE      : [2024.09.30-22.57.55:593][  0]LogDeviceProfileManager: 	[0x735e36d180][0x735e566dc0 66] Android_Mali_G710, 
10-01 08:57:55.594 30227   826 D UE      : [2024.09.30-22.57.55:594][  0]LogDeviceProfileManager: 	[0x735e36d000][0x735e564930 66] Android_Mali_G710_Vulkan, 
10-01 08:57:55.594 30227   826 D UE      : [2024.09.30-22.57.55:594][  0]LogDeviceProfileManager: 	[0x735e36ce80][0x735e5624a0 66] Android_Mali_G7xx, 
10-01 08:57:55.594 30227   826 D UE      : [2024.09.30-22.57.55:594][  0]LogDeviceProfileManager: 	[0x735e36cd00][0x735e560010 66] Android_Mali_G7xx_Vulkan, 
10-01 08:57:55.594 30227   826 D UE      : [2024.09.30-22.57.55:594][  0]LogDeviceProfileManager: 	[0x735e36cb80][0x735e57db70 66] Android_Xclipse_920, 
10-01 08:57:55.594 30227   826 D UE      : [2024.09.30-22.57.55:594][  0]LogDeviceProfileManager: 	[0x735e36ca00][0x735e57b6e0 66] Android_Xclipse_920_Vulkan, 
10-01 08:57:55.594 30227   826 D UE      : [2024.09.30-22.57.55:594][  0]LogDeviceProfileManager: 	[0x735e36c880][0x735e579250 66] Android_Vulkan_SM5, 
10-01 08:57:55.594 30227   826 D UE      : [2024.09.30-22.57.55:594][  0]LogDeviceProfileManager: 	[0x735e36c700][0x735e576dc0 66] Android_PowerVR_G6xxx, 
10-01 08:57:55.594 30227   826 D UE      : [2024.09.30-22.57.55:594][  0]LogDeviceProfileManager: 	[0x735e36fe80][0x735e574930 66] Android_PowerVR_GT7xxx, 
10-01 08:57:55.594 30227   826 D UE      : [2024.09.30-22.57.55:594][  0]LogDeviceProfileManager: 	[0x735e36fd00][0x735e5724a0 66] Android_PowerVR_GE8xxx, 
10-01 08:57:55.594 30227   826 D UE      : [2024.09.30-22.57.55:594][  0]LogDeviceProfileManager: 	[0x735e36fb80][0x735e570010 66] Android_PowerVR_GM9xxx, 
10-01 08:57:55.594 30227   826 D UE      : [2024.09.30-22.57.55:594][  0]LogDeviceProfileManager: 	[0x735e36fa00][0x735e58db70 66] Android_PowerVR_GM9xxx_Vulkan, 
10-01 08:57:55.594 30227   826 D UE      : [2024.09.30-22.57.55:594][  0]LogDeviceProfileManager: 	[0x735e36f880][0x735e58b6e0 66] Android_TegraK1, 
10-01 08:57:55.594 30227   826 D UE      : [2024.09.30-22.57.55:594][  0]LogDeviceProfileManager: 	[0x735e593100][0x735e589250 66] Android_Unknown_Vulkan, 
10-01 08:57:55.594 30227   826 D UE      : [2024.09.30-22.57.55:594][  0]LogDeviceProfileManager: 	[0x735e592f80][0x735e586dc0 66] Oculus_Quest, 
10-01 08:57:55.594 30227   826 D UE      : [2024.09.30-22.57.55:594][  0]LogDeviceProfileManager: 	[0x735e592e00][0x735e584930 66] Oculus_Quest2, 
10-01 08:57:55.594 30227   826 D UE      : [2024.09.30-22.57.55:594][  0]LogDeviceProfileManager: 	[0x735e592c80][0x735e5824a0 66] Meta_Quest_Pro, 
10-01 08:57:55.594 30227   826 D UE      : [2024.09.30-22.57.55:594][  0]LogDeviceProfileManager: 	[0x735e592b00][0x735e580010 66] Meta_Quest_3, 
10-01 08:57:55.594 30227   826 D UE      : [2024.09.30-22.57.55:594][  0]LogDeviceProfileManager: 	[0x735e592980][0x735e5adb70 66] HoloLens, 
10-01 08:57:55.594 30227   826 D UE      : [2024.09.30-22.57.55:594][  0]LogDeviceProfileManager: 	[0x735e592800][0x735e5ab6e0 66] MagicLeap_Vulkan, 
10-01 08:57:55.594 30227   826 D UE      : [2024.09.30-22.57.55:594][  0]LogDeviceProfileManager: Active device profile: [0x735e36dc00][0x735e556dc0 66] Android_Mali_G72_Vulkan
10-01 08:57:55.595 30227   826 D UE      : [2024.09.30-22.57.55:595][  0]LogCsvProfiler: Display: Metadata set : deviceprofile="Android_Mali_G72_Vulkan"
10-01 08:57:55.595  5420  5580 D BtGatt.GattService: onScanResult to scannerId: 8- eventType=0x1b, addressType=1, address=9C:C, primaryPhy=1, secondaryPhy=0, advertisingSid=0xff, txPower=127, rssi=-72, periodicAdvInt=0x0
10-01 08:57:55.637 30227   826 D UE      : [2024.09.30-22.57.55:636][  0]LogSlate: InvalidateAllWidgets triggered.  All widgets were invalidated
10-01 08:57:55.685  4424  4424 D io_stats: !@   8,0 r 392151 12944524 w 63171 2660588 d 30498 2641068 f 22238 28344 iot 127428 109973 th 102400 0 0 pt 0 inp 0 0 1082.712
10-01 08:57:55.707 30227   826 D UE      : [2024.09.30-22.57.55:706][  0]LogTextureEncodingSettings: Display: Texture Encode Speed: Final (cook).
10-01 08:57:55.707 30227   826 D UE      : [2024.09.30-22.57.55:707][  0]LogTextureEncodingSettings: Display: Oodle Texture Encode Speed settings: Fast: RDO Off Lambda=0, Effort=Normal Final: RDO Off Lambda=0, Effort=Normal
10-01 08:57:55.707 30227   826 D UE      : [2024.09.30-22.57.55:707][  0]LogTextureEncodingSettings: Display: Shared linear texture encoding: Disabled
10-01 08:57:55.745  5108  7541 D SensorService: Calling batch handle==1 flags=0 rate=20000000 timeout== 0
10-01 08:57:55.748  4761  4761 I SensorsHub: batch: handle=1 period=20000000 timeout=0
10-01 08:57:55.749  4761  4761 I SensorsHub: activate: handle 1 enable 1
10-01 08:57:55.750  4761  4761 I SensorsHub: type : 1, enable : 1
10-01 08:57:55.751 30227   826 D SensorManager: registerListener :: 1, ICM42605M Accelerometer, 20000, 0, com.epicgames.unreal.GameActivity@5a1ede3
10-01 08:57:55.751  5108  7541 D SensorService: Calling batch handle==4 flags=0 rate=20000000 timeout== 0
10-01 08:57:55.751  4761  4761 I SensorsHub: batch: handle=4 period=20000000 timeout=0
10-01 08:57:55.752  4761  4761 I SensorsHub: activate: handle 4 enable 1
10-01 08:57:55.753  4761  4761 I SensorsHub: type : 4, enable : 1
10-01 08:57:55.753 30227   826 D SensorManager: registerListener :: 4, ICM42605M Gyroscope, 20000, 0, com.epicgames.unreal.GameActivity@5a1ede3
10-01 08:57:56.074 30227   826 D UE      : [2024.09.30-22.57.56:074][  0]LogAudioCaptureCore: Display: No Audio Capture implementations found. Audio input will be silent.
10-01 08:57:56.075 30227   826 D UE      : [2024.09.30-22.57.56:075][  0]LogAudioCaptureCore: Display: No Audio Capture implementations found. Audio input will be silent.
10-01 08:57:56.117 30227   826 V MediaPlayer-JNI: native_setup
10-01 08:57:56.120 30227   826 V MediaPlayerNative: constructor
10-01 08:57:56.126  4825  5083 D NativeSemDvfsManager: acquire:: timeout = -999 mIsAcquired = 0  mTagName : AudioFlinger 
10-01 08:57:56.127 30227   826 V MediaPlayerNative: setListener
10-01 08:57:56.128  4825  5083 E NativeCustomFrequencyManager: [NativeCFMS] BpCustomFrequencyManager::acquire()
10-01 08:57:56.129  4765  4805 I HYPER-HAL: [RequestManager.cpp]acquire(): Acquired ID : 16969225  [4825 / 1000]    HINT :      list : [CPUMinFreq / 149500] 
10-01 08:57:56.127  5108  7541 I system_server: oneway function results will be dropped but finished with status OK and parcel size 4
10-01 08:57:56.130  4765  4805 I HYPER-HAL: [ResourceManager.cpp]updateResource(): [CPUMinFreq] UpdateResource Request ID : 16969225    Value : 149500
10-01 08:57:56.130  5108  7602 I system_server: oneway function results will be dropped but finished with status OK and parcel size 4
10-01 08:57:56.131  5108  5344 D PkgPredictorService-NapPreloadController: [ML] Sent pkg = com.YourCompany.Unreal_IGB200 uid: 0 type: ml
10-01 08:57:56.132  5108  7602 I system_server: oneway function results will be dropped but finished with status OK and parcel size 4
10-01 08:57:56.133  5108  7602 I system_server: oneway function results will be dropped but finished with status OK and parcel size 4
10-01 08:57:56.135  5108  5807 I ActivityManager: [ML][SD] app:com.YourCompany.Unreal_IGB200 is exist findPkgforMl:false  isOnMemory:true
10-01 08:57:56.137 30227   826 D UE      : [2024.09.30-22.57.56:137][  0]LogMoviePlayer: Initializing movie player
10-01 08:57:56.141 30227   826 D UE      : [2024.09.30-22.57.56:141][  0]LogTcpMessaging: Initializing TcpMessaging bridge, listening on 127.0.0.1:6666
10-01 08:57:56.147 30227   826 D UE      : [2024.09.30-22.57.56:147][  0]LogUdpMessaging: Initializing bridge on interface 0.0.0.0:0 to multicast group 230.0.0.1:6666.
10-01 08:57:56.148 30227   826 D UE      : [2024.09.30-22.57.56:148][  0]LogSockets: (BSD_Android) Address 192.168.1.14:0 Wifi (1)
10-01 08:57:56.148 30227   826 D UE      : [2024.09.30-22.57.56:148][  0]LogSockets: Warning: Failed to acquire WifiManager.MulticastLock. Is multicast/broadcast support for Android enabled in AndroidRuntimeSettings?
10-01 08:57:56.148 30227   826 D UE      : [2024.09.30-22.57.56:148][  0]LogUdpMessaging: Display: Added local interface '192.168.1.14' to multicast group '230.0.0.1:6666'
10-01 08:57:56.158  4726  4837 E Netd    : getNetworkForDns: getNetId from enterpriseCtrl is netid 0
10-01 08:57:56.295 30227   826 D UE      : [2024.09.30-22.57.56:295][  0]LogAudio: Display: Registering Engine Module Parameter Interfaces...
10-01 08:57:56.300 30227   826 D UE      : [2024.09.30-22.57.56:300][  0]LogMetasoundEngine: MetaSound Engine Initialized
10-01 08:57:56.313 30227   826 D UE      : [2024.09.30-22.57.56:313][  0]LogNiagaraDebuggerClient: Niagara Debugger Client Initialized | Session: FB79B36D4590542780968A869241EBE0 | Instance: 6F79A3659DE14B15ABC81DA25542CECB (SM-P610-30227).
10-01 08:57:56.318 30227   826 D UE      : [2024.09.30-22.57.56:318][  0]LogAndroidPermission: UAndroidPermissionCallbackProxy::GetInstance
10-01 08:57:56.319 30227   826 D UE      : [2024.09.30-22.57.56:319][  0]LogSlateStyle: Warning: Missing Resource from 'CoreStyle' Style: 'Unable to find Brush 'Sequencer.Timeline.VanillaScrubHandleDown'.'
10-01 08:57:56.319 30227   826 D UE      : [2024.09.30-22.57.56:319][  0]LogGooglePAD: Display: GooglePAD disabled.
10-01 08:57:56.346 30227   826 D UE      : [2024.09.30-22.57.56:346][  0]LogUObjectArray: 22820 objects as part of root set at end of initial load.
10-01 08:57:56.347 30227   826 D UE      : [2024.09.30-22.57.56:347][  0]LogUObjectArray: 6 objects are not in the root set, but can never be destroyed because they are in the DisregardForGC set.
10-01 08:57:56.347 30227   826 D UE      : [2024.09.30-22.57.56:347][  0]LogUObjectAllocator: 4794208 out of 0 bytes used by permanent object pool.
10-01 08:57:56.347 30227   826 D UE      : [2024.09.30-22.57.56:347][  0]LogUObjectArray: CloseDisregardForGC: 22820/22820 objects in disregard for GC pool
10-01 08:57:56.359 30227   826 D UE      : [2024.09.30-22.57.56:359][  0]LogAndroid: Display: Passed PreInit()
10-01 08:57:56.360 30227   826 D UE      : [2024.09.30-22.57.56:360][  0]LogEngine: Initializing Engine...
10-01 08:57:56.364 30227   826 D UE      : [2024.09.30-22.57.56:364][  0]LogStats: UGameplayTagsManager::InitializeManager -  0.001 s
10-01 08:57:56.417  5420  5580 D BtGatt.GattService: onScanResult to scannerId: 8- eventType=0x1b, addressType=1, address=9C:C, primaryPhy=1, secondaryPhy=0, advertisingSid=0xff, txPower=127, rssi=-74, periodicAdvInt=0x0
10-01 08:57:56.447  5420  5580 D BtGatt.GattService: onScanResult to scannerId: 8- eventType=0x1b, addressType=1, address=57:4, primaryPhy=1, secondaryPhy=0, advertisingSid=0xff, txPower=127, rssi=-81, periodicAdvInt=0x0
10-01 08:57:56.500  4845  4845 I SurfaceFlinger: SFWD update time=1083530226148
10-01 08:57:56.501 30227   826 D UE      : [2024.09.30-22.57.56:501][  0]LogInit: Initializing FReadOnlyCVARCache
10-01 08:57:56.501 30227   826 D UE      : [2024.09.30-22.57.56:501][  0]LogNetVersion: Set ProjectVersion to 1.0.0.0. Version Checksum will be recalculated on next use.
10-01 08:57:56.501 30227   826 D UE      : [2024.09.30-22.57.56:501][  0]LogInit: Texture streaming: Enabled
10-01 08:57:56.502 30227   826 D UE      : [2024.09.30-22.57.56:502][  0]LogAudio: Display: Initializing Audio Device Manager...
10-01 08:57:56.502 30227   826 D UE      : [2024.09.30-22.57.56:502][  0]LogAudio: Display: Loading Default Audio Settings Objects...
10-01 08:57:56.507 30227   826 D UE      : [2024.09.30-22.57.56:507][  0]LogAudio: Display: No default SoundConcurrencyObject specified (or failed to load).
10-01 08:57:56.507 30227   826 D UE      : [2024.09.30-22.57.56:507][  0]LogAudio: Display: AudioInfo: 'BINKA' Registered
10-01 08:57:56.507 30227   826 D UE      : [2024.09.30-22.57.56:507][  0]LogAudio: Display: AudioInfo: 'PCM' Registered
10-01 08:57:56.507 30227   826 D UE      : [2024.09.30-22.57.56:507][  0]LogAudio: Display: AudioInfo: 'ADPCM' Registered
10-01 08:57:56.507 30227   826 D UE      : [2024.09.30-22.57.56:507][  0]LogAudio: Display: AudioInfo: 'OGG' Registered
10-01 08:57:56.507 30227   826 D UE      : [2024.09.30-22.57.56:507][  0]LogAudio: Display: AudioInfo: 'OPUS' Registered
10-01 08:57:56.508 30227   826 D UE      : [2024.09.30-22.57.56:508][  0]LogAudio: Display: Audio Device Manager Initialized
10-01 08:57:56.508 30227   826 D UE      : [2024.09.30-22.57.56:508][  0]LogAudio: Display: Creating Audio Device:                 Id: 1, Scope: Shared, Realtime: True
10-01 08:57:56.511 30227   826 D UE      : [GameActivity] [JAVA] audiomanager.framesPerBuffer = 192
10-01 08:57:56.511 30227   826 D UE      : [2024.09.30-22.57.56:511][  0]LogAudioMixer: Display: Audio Mixer Platform Settings:
10-01 08:57:56.511 30227   826 D UE      : [2024.09.30-22.57.56:511][  0]LogAudioMixer: Display: 	Sample Rate:						  48000
10-01 08:57:56.511 30227   826 D UE      : [2024.09.30-22.57.56:511][  0]LogAudioMixer: Display: 	Callback Buffer Frame Size Requested: 1152
10-01 08:57:56.511 30227   826 D UE      : [2024.09.30-22.57.56:511][  0]LogAudioMixer: Display: 	Callback Buffer Frame Size To Use:	  1152
10-01 08:57:56.511 30227   826 D UE      : [2024.09.30-22.57.56:511][  0]LogAudioMixer: Display: 	Number of buffers to queue:			  2
10-01 08:57:56.511 30227   826 D UE      : [2024.09.30-22.57.56:511][  0]LogAudioMixer: Display: 	Max Channels (voices):				  32
10-01 08:57:56.511 30227   826 D UE      : [2024.09.30-22.57.56:511][  0]LogAudioMixer: Display: 	Number of Async Source Workers:		  0
10-01 08:57:56.511 30227   826 D UE      : [2024.09.30-22.57.56:511][  0]LogAudio: Display: AudioDevice MaxSources: 32
10-01 08:57:56.512 30227   826 D UE      : [2024.09.30-22.57.56:512][  0]LogAudio: Display: Audio Spatialization Plugin: None (built-in).
10-01 08:57:56.512 30227   826 D UE      : [2024.09.30-22.57.56:512][  0]LogAudio: Display: Audio Reverb Plugin: None (built-in).
10-01 08:57:56.512 30227   826 D UE      : [2024.09.30-22.57.56:512][  0]LogAudio: Display: Audio Occlusion Plugin: None (built-in).
10-01 08:57:56.515 30227   826 D UE      : [2024.09.30-22.57.56:515][  0]LogAudioMixer: Display: Initializing audio mixer using platform API: 'OpenSLES'
10-01 08:57:56.516 30227   826 D UE      : [GameActivity] [JAVA] audiomanager.optimalSampleRate = 48000
10-01 08:57:56.517 30227   826 D UE      : [GameActivity] [JAVA] audiomanager.framesPerBuffer = 192
10-01 08:57:56.517 30227   826 D y.Unreal_IGB20: PlayerBase::PlayerBase()
10-01 08:57:56.517 30227   826 D y.Unreal_IGB20: TrackPlayerBase::TrackPlayerBase()
10-01 08:57:56.517 30227   826 I libOpenSLES: Emulating old channel mask behavior (ignoring positional mask 0x3, using default mask 0x3 based on channel count of 2)
10-01 08:57:56.530  4825  4978 V APM_AudioPolicyManager: getOutputForAttrInt() attributes={ Content type: AUDIO_CONTENT_TYPE_UNKNOWN Usage: AUDIO_USAGE_MEDIA Source: AUDIO_SOURCE_DEFAULT Flags: 0x400 Tags:  } stream=AUDIO_STREAM_MUSIC session 273 selectedDeviceId 0
10-01 08:57:56.532  4825  4978 D APM::MultiSoundManager: getDevice, uid = 10299, device = 0
10-01 08:57:56.533  4825  4978 D APM_AudioPolicyManager: selectOutputFlags remove raw flag for SPEAKER
10-01 08:57:56.533  4825  4978 I APM_AudioPolicyManager: selectOutputFlags: remove ULL flag for dolby
10-01 08:57:56.533  4825  4978 V APM_AudioPolicyManager: getOutputForAttrInt() device {type:0x2,@:}, sampling rate 48000, format 0x1, channel mask 0x3, flags 0x4 stream AUDIO_STREAM_MUSIC
10-01 08:57:56.533  4825  4978 V APM_AudioPolicyManager: selectOutput new bestOutput 13 criteria 0 0 0 0 0 0 4 2 
10-01 08:57:56.533  4825  4978 V APM_AudioPolicyManager: selectOutput new bestOutput 21 criteria 0 0 0 0 0 1 4 0 
10-01 08:57:56.533  4825  4978 V APM_AudioPolicyManager: getOutputForAttrInt returns output 21 selectedDeviceId 2
10-01 08:57:56.534  4825  4978 V APM_AudioPolicyManager: getOutputForAttr() returns output 21 requestedPortId 0 selectedDeviceId 2 for port ID 27
10-01 08:57:56.536  4825  4978 I AudioFlinger: nonSecFlag 104, secFlag 0, outputFlags 4
10-01 08:57:56.536  4825  4978 W AudioFlinger: createTrack_l(): mismatch between requested flags (00000104) and output flags (00000004)
10-01 08:57:56.536  4825  4978 D AudioFlinger: Client defaulted notificationFrames to 192 for frameCount 384
10-01 08:57:56.543  4825  4978 I AF::Track: setMixerOutConfig return default condition, mixer key 2002, thread key 2002
10-01 08:57:56.546 30227   826 I AudioTrack: createTrack_l(0): AUDIO_OUTPUT_FLAG_FAST successful; frameCount 0 -> 384
10-01 08:57:56.546  5108  5602 I system_server: oneway function results will be dropped but finished with status OK and parcel size 8
10-01 08:57:56.549 30227   826 D UE      : [2024.09.30-22.57.56:549][  0]LogAudioMixer: Display: Using Audio Hardware Device Android Audio Device
10-01 08:57:56.551 30227   826 D UE      : [2024.09.30-22.57.56:551][  0]LogAudioMixer: Display: Initializing Sound Submixes...
10-01 08:57:56.567 30227   826 D UE      : [2024.09.30-22.57.56:567][  0]LogAudioMixer: Display: Creating Master Submix 'MasterSubmixDefault'
10-01 08:57:56.568 30227   826 D UE      : [2024.09.30-22.57.56:568][  0]LogAudioMixer: Display: Creating Master Submix 'MasterReverbSubmixDefault'
10-01 08:57:56.575 30227   826 D UE      : [2024.09.30-22.57.56:575][  0]LogAudioMixer: Display: Output buffers initialized: Frames=1152, Channels=2, Samples=2304, InstanceID=1
10-01 08:57:56.576  4825  4978 I AF::Track: setMixerOutConfig return default condition, mixer key 2002, thread key 2002
10-01 08:57:56.576 30227   918 D UE      : [2024.09.30-22.57.56:576][  0]LogAudioMixer: Display: Starting AudioMixerPlatformInterface::RunInternal(), InstanceID=1
10-01 08:57:56.577  4825  4978 I HiddenSound: registerSession : session=273, pid=30227, uid=10299, ref=1
10-01 08:57:56.577  4825  4978 I AudioPolicyEffectException: MySpaceHandler::checkDetachCondition media 1, ring 0, mp 0
10-01 08:57:56.577  4825  4978 I AudioPolicyEffectException: MySpace detach not mediaplayer
10-01 08:57:56.577  4825  4978 I AudioPolicyEffectException: MySpace detach value 1
10-01 08:57:56.578  4825  4978 V APM_AudioPolicyManager: startOutput portId 27
10-01 08:57:56.578  4825  4978 V APM_AudioPolicyManager: startOutput() output 21, stream 3, session 273
10-01 08:57:56.578  4825  4978 V APM_AudioPolicyManager: setBeaconMute(1) mBeaconMuteRefCount=1 mBeaconPlayingRefCount=0
10-01 08:57:56.578  5108  5108 D AudioPlayerStateMonitor: Found a new active media playback. AudioPlaybackConfiguration piid:191 type:OpenSL ES AudioPlayer (Buffer Queue) u/pid:10299/30227 state:started attr:AudioAttributes: usage=USAGE_MEDIA content=CONTENT_TYPE_UNKNOWN flags=0x0 tags= bundle=null
10-01 08:57:56.578  4825  4978 D APM::MultiSoundManager: getDevice, uid = 10299, device = 0
10-01 08:57:56.578  4825  4978 V APM_AudioPolicyManager: selectOutputForMusicEffects activeOnly 1 output 21 flags 0x00000004
10-01 08:57:56.578  4825  4978 V APM_AudioPolicyManager: selectOutputForMusicEffects selected output 13
10-01 08:57:56.579  5108  5108 D MediaSessionService: Audio playback is changed, config=AudioPlaybackConfiguration piid:191 type:OpenSL ES AudioPlayer (Buffer Queue) u/pid:10299/30227 state:started attr:AudioAttributes: usage=USAGE_MEDIA content=CONTENT_TYPE_UNKNOWN flags=0x0 tags= bundle=null, removed=false
10-01 08:57:56.579  4825  4978 V APM_AudioPolicyManager: getNewOutputDevices selected devices {type:0x2,@:}
10-01 08:57:56.579  4825  4978 V APM_AudioPolicyManager: setOutputDevices device {type:0x2,@:} delayMs 0
10-01 08:57:56.579  4825  4978 V APM_AudioPolicyManager: setOutputDevices() prevDevice {type:0x2,@:}
10-01 08:57:56.579  4825  4978 V APM_AudioPolicyManager: setOutputDevices: suppressing checkDeviceMuteStrategies
10-01 08:57:56.579  4825  4978 V APM_AudioPolicyManager: setOutputDevices setting same device {type:0x2,@:} or null device, force=0, patch handle=18
10-01 08:57:56.580  4825  4978 V APM_AudioPolicyManager: computeVolume: stream 3, index 10, volume 0.158489, deviceTypes 0x2
10-01 08:57:56.580  4825  4978 V APM_AudioPolicyManager: computeVolume: stream 3, index 11, volume 0.223872, deviceTypes 0x2
10-01 08:57:56.581  4825  4978 W APM::AudioPolicyEngine: getDevicesForStrategy() unknown strategy: -1
10-01 08:57:56.581  4825  4978 W APM::AudioPolicyEngine: getDevicesForStrategy() unknown strategy: -1
10-01 08:57:56.583 30227   826 D UE      : [2024.09.30-22.57.56:583][  0]LogInit: FAudioDevice initialized with ID 1.
10-01 08:57:56.585 30227   826 D UE      : [2024.09.30-22.57.56:585][  0]LogAudioMixer: Initializing Audio Bus Subsystem for audio device with ID 1
10-01 08:57:56.585 30227   826 D UE      : [2024.09.30-22.57.56:585][  0]LogCsvProfiler: Display: Metadata set : largeworldcoordinates="1"
10-01 08:57:56.588  5108  5602 I system_server: oneway function results will be dropped but finished with status OK and parcel size 4
10-01 08:57:56.592  4743  4771 D audio_hw_primary: fast_out-out_update_source_metadata: called, but not implemented yet
10-01 08:57:56.592  4743  4771 D audio_hw_primary: fast_out-out_update_source_metadata: This stream has 1 tracks
10-01 08:57:56.592  4743  4771 D audio_hw_primary: 1 Track has Usage(1), Content Type(0), Gain(0.158489)
10-01 08:57:56.593  4743  7247 I audio_hw_primary: fast_out-out_write: transited to Ready
10-01 08:57:56.593  4743  7247 D audio_hw_primary: fast_out-get_mode_from_active_outputs: return default in case of spk (2)
10-01 08:57:56.593  4743  7247 D audio_hw_primary: fast_out-check_and_set_backend_mixer: no need to update backend 0 -> 0, out->backend_mode:0 
10-01 08:57:56.593  4743  7247 I audio_hw_primary: fast_out-out_write: try to route for playback
10-01 08:57:56.594  4743  7247 I audio_hw_proxy_9610: proxy-proxy_set_route: disable fm radio path
10-01 08:57:56.594  5108  5108 D MediaSessionStack: updateMediaButtonSessionIfNeeded, callers=com.android.server.media.MediaSessionService.lambda$onStart$0$MediaSessionService:214 com.android.server.media.-$$Lambda$MediaSessionService$za_9dlUSlnaiZw6eCdPVEZq0XLw.onAudioPlayerActiveStateChanged:2 
10-01 08:57:56.595  5108  5108 D MediaSessionStack: updateMediaButtonSessionIfNeeded, skipping uid=10299
10-01 08:57:56.595  5108  5108 D MediaSessionStack: updateMediaButtonSessionIfNeeded, skipping uid=10296
10-01 08:57:56.595  5108  5108 D MediaSessionStack: updateMediaButtonSessionIfNeeded, skipping uid=10057
10-01 08:57:56.596  4743  7247 I audio_hw_proxy_9610: proxy-proxy_set_mixercontrol: set Mixer Control(ABOX Tickle) to 1
10-01 08:57:56.597  4743  7247 D audio_route: Apply path: media-speaker
10-01 08:57:56.597  5108  5297 D AS.SoundAliveHelper: notify dvfs state : 2, screen : true
10-01 08:57:56.597  4743  7247 I audio_route: > audio_route_update_path : "media-speaker" reverse(0)
10-01 08:57:56.599 30227   826 D UE      : [2024.09.30-22.57.56:599][  0]LogWorldSubsystemInput: UEnhancedInputDeveloperSettings::bEnableWorldSubsystem is false, the world subsystem will not be created!
10-01 08:57:56.602 30227   826 D UE      : [2024.09.30-22.57.56:601][  0]LogChaos: FPhysicsSolverBase::AsyncDt:-1.000000
10-01 08:57:56.602  5108  5297 D StorageManagerService: getExternalStorageMountMode: uid=10089 packageName=com.sec.android.app.soundalive
10-01 08:57:56.603  4743  7247 I audio_hw_proxy_9610: proxy-set_route: routed to media-speaker
10-01 08:57:56.603  4743  7247 D audio_route: Apply path: gain-media-speaker
10-01 08:57:56.604  4743  7247 I audio_route: > audio_route_update_path : "gain-media-speaker" reverse(0)
10-01 08:57:56.604  4743  7247 I audio_hw_proxy_9610: proxy-set_route: set gain as gain-media-speaker
10-01 08:57:56.604  5108  5297 D CompatibilityChangeReporter: Compat change id reported: 135634846; UID 10089; state: DISABLED
10-01 08:57:56.606  5108  5297 W ActivityManager: wait for provider publish: waiters=0 callerApp=null cpr=ContentProviderRecord{87eeb84 u0 com.sec.android.app.soundalive/.compatibility.SAContentProvider}
10-01 08:57:56.607  5108  5149 D CompatibilityChangeReporter: Compat change id reported: 143937733; UID 10089; state: ENABLED
10-01 08:57:56.610  4743  7247 I audio_hw_proxy_9610: proxy-enable_spkamp_playback: SPKAMP Playback PCM Device(/dev/snd/pcmC0D7p) with SR(48000) PF(0) CC(2) is opened
10-01 08:57:56.617  4743  7247 I audio_hw_proxy_9610: proxy-enable_spkamp_playback: SPKAMP Playback PCM Device(/dev/snd/pcmC0D7p) with SR(48000) PF(0) CC(2) is started
10-01 08:57:56.617  4743  7247 I audio_hw_proxy_9610: proxy-enable_erap_in: ERAP In PCM Device(/dev/snd/pcmC0D11c) with SR(48000) PF(0) CC(2) is opened
10-01 08:57:56.619  4743  7247 I audio_hw_proxy_9610: proxy-enable_erap_in: ERAP In PCM Device(/dev/snd/pcmC0D11c) with SR(48000) PF(0) CC(2) is started
10-01 08:57:56.620 30227   826 D UE      : [2024.09.30-22.57.56:620][  0]LogAudio: Display: Audio Device (ID: 1) registered with world 'Untitled'.
10-01 08:57:56.623  4743  7247 I audio_hw_proxy_9610: proxy-enable_spkamp_reference: SPKAMP Reference PCM Device(/dev/snd/pcmC0D12c) with SR(48000) PF(0) CC(2) is opened
10-01 08:57:56.624 30227   826 D UE      : [2024.09.30-22.57.56:624][  0]LogSlate: Updating window title bar state: overlay mode, drag disabled, window buttons hidden, title bar hidden
10-01 08:57:56.624  4743  7247 I audio_hw_proxy_9610: proxy-enable_spkamp_reference: SPKAMP Reference PCM Device(/dev/snd/pcmC0D12c) with SR(48000) PF(0) CC(2) is started
10-01 08:57:56.624  4743  7247 I audio_hw_primary: fast_out-adev_set_route-1: routes to device(speaker) for usage(media)
10-01 08:57:56.625  4743  7247 I audio_hw_proxy_9610: fast_out-proxy_open_playback_stream: The opened PCM Device is /dev/snd/pcmC0D2p with Sampling_Rate(48000) PCM_Format(0)
10-01 08:57:56.625  4743  7247 I audio_hw_primary: fast_out-out_write: transited to Idle
10-01 08:57:56.625 30227   826 D UE      : [2024.09.30-22.57.56:625][  0]LogInit: Display: Game Engine Initialized.
10-01 08:57:56.629  4727  4727 D Zygote  : Forked child process 920
10-01 08:57:56.634  5108  5149 I ActivityManager: Start proc 920:com.sec.android.app.soundalive/u0a89 for content provider {com.sec.android.app.soundalive/com.sec.android.app.soundalive.compatibility.SAContentProvider}
10-01 08:57:56.637 30227   826 D UE      : [2024.09.30-22.57.56:637][  0]LogInit: Display: Starting Game.
10-01 08:57:56.637 30227   826 D UE      : [2024.09.30-22.57.56:637][  0]LogNet: Browse: /Game/Levels/Playtest2Levels/LVL_1_1?Name=Player
