10-01 08:57:53.245  8254  8254 I SurfaceControl: assignNativeObject: nativeObject = 0 Surface(name=null)/@0x9bf2d15 / android.view.SurfaceControl.readFromParcel:1117 android.view.IWindowSession$Stub$Proxy.relayout:1820 android.view.ViewRootImpl.relayoutWindow:9130 android.view.ViewRootImpl.performTraversals:3420 android.view.ViewRootImpl.doTraversal:2669 android.view.ViewRootImpl$TraversalRunnable.run:10092 android.view.Choreographer$CallbackRecord.run:1010 android.view.Choreographer.doCallbacks:809 android.view.Choreographer.doFrame:744 android.view.Choreographer$FrameDisplayEventReceiver.run:995 
10-01 08:57:53.247  4845  6021 E BufferQueueProducer: [com.sec.android.app.launcher/com.sec.android.app.launcher.activities.LauncherActivity$_5738#0](id:12ed00000041,api:0,p:-1,c:4845) disconnect: not connected (req=1)
10-01 08:57:53.247  4751  4780 D gralloc : [mali_gralloc_allocate] begin
10-01 08:57:53.247  5108  5142 I GameSDK@LifeCycle: noteResumeComponent(): package name  : com.YourCompany.Unreal_IGB200
10-01 08:57:53.247  4751  4780 D gralloc : buffer_descriptor: wh(1200 2000) usage_pc(0x966 0x906) hal_format(0x1) layer_count(1) sizes(0 0 0) strde(0) byte_stride(0) alloc_wh(0 0) internal_format(0x0) alloc_format(0x0) fd_count(1) plane_count(0)
10-01 08:57:53.249  8254  8254 I ViewRootImpl@a12b646[]: Relayout returned: old=(600,0,600,1928) new=(600,0,600,1928) req=(0,1928)8 dur=14 res=0x1 s={false 0} ch=false fn=-1
10-01 08:57:53.250  5738  7712 W libEGL  : EGLNativeWindowType 0x73d50bd010 disconnect failed
10-01 08:57:53.253  5108  8236 V WindowManager: Relayout Window{7e88fa0 u0 com.sec.android.app.launcher/com.sec.android.app.launcher.activities.LauncherActivity}: viewVisibility=8 req=1200x2000 d0
10-01 08:57:53.253  4751  4780 D gralloc : [mali_gralloc_allocate] allocation successful
10-01 08:57:53.254 30227   826 D UE      : Entering native app glue main function
10-01 08:57:53.254 30227   826 D UE      : Created event thread
10-01 08:57:53.254 30227   826 D UE      : Entered AndroidMain()
10-01 08:57:53.255  8146  8146 I Utils   : HomePackage : com.sec.android.app.launcher, resumePackageName : com.YourCompany.Unreal_IGB200
10-01 08:57:53.256  5108  8236 V WindowManager: Relayout hash=7e88fa0, pid=5738: mAttrs={(0,0)(fillxfill) sim={adjust=nothing} layoutInDisplayCutoutMode=shortEdges ty=BASE_APPLICATION fmt=TRANSPARENT wanim=0x10302f2
10-01 08:57:53.256  5108  8236 V WindowManager:   fl=81910100
10-01 08:57:53.256  5108  8236 V WindowManager:   pfl=16020000
10-01 08:57:53.256  5108  8236 V WindowManager:   vsysui=1700
10-01 08:57:53.256  5108  8236 V WindowManager:   bhv=SHOW_TRANSIENT_BARS_BY_SWIPE
10-01 08:57:53.256  5108  8236 V WindowManager:   fitSides= naviIconColor=0}
10-01 08:57:53.256 30227   826 D UE      : Controller interface supported
10-01 08:57:53.256 30227   827 D UE      : Entering event processing thread engine entry point
10-01 08:57:53.256  5738  5738 I SurfaceControl: nativeRelease nativeObject s[501699504928]
10-01 08:57:53.256 30227   827 D UE      : Prepared looper for event thread
10-01 08:57:53.256  5738  5738 I SurfaceControl: nativeRelease nativeObject e[501699504928]
10-01 08:57:53.256 30227   827 D UE      : Passed callback initialization
10-01 08:57:53.256 30227   827 D UE      : Passed sensor initialization
10-01 08:57:53.257  5738  5738 I SurfaceControl: assignNativeObject: nativeObject = 0 Surface(name=null)/@0x56af76 / android.view.SurfaceControl.readFromParcel:1117 android.view.IWindowSession$Stub$Proxy.relayout:1810 android.view.ViewRootImpl.relayoutWindow:9130 android.view.ViewRootImpl.performTraversals:3420 android.view.ViewRootImpl.doTraversal:2669 android.view.ViewRootImpl$TraversalRunnable.run:10092 android.view.Choreographer$CallbackRecord.run:1010 android.view.Choreographer.doCallbacks:809 android.view.Choreographer.doFrame:744 android.view.Choreographer$FrameDisplayEventReceiver.run:995 
10-01 08:57:53.257  5738  5738 I SurfaceControl: assignNativeObject: nativeObject = 0 Surface(name=null)/@0x960c82a / android.view.SurfaceControl.readFromParcel:1117 android.view.IWindowSession$Stub$Proxy.relayout:1820 android.view.ViewRootImpl.relayoutWindow:9130 android.view.ViewRootImpl.performTraversals:3420 android.view.ViewRootImpl.doTraversal:2669 android.view.ViewRootImpl$TraversalRunnable.run:10092 android.view.Choreographer$CallbackRecord.run:1010 android.view.Choreographer.doCallbacks:809 android.view.Choreographer.doFrame:744 android.view.Choreographer$FrameDisplayEventReceiver.run:995 
10-01 08:57:53.259  5738  5738 I SurfaceControl: nativeRelease nativeObject s[501699504832]
10-01 08:57:53.260  5738  5738 I SurfaceControl: nativeRelease nativeObject e[501699504832]
10-01 08:57:53.260  5738  5738 I SurfaceControl: nativeRelease nativeObject s[501699504448]
10-01 08:57:53.260  5738  5738 I SurfaceControl: nativeRelease nativeObject e[501699504448]
10-01 08:57:53.260  5738  5738 I SurfaceControl: nativeRelease nativeObject s[501699494080]
10-01 08:57:53.260  5738  5738 I SurfaceControl: nativeRelease nativeObject e[501699494080]
10-01 08:57:53.260  5738  5738 I ViewRootImpl@9c5e80d[LauncherActivity]: Relayout returned: old=(0,0,1200,2000) new=(0,0,1200,2000) req=(1200,2000)8 dur=7 res=0x5 s={false 0} ch=true fn=11
10-01 08:57:53.262  5108  5143 I ViewRootImpl@cdd03ce[Unreal_IGB200]: [DP] pdf(0) 1 android.view.ViewRootImpl.performDraw:4885 android.view.ViewRootImpl.performTraversals:3936 android.view.ViewRootImpl.doTraversal:2669 
10-01 08:57:53.262  5108  5143 I ViewRootImpl@cdd03ce[Unreal_IGB200]: [DP] rdf()
10-01 08:57:53.262  5108  5143 D WindowManager: finishDrawingWindow: Window{9792ef u0 Splash Screen com.YourCompany.Unreal_IGB200} mDrawState=HAS_DRAWN
10-01 08:57:53.263  5738  5738 I SurfaceControl: nativeRelease nativeObject s[501699504928]
10-01 08:57:53.263  5738  5738 I SurfaceControl: nativeRelease nativeObject e[501699504928]
10-01 08:57:53.269 30227 30227 E PermissionHelper: GVRTransition2DActivity.getActivity() failed. Trying to get GameActivity.
10-01 08:57:53.271 30227 30227 D PermissionHelper: checkPermission: android.permission.CHANGE_WIFI_MULTICAST_STATE has not granted
10-01 08:57:53.290 30227 30227 I Dialog  : mIsSamsungBasicInteraction = false, isMetaDataInActivity = false
10-01 08:57:53.294 30227 30227 I DecorView: [INFO] isPopOver=false, config=false
10-01 08:57:53.294 30227 30227 I DecorView: updateCaptionType >> DecorView@5d27502[], isFloating=false, isApplication=true, hasWindowDecorCaption=false, hasWindowControllerCallback=false
10-01 08:57:53.294 30227 30227 D DecorView: setCaptionType = 0, this = DecorView@5d27502[]
10-01 08:57:53.304  5108  8236 D ActivityTaskManager: getRecentPairTasks() maxNum :3 from 10071
10-01 08:57:53.305  5108  8236 D RecentTaskItemController: getRecentPairTasksImpl() maxNum :3 from 10071
10-01 08:57:53.310  5108  5163 D FastTrack: setFastTrackState: pid = 30227 ;tid= 321 ;value= 1
10-01 08:57:53.315  5108  7603 D InputTransport: Input channel constructed: 'e130dad', fd=755
10-01 08:57:53.315  5108  7603 D InputTransport: Input channel constructed: 'e130dad', fd=756
10-01 08:57:53.315  4845  4864 I SurfaceFlinger: id=424 createSurf (0x0),-1 flag=80004, e130dad com.YourCompany.Unreal_IGB200/com.epicgames.unreal.GameActivity#0
10-01 08:57:53.317  5108  7603 D InputTransport: Input channel destroyed: 'e130dad', fd=756
10-01 08:57:53.317 30227 30227 D InputTransport: Input channel constructed: 'e130dad', fd=103
10-01 08:57:53.320 30227 30227 I ViewRootImpl@4b85a49[GameActivity]: setView = com.android.internal.policy.DecorView@5d27502 TM=true
10-01 08:57:53.321 30227 30227 D UE      : [GameActivity] Target SDK is 28.  This may cause issues if permissions are denied by the user.
10-01 08:57:53.321 30227 30227 E PermissionHelper: GVRTransition2DActivity.getActivity() failed. Trying to get GameActivity.
10-01 08:57:53.322 30227 30227 D PermissionHelper: checkPermission: android.permission.WRITE_EXTERNAL_STORAGE has granted
10-01 08:57:53.325 30227 30227 D UE      : [GameActivity] Vulkan version: 1.1.0
10-01 08:57:53.325 30227 30227 D UE      : [GameActivity] Vulkan level: 1
10-01 08:57:53.326 30227 30227 D UE      : [GameActivity] Found DepthBufferPreference = 0
10-01 08:57:53.326 30227 30227 D UE      : [GameActivity] Found PropagateAlpha = 0
10-01 08:57:53.326 30227 30227 D UE      : [GameActivity] Found bPackageDataInsideApk = 0
10-01 08:57:53.326 30227 30227 D UE      : [GameActivity] Found ProjectName = Unreal_IGB200
10-01 08:57:53.326 30227 30227 D UE      : [GameActivity] Found AppType = 
10-01 08:57:53.326 30227 30227 D UE      : [GameActivity] Found bHasOBBFiles = 0
10-01 08:57:53.326 30227 30227 D UE      : [GameActivity] Found bVerifyOBBOnStartUp = false
10-01 08:57:53.326 30227 30227 D UE      : [GameActivity] UI hiding set to true
10-01 08:57:53.327 30227 30227 D UE      : [GameActivity] BuildConfiguration set to Development
10-01 08:57:53.327 30227 30227 D UE      : [GameActivity] UseExternalFilesDir set to true
10-01 08:57:53.327 30227 30227 D UE      : [GameActivity] PublicLogFiles set to false
10-01 08:57:53.327 30227 30227 D UE      : [GameActivity] AllowIMU set to false
10-01 08:57:53.327 30227 30227 D UE      : [GameActivity] SupportsVulkan set to true
10-01 08:57:53.327 30227 30227 D UE      : [GameActivity] Parsing commandline: -project="../../../Unreal_IGB200/Unreal_IGB200.uproject" /Game/Levels/Playtest2Levels/LVL_1_1 -Messaging -CrashForUAT -SessionId=FB79B36D4590542780968A869241EBE0 -SessionOwner="jackm" -SessionName="Launch On Device"  
10-01 08:57:53.347 30227 30227 D UE      : [GameActivity] ro.hardware: exynos9611
10-01 08:57:53.347 30227 30227 D UE      : [GameActivity] Hardware: exynos9611
10-01 08:57:53.347 30227 30227 D UE      : [GameActivity] Memory: 3708 MB
10-01 08:57:53.349 30227 30227 D UE      : [GameActivity] failed to get bytes from asset java.io.FileNotFoundException: configrules.bin.png
10-01 08:57:53.352 30227 30227 D UE      : [GameActivity] configrulesversion: no data
10-01 08:57:53.352 30227 30227 D UE      : [GameActivity] configrulesversion: no data
10-01 08:57:53.352 30227 30227 D UE      : [GameActivity] configrulesversion: no data
10-01 08:57:53.352 30227 30227 D UE      : [GameActivity] UseAffinity: false
10-01 08:57:53.352 30227 30227 D UE      : [GameActivity] BigCoreMask: 0xffff
10-01 08:57:53.352 30227 30227 D UE      : [GameActivity] LittleCoreMask: 0x0
10-01 08:57:53.357 30227 30227 D UE      : [GameActivity] APK path: /data/app/~~QiYgmHUSye3--Eza9m8eMw==/com.YourCompany.Unreal_IGB200-Qk_2BA0RvbuATMmsauJ-tQ==/base.apk
10-01 08:57:53.357 30227 30227 D UE      : [GameActivity] OBB in APK: false
10-01 08:57:53.360 30227 30227 D UE      : GFilePathBase Path override to'/storage/emulated/0/Android/data/com.YourCompany.Unreal_IGB200/files'
10-01 08:57:53.360 30227 30227 D UE      : InternalFilePath found as '/data/user/0/com.YourCompany.Unreal_IGB200/files'
10-01 08:57:53.360 30227 30227 D UE      : ExternalFilePath found as '/storage/emulated/0/Android/data/com.YourCompany.Unreal_IGB200/files'
10-01 08:57:53.361 30227 30227 D UE      : App is running in Portrait
10-01 08:57:53.361 30227 30227 D UE      : AndroidPropagateAlpha =  0
10-01 08:57:53.361 30227 30227 D UE      : [GameActivity] Android version is 11
10-01 08:57:53.361 30227 30227 D UE      : [GameActivity] Android manufacturer is samsung
10-01 08:57:53.361 30227 30227 D UE      : [GameActivity] Android model is SM-P610
10-01 08:57:53.361 30227 30227 D UE      : [GameActivity] Android build number is RP1A.200720.012.P610XXU2DUL9
10-01 08:57:53.361 30227 30227 D UE      : [GameActivity] OS language is set to en_AU
10-01 08:57:53.361 30227 30227 D UE      : [GameActivity] Debugger attached is false
10-01 08:57:53.384  5108  8236 I GenerationRegistry: mBackingStore.isClosed() : false
10-01 08:57:53.387 30227   830 D UE      : [GameActivity] --- memstats: 
10-01 08:57:53.387 30227   830 D UE      : memstat: Used memory:  (updated): 178875
10-01 08:57:53.387 30227   830 D UE      : memstat: VmSize:	 6133840 kB
10-01 08:57:53.387 30227   830 D UE      : memstat: VmHWM:	  325104 kB
10-01 08:57:53.387 30227   830 D UE      : memstat: VmRSS:	  325104 kB
10-01 08:57:53.387 30227   830 D UE      : memstat: VmData:	 1383444 kB
10-01 08:57:53.387 30227   830 D UE      : memstat: VmSwap:	   23352 kB
10-01 08:57:53.415 30227 30227 I Dialog  : mIsSamsungBasicInteraction = false, isMetaDataInActivity = false
10-01 08:57:53.422 30227 30227 I Dialog  : mIsSamsungBasicInteraction = false, isMetaDataInActivity = false
10-01 08:57:53.431  5420  5580 D BtGatt.GattService: onScanResult to scannerId: 8- eventType=0x1b, addressType=1, address=57:4, primaryPhy=1, secondaryPhy=0, advertisingSid=0xff, txPower=127, rssi=-83, periodicAdvInt=0x0
10-01 08:57:53.435 30227 32755 I y.Unreal_IGB20: Compiler allocated 5701KB to compile boolean com.epicgames.unreal.GameActivity.processSystemInfo(java.lang.String, java.lang.String)
10-01 08:57:53.453 30227 30227 D UE      : [GameActivity] GoogleApiClient exception caught: java.lang.IllegalArgumentException: must call addApi() to add at least one API
10-01 08:57:53.453 30227 30227 D UE      : [GameActivity] googleClient is disabled
10-01 08:57:53.454 30227 30227 D UE      : [GameActivity] ==============> GameActive.onCreate complete!
10-01 08:57:53.458 30227 30227 D UE      : [GameActivity] Creating console command broadcast listener
10-01 08:57:53.458 30227   827 D UE      : LogAndroidEvents::EnqueueAppEvent : 9, [width=-1, height=-1], tid = 827, APP_EVENT_STATE_ON_START
10-01 08:57:53.459 30227 30227 D UE      : [GameActivity] ==================================> Inside onStart function in GameActivity
10-01 08:57:53.460 30227 30227 V UE      : [GameApp] App in foreground
10-01 08:57:53.461 30227 30227 I ViewRootImpl@4b85a49[GameActivity]: stopped(false) old=false
10-01 08:57:53.462 30227   827 D UE      : Case APP_CMD_RESUME
10-01 08:57:53.462 30227 30227 D UE      : [GameActivity] === Restoring Transparent Bars ===
10-01 08:57:53.462 30227   827 D UE      : LogAndroidEvents::EnqueueAppEvent : 7, [width=-1, height=-1], tid = 827, APP_EVENT_STATE_ON_RESUME
10-01 08:57:53.462 30227   827 D UE      : LogAndroidEvents::EnqueueAppEvent : 11, [width=-1, height=-1], tid = 827, APP_EVENT_STATE_WINDOW_GAINED_FOCUS
10-01 08:57:53.462 30227 30227 D UE      : [GameActivity] ==============> [JAVA] AndroidThunkJava_KeepScreenOn(false) - Enabled screen saver
10-01 08:57:53.463 30227 30227 D UE      : [GameActivity] ==============> [JAVA] AndroidThunkJava_DisableScreenCapture(false) - Enabled screen captures
10-01 08:57:53.463 30227 30227 D UE      : App is running in Portrait
10-01 08:57:53.463 30227 30227 D UE      : AndroidPropagateAlpha =  0
10-01 08:57:53.463 30227 30227 D UE      : [GameActivity] === Restoring Transparent Bars ===
10-01 08:57:53.463 30227 30227 D UE      : [GameActivity] ==============> Resuming main init
10-01 08:57:53.473 30227   826 D UE      : adb am start command line override: -project="../../../Unreal_IGB200/Unreal_IGB200.uproject" /Game/Levels/Playtest2Levels/LVL_1_1 -Messaging -CrashForUAT -SessionId=FB79B36D4590542780968A869241EBE0 -SessionOwner="jackm" -SessionName="Launch On Device"
10-01 08:57:53.473 30227   826 D UE      : Final commandline: -project="../../../Unreal_IGB200/Unreal_IGB200.uproject" /Game/Levels/Playtest2Levels/LVL_1_1 -Messaging -CrashForUAT -SessionId=FB79B36D4590542780968A869241EBE0 -SessionOwner="jackm" -SessionName="Launch On Device" (len 215)
10-01 08:57:53.473 30227   826 D UE      : Created sync event
10-01 08:57:53.477 30227 30227 D UE      : [GameActivity] ==============> GameActive.onResume complete!
10-01 08:57:53.483  5108  7603 D InputTransport: Input channel constructed: 'cf0eec7', fd=756
10-01 08:57:53.483  5108  7603 D InputTransport: Input channel constructed: 'cf0eec7', fd=764
10-01 08:57:53.483  4845  6222 I SurfaceFlinger: id=425 createSurf (0x0),-1 flag=80004, cf0eec7 com.YourCompany.Unreal_IGB200/com.epicgames.unreal.GameActivity#0
10-01 08:57:53.483  5108  7603 D WindowManager: isScreenshotDisabledLocked - win: Window{cf0eec7 u0 com.YourCompany.Unreal_IGB200/com.epicgames.unreal.GameActivity}
10-01 08:57:53.484  5108  7603 D WindowManager: isScreenshotDisabledLocked: userId = 0, disabled =false
10-01 08:57:53.484  5108  7603 D InputTransport: Input channel destroyed: 'cf0eec7', fd=764
10-01 08:57:53.484 30227 30227 D InputTransport: Input channel constructed: 'cf0eec7', fd=111
10-01 08:57:53.485  5378  5378 I wpa_supplicant: Heartbeat 105
10-01 08:57:53.486 30227 30227 I ViewRootImpl@c8ba355[GameActivity]: setView = com.android.internal.policy.DecorView@45aa64d TM=true
10-01 08:57:53.496 30227 30227 D ViewRootImpl@4b85a49[GameActivity]: controlInsetsForCompatibility: hideByFlags=0x3, showByFlags=0x0, flags=0x1810508, sysUiVis=0xf06, matchParent=true, nonAttachedAppWindow=true
10-01 08:57:53.497 30227 30227 D InsetsSourceConsumer: setRequestedVisible: visible=false, type=15, host=com.YourCompany.Unreal_IGB200/com.epicgames.unreal.GameActivity, from=android.view.InsetsSourceConsumer.hide:233 android.view.InsetsController.collectSourceControls:1180 android.view.InsetsController.controlAnimationUnchecked:1057 android.view.InsetsController.applyAnimation:1431 android.view.InsetsController.hide:992 android.view.InsetsController.hide:975 android.view.ViewRootImpl.controlInsetsForCompatibility:2903 android.view.ViewRootImpl.performTraversals:3369 android.view.ViewRootImpl.doTraversal:2669 android.view.ViewRootImpl$TraversalRunnable.run:10092 
10-01 08:57:53.497 30227 30227 D InsetsSourceConsumer: setRequestedVisible: visible=false, type=1, host=com.YourCompany.Unreal_IGB200/com.epicgames.unreal.GameActivity, from=android.view.InsetsSourceConsumer.hide:233 android.view.InsetsController.collectSourceControls:1180 android.view.InsetsController.controlAnimationUnchecked:1057 android.view.InsetsController.applyAnimation:1431 android.view.InsetsController.hide:992 android.view.InsetsController.hide:975 android.view.ViewRootImpl.controlInsetsForCompatibility:2903 android.view.ViewRootImpl.performTraversals:3369 android.view.ViewRootImpl.doTraversal:2669 android.view.ViewRootImpl$TraversalRunnable.run:10092 
10-01 08:57:53.497 30227 30227 D InsetsSourceConsumer: setRequestedVisible: visible=false, type=0, host=com.YourCompany.Unreal_IGB200/com.epicgames.unreal.GameActivity, from=android.view.InsetsSourceConsumer.hide:233 android.view.InsetsController.collectSourceControls:1180 android.view.InsetsController.controlAnimationUnchecked:1057 android.view.InsetsController.applyAnimation:1431 android.view.InsetsController.hide:992 android.view.InsetsController.hide:975 android.view.ViewRootImpl.controlInsetsForCompatibility:2903 android.view.ViewRootImpl.performTraversals:3369 android.view.ViewRootImpl.doTraversal:2669 android.view.ViewRootImpl$TraversalRunnable.run:10092 
10-01 08:57:53.499  5108  7603 V WindowManager: Relayout Window{e130dad u0 com.YourCompany.Unreal_IGB200/com.epicgames.unreal.GameActivity}: viewVisibility=0 req=1200x2000 d0
10-01 08:57:53.500  5108  7603 D WindowManager: isScreenshotDisabledLocked - win: Window{e130dad u0 com.YourCompany.Unreal_IGB200/com.epicgames.unreal.GameActivity}
10-01 08:57:53.500  5108  7603 D WindowManager: isScreenshotDisabledLocked: userId = 0, disabled =false
10-01 08:57:53.501  4845  6222 I SurfaceFlinger: id=426 createSurf (1200x2000),1 flag=4, com.YourCompany.Unreal_IGB200/com.epicgames.unreal.GameActivity$_30227#0
10-01 08:57:53.501  5108  7603 D WindowManager: makeSurface duration=0 name=com.YourCompany.Unreal_IGB200/com.epicgames.unreal.GameActivity$_30227
10-01 08:57:53.502  5108  7603 V WindowManager: Relayout hash=e130dad, pid=30227: mAttrs={(0,0)(fillxfill) gr=CENTER sim={adjust=pan forwardNavigation} ty=APPLICATION fmt=TRANSLUCENT wanim=0x1030001
10-01 08:57:53.502  5108  7603 V WindowManager:   fl=1810508
10-01 08:57:53.502  5108  7603 V WindowManager:   pfl=12020000
10-01 08:57:53.502  5108  7603 V WindowManager:   vsysui=f06
10-01 08:57:53.502  5108  7603 V WindowManager:   bhv=SHOW_TRANSIENT_BARS_BY_SWIPE
10-01 08:57:53.502  5108  7603 V WindowManager:   fitSides= naviIconColor=0}
10-01 08:57:53.502  5108  7603 I SurfaceControl: nativeRelease nativeObject s[496848934016]
10-01 08:57:53.503  5108  7603 I SurfaceControl: nativeRelease nativeObject e[496848934016]
10-01 08:57:53.505 30227 30227 I SurfaceControl: assignNativeObject: nativeObject = 0 Surface(name=null)/@0xbf6a16a / android.view.SurfaceControl.readFromParcel:1117 android.view.IWindowSession$Stub$Proxy.relayout:1820 android.view.ViewRootImpl.relayoutWindow:9130 android.view.ViewRootImpl.performTraversals:3420 android.view.ViewRootImpl.doTraversal:2669 android.view.ViewRootImpl$TraversalRunnable.run:10092 android.view.Choreographer$CallbackRecord.run:1010 android.view.Choreographer.doCallbacks:809 android.view.Choreographer.doFrame:744 android.view.Choreographer$FrameDisplayEventReceiver.run:995 
10-01 08:57:53.506 30227 30227 I ViewRootImpl@4b85a49[GameActivity]: Relayout returned: old=(0,0,1200,2000) new=(0,0,1200,2000) req=(1200,2000)0 dur=7 res=0x7 s={true 497336668160} ch=true fn=-1
10-01 08:57:53.510  4751  4780 D gralloc : [mali_gralloc_allocate] begin
10-01 08:57:53.510  4751  4780 D gralloc : buffer_descriptor: wh(1200 2000) usage_pc(0x40000000000b00 0x40000000000b00) hal_format(0x1) layer_count(1) sizes(0 0 0) strde(0) byte_stride(0) alloc_wh(0 0) internal_format(0x0) alloc_format(0x0) fd_count(1) plane_count(0)
10-01 08:57:53.511 30227 30227 I ViewRootImpl@4b85a49[GameActivity]: [DP] dp(1) 1 android.view.ViewRootImpl.reportNextDraw:11078 android.view.ViewRootImpl.performTraversals:3915 android.view.ViewRootImpl.doTraversal:2669 
10-01 08:57:53.511 30227 30227 I ViewRootImpl@4b85a49[GameActivity]: [DP] pd() Asnyc report
10-01 08:57:53.513 30227 30227 I ViewRootImpl@4b85a49[GameActivity]: mAttachInfo.mThreadedRenderer.draw, mView = DecorView@5d27502[GameActivity] w = 1200 h = 2000
10-01 08:57:53.513  4751  4780 D gralloc : [mali_gralloc_allocate] allocation successful
10-01 08:57:53.513  4751  4780 D gralloc : [mali_gralloc_allocate] begin
10-01 08:57:53.513  4751  4780 D gralloc : buffer_descriptor: wh(1200 2000) usage_pc(0x40000000000b00 0x40000000000b00) hal_format(0x1) layer_count(1) sizes(0 0 0) strde(0) byte_stride(0) alloc_wh(0 0) internal_format(0x0) alloc_format(0x0) fd_count(1) plane_count(0)
10-01 08:57:53.516  4751  4780 D gralloc : [mali_gralloc_allocate] allocation successful
10-01 08:57:53.517  4751  4780 D gralloc : [mali_gralloc_allocate] begin
10-01 08:57:53.517  4751  4780 D gralloc : buffer_descriptor: wh(1200 2000) usage_pc(0x40000000000b00 0x40000000000b00) hal_format(0x1) layer_count(1) sizes(0 0 0) strde(0) byte_stride(0) alloc_wh(0 0) internal_format(0x0) alloc_format(0x0) fd_count(1) plane_count(0)
10-01 08:57:53.521  4751  4780 D gralloc : [mali_gralloc_allocate] allocation successful
10-01 08:57:53.523  4257  4257 I hwservicemanager: getTransport: Cannot find entry android.hardware.graphics.mapper@4.0::IMapper/default in either framework or device manifest.
10-01 08:57:53.523 30227   321 I Gralloc4: mapper 4.x is not supported
10-01 08:57:53.524  4257  4257 I hwservicemanager: getTransport: Cannot find entry android.hardware.graphics.mapper@3.0::IMapper/default in either framework or device manifest.
10-01 08:57:53.524 30227   321 W Gralloc3: mapper 3.x is not supported
10-01 08:57:53.532 30227   321 I gralloc : Arm Module v1.0
10-01 08:57:53.533  5420  5580 D BtGatt.GattService: onScanResult to scannerId: 8- eventType=0x1b, addressType=1, address=57:4, primaryPhy=1, secondaryPhy=0, advertisingSid=0xff, txPower=127, rssi=-82, periodicAdvInt=0x0
10-01 08:57:53.536  5420  5580 D BtGatt.GattService: onScanResult to scannerId: 8- eventType=0x1b, addressType=1, address=9C:C, primaryPhy=1, secondaryPhy=0, advertisingSid=0xff, txPower=127, rssi=-74, periodicAdvInt=0x0
10-01 08:57:53.548  4845  4845 D SurfaceFlinger: Display 0 HWC layers:
10-01 08:57:53.548  4845  4845 D SurfaceFlinger:      DEVICE | 0x790be39100 | 0000 | RGBA_8888    |    0.0    0.0 1200.0 2000.0 |    0    0 1200 2000 | Splash Screen com.YourCompany.Unreal_IGB200#0
10-01 08:57:53.548  4845  4845 D SurfaceFlinger:      DEVICE | 0x788a434900 | 0000 | RGBA_8888    |    0.0    0.0   67.0  228.0 | 1133  430 1200  658 | com.samsung.android.app.cocktailbars[...]arservice.CocktailBarService$_8146#0
10-01 08:57:53.548  4845  4845 D SurfaceFlinger:      DEVICE | 0x788a433640 | 0000 | RGBA_8888    |    0.0    0.0 1200.0   72.0 |    0 1928 1200 2000 | NavigationBar0$_5442#0
10-01 08:57:53.548  4845  4845 D SurfaceFlinger:      DEVICE | 0x790be38700 | 0000 | RGBA_8888    |    0.0    0.0 1200.0   36.0 |    0    0 1200   36 | ScreenDecorOverlay$_5442#0
10-01 08:57:53.548  4845  4845 D SurfaceFlinger:      DEVICE | 0x790be385c0 | 0000 | RGBA_8888    |    0.0    0.0 1200.0   36.0 |    0 1964 1200 2000 | ScreenDecorOverlayBottom$_5442#0
10-01 08:57:53.548  4845  4845 D SurfaceFlinger: 
10-01 08:57:53.556  8146  8146 I Utils   : isCurrentUser current = 0, ownerId = 0
10-01 08:57:53.556  8146  8146 I TrayVisibilityController: getComputedTrayVisible : keyguardState = 1
10-01 08:57:53.556  8146  8146 I TrayVisibilityController: updateTrayVisible: State=1 visible=1 mCurrentVisible=1 specificMode=0
10-01 08:57:53.556  8146  8146 I TrayStateController: onNotifyUpdateTray: state=0
10-01 08:57:53.593  5108   825 D InsetsAnimationCtrlImpl: finish: control=android.view.InsetsAnimationControlImpl@a3fbc1d, types=1, mCancelled=false, mCancelRequested=false
10-01 08:57:53.593  5108   825 I SurfaceControl: nativeRelease nativeObject s[496858000736]
10-01 08:57:53.593  5108   825 I SurfaceControl: nativeRelease nativeObject e[496858000736]
10-01 08:57:53.613  8058  8058 I A       : onPause
10-01 08:57:53.617  5108   833 D TspStateManager: update cmd=set_grip_data,1,25,4,4,0
10-01 08:57:53.669 30227 30227 I SurfaceView: onWindowVisibilityChanged(0) true android.view.SurfaceView{f2d365b V.E...... ......I. 0,0-0,0} of ViewRootImpl@c8ba355[GameActivity]
10-01 08:57:53.672 30227 30227 I ViewRootImpl@c8ba355[GameActivity]: DirectWriting, semAddEditText : com.epicgames.unreal.GameActivity$VirtualKeyboardInput{556a36 GFED..CL. ......ID 0,0-0,0}
10-01 08:57:53.673 30227 30227 D ViewRootImpl@c8ba355[GameActivity]: controlInsetsForCompatibility: hideByFlags=0x3, showByFlags=0x0, flags=0x1810500, sysUiVis=0x1706, matchParent=true, nonAttachedAppWindow=true
10-01 08:57:53.674 30227 30227 D InsetsSourceConsumer: setRequestedVisible: visible=false, type=15, host=com.YourCompany.Unreal_IGB200/com.epicgames.unreal.GameActivity, from=android.view.InsetsSourceConsumer.hide:233 android.view.InsetsController.collectSourceControls:1180 android.view.InsetsController.controlAnimationUnchecked:1057 android.view.InsetsController.applyAnimation:1431 android.view.InsetsController.hide:992 android.view.InsetsController.hide:975 android.view.ViewRootImpl.controlInsetsForCompatibility:2903 android.view.ViewRootImpl.performTraversals:3369 android.view.ViewRootImpl.doTraversal:2669 android.view.ViewRootImpl$TraversalRunnable.run:10092 
10-01 08:57:53.674 30227 30227 D InsetsSourceConsumer: setRequestedVisible: visible=false, type=1, host=com.YourCompany.Unreal_IGB200/com.epicgames.unreal.GameActivity, from=android.view.InsetsSourceConsumer.hide:233 android.view.InsetsController.collectSourceControls:1180 android.view.InsetsController.controlAnimationUnchecked:1057 android.view.InsetsController.applyAnimation:1431 android.view.InsetsController.hide:992 android.view.InsetsController.hide:975 android.view.ViewRootImpl.controlInsetsForCompatibility:2903 android.view.ViewRootImpl.performTraversals:3369 android.view.ViewRootImpl.doTraversal:2669 android.view.ViewRootImpl$TraversalRunnable.run:10092 
10-01 08:57:53.675 30227 30227 D InsetsSourceConsumer: setRequestedVisible: visible=false, type=0, host=com.YourCompany.Unreal_IGB200/com.epicgames.unreal.GameActivity, from=android.view.InsetsSourceConsumer.hide:233 android.view.InsetsController.collectSourceControls:1180 android.view.InsetsController.controlAnimationUnchecked:1057 android.view.InsetsController.applyAnimation:1431 android.view.InsetsController.hide:992 android.view.InsetsController.hide:975 android.view.ViewRootImpl.controlInsetsForCompatibility:2903 android.view.ViewRootImpl.performTraversals:3369 android.view.ViewRootImpl.doTraversal:2669 android.view.ViewRootImpl$TraversalRunnable.run:10092 
10-01 08:57:53.676  5108  7603 V WindowManager: Relayout Window{cf0eec7 u0 com.YourCompany.Unreal_IGB200/com.epicgames.unreal.GameActivity}: viewVisibility=0 req=1200x2000 d0
10-01 08:57:53.677  5108  7603 D WindowManager: isScreenshotDisabledLocked - win: Window{cf0eec7 u0 com.YourCompany.Unreal_IGB200/com.epicgames.unreal.GameActivity}
10-01 08:57:53.677  5108  7603 D WindowManager: isScreenshotDisabledLocked: userId = 0, disabled =false
10-01 08:57:53.678  4845  5252 I SurfaceFlinger: id=427 createSurf (1200x2000),1 flag=4, com.YourCompany.Unreal_IGB200/com.epicgames.unreal.GameActivity$_30227#1
10-01 08:57:53.679  5108  7603 D WindowManager: makeSurface duration=1 name=com.YourCompany.Unreal_IGB200/com.epicgames.unreal.GameActivity$_30227
10-01 08:57:53.680  5108  7603 V WindowManager: Changing focus from null to Window{cf0eec7 u0 com.YourCompany.Unreal_IGB200/com.epicgames.unreal.GameActivity} displayId=0 Callers=com.android.server.wm.RootWindowContainer.updateFocusedWindowLocked:575 com.android.server.wm.WindowManagerService.updateFocusedWindowLocked:6338 com.android.server.wm.WindowManagerService.relayoutWindow:2726 com.android.server.wm.Session.relayout:240 
10-01 08:57:53.680  5108   824 I SystemUiVisibilityPolicyController: handleMessage: entry what = 1
10-01 08:57:53.680  5108  7603 I WindowManager: Cancelling animation restarting=true, leash=Surface(name=Surface(name=659aedf StatusBar)/@0xbb89381 - animation-leash)/@0x503f600
10-01 08:57:53.680  5108  7603 I WindowManager: Reparenting to original parent: Surface(name=WindowToken{287597e android.os.BinderProxy@12acb00})/@0x14e4c26, destroy=false, surface=Surface(name=659aedf StatusBar)/@0xbb89381
10-01 08:57:53.680  5108  7603 I SurfaceControl: nativeRelease nativeObject s[496857992768]
10-01 08:57:53.680  5108  7603 I SurfaceControl: nativeRelease nativeObject e[496857992768]
10-01 08:57:53.681  5108  7603 I WindowManager: Reparenting to leash, surface=Surface(name=659aedf StatusBar)/@0xbb89381, leashParent=Surface(name=WindowToken{287597e android.os.BinderProxy@12acb00})/@0x14e4c26
10-01 08:57:53.681  8146  8146 I TrayStateController: systemUiVisibilityChanged : 2 0
10-01 08:57:53.681  4845  5252 I SurfaceFlinger: id=428 createSurf (0x0),-1 flag=24004, Surface(name=659aedf StatusBar)/@0xbb89381 - animation-leash#0
10-01 08:57:53.681  5108  7603 D WindowManager: makeSurface duration=1 leash=Surface(name=Surface(name=659aedf StatusBar)/@0xbb89381 - animation-leash)/@0xe627460
10-01 08:57:53.681  4424  4424 D io_stats: !@   8,0 r 390968 12893644 w 63145 2659316 d 30452 2639716 f 22206 28306 iot 127108 109682 th 102400 0 0 pt 0 inp 0 0 1080.708
10-01 08:57:53.681  5108  7603 I WindowManager: Cancelling animation restarting=true, leash=Surface(name=Surface(name=677a488 NavigationBar0)/@0xdc331b9 - animation-leash)/@0x77fc7e
10-01 08:57:53.681  5108  7603 I WindowManager: Reparenting to original parent: Surface(name=WindowToken{beaeca5 android.os.BinderProxy@3ac3a0f})/@0x358b9fe, destroy=false, surface=Surface(name=677a488 NavigationBar0)/@0xdc331b9
10-01 08:57:53.681  5108  7603 I SurfaceControl: nativeRelease nativeObject s[496857993632]
10-01 08:57:53.681  5108  7603 I SurfaceControl: nativeRelease nativeObject e[496857993632]
10-01 08:57:53.681  5108  7603 I WindowManager: Reparenting to leash, surface=Surface(name=677a488 NavigationBar0)/@0xdc331b9, leashParent=Surface(name=WindowToken{beaeca5 android.os.BinderProxy@3ac3a0f})/@0x358b9fe
10-01 08:57:53.682  4845  5252 I SurfaceFlinger: id=429 createSurf (0x0),-1 flag=24000, Surface(name=677a488 NavigationBar0)/@0xdc331b9 - animation-leash#0
10-01 08:57:53.682  5108  7603 D WindowManager: makeSurface duration=0 leash=Surface(name=Surface(name=677a488 NavigationBar0)/@0xdc331b9 - animation-leash)/@0x8ff91de
10-01 08:57:53.682  5108  7603 D MARsPolicyManager: onPackageResumedFG pkgName = com.YourCompany.Unreal_IGB200, userId = 0
10-01 08:57:53.683  5108  5140 D WindowManager: setDisableFlags: displayId=0, vis=0x970e, appearance=0, transientState=Pair{[I@2f6efbf [I@cea768c}, isFullscreen=true, isImmersive=true, barType=0, win=Window{cf0eec7 u0 com.YourCompany.Unreal_IGB200/com.epicgames.unreal.GameActivity}
10-01 08:57:53.683  5108  7603 D StatusBarManagerService: notifyRequestedSystemKey recent=false home=false
10-01 08:57:53.683  5108   824 I SystemUiVisibilityPolicyController: handleMessage: entry what = 1
10-01 08:57:53.683  8146  8146 I TrayStateController: systemUiVisibilityChanged : 3 0
10-01 08:57:53.684  5108  7603 V WindowManager: Relayout hash=cf0eec7, pid=30227: mAttrs={(0,0)(fillxfill) sim={adjust=resize forwardNavigation} ty=BASE_APPLICATION fmt=RGBA_8888 wanim=0x1030001 sysuil=true
10-01 08:57:53.684  5108  7603 V WindowManager:   fl=1810500
10-01 08:57:53.684  5108  7603 V WindowManager:   pfl=12020000
10-01 08:57:53.684  5108  7603 V WindowManager:   vsysui=1706
10-01 08:57:53.684  5108  7603 V WindowManager:   bhv=SHOW_TRANSIENT_BARS_BY_SWIPE
10-01 08:57:53.684  5108  7603 V WindowManager:   fitSides= naviIconColor=0}
10-01 08:57:53.684  5108  7603 I SurfaceControl: nativeRelease nativeObject s[496848934016]
10-01 08:57:53.684  5108  7603 I SurfaceControl: nativeRelease nativeObject e[496848934016]
10-01 08:57:53.685  8146  8146 E ActivityThread: Failed to find provider info for com.samsung.systemui.navillera.navilleraprovider
10-01 08:57:53.686  8146  8146 I Utils   : isCurrentUser current = 0, ownerId = 0
10-01 08:57:53.686 30227 30227 I SurfaceControl: assignNativeObject: nativeObject = 0 Surface(name=null)/@0xaf522a4 / android.view.SurfaceControl.readFromParcel:1117 android.view.IWindowSession$Stub$Proxy.relayout:1820 android.view.ViewRootImpl.relayoutWindow:9130 android.view.ViewRootImpl.performTraversals:3420 android.view.ViewRootImpl.doTraversal:2669 android.view.ViewRootImpl$TraversalRunnable.run:10092 android.view.Choreographer$CallbackRecord.run:1010 android.view.Choreographer.doCallbacks:809 android.view.Choreographer.doFrame:744 android.view.Choreographer$FrameDisplayEventReceiver.run:995 
10-01 08:57:53.686  8146  8146 I TrayVisibilityController: updateTrayVisible: State=1048577 visible=2 mCurrentVisible=1 specificMode=0
10-01 08:57:53.689 30227 30227 I ViewRootImpl@c8ba355[GameActivity]: Relayout returned: old=(0,0,1200,2000) new=(0,0,1200,2000) req=(1200,2000)0 dur=11 res=0x7 s={true 497336676352} ch=true fn=-1
10-01 08:57:53.689  5108  7603 D InsetsSourceProvider: updateVisibility: serverVisible=true, clientVisible=false, source=InsetsSource: {mType=ITYPE_NAVIGATION_BAR, mFrame=[0,1928][1200,2000], mVisible=false}, controlTarget=Window{cf0eec7 u0 com.YourCompany.Unreal_IGB200/com.epicgames.unreal.GameActivity}, from=com.android.server.wm.InsetsSourceProvider.setClientVisible:390 com.android.server.wm.InsetsSourceProvider.onInsetsModified:375 com.android.server.wm.InsetsStateController.onInsetsModified:465 com.android.server.wm.InsetsPolicy.onInsetsModified:324 com.android.server.wm.Session.insetsModified:663 android.view.IWindowSession$Stub.onTransact:1398 com.android.server.wm.Session.onTransact:166 android.os.Binder.execTransactInternal:1195 android.os.Binder.execTransact:1159 <bottom of call stack> 
10-01 08:57:53.690 30227 30227 I SurfaceView: windowStopped(false) true android.view.SurfaceView{f2d365b V.E...... ......I. 0,0-0,0} of ViewRootImpl@c8ba355[GameActivity]
10-01 08:57:53.694  5442  5442 V Navbar.Store: handleEvent [EventType] ON_NAVBAR_WINDOW_STATE_HIDDEN [Module] NavigationBarFragment
10-01 08:57:53.694  5738  7434 I TouchInteractionService: onSystemUiStateChanged, stateFlags : 2
10-01 08:57:53.694  5738  5738 I TouchInteractionService: onSystemUiFlagsChanged, userUnlocked
10-01 08:57:53.694  8146  8146 I BlurredCaptureStorage: updateBlurBackground: false false
10-01 08:57:53.694  8146  8146 I TrayStateController: setUiState 2 : 0 --> 2
10-01 08:57:53.696  5108  5142 D InsetsSourceProvider: updateVisibility: serverVisible=true, clientVisible=false, source=InsetsSource: {mType=ITYPE_NAVIGATION_BAR, mFrame=[0,1928][1200,2000], mVisible=false}, controlTarget=Window{cf0eec7 u0 com.YourCompany.Unreal_IGB200/com.epicgames.unreal.GameActivity}, from=com.android.server.wm.InsetsSourceProvider.setServerVisible:396 com.android.server.wm.InsetsSourceProvider.onPostLayout:239 com.android.server.wm.InsetsStateController.onPostLayout:439 com.android.server.wm.DisplayContent.applySurfaceChangesTransaction:5035 com.android.server.wm.RootWindowContainer.applySurfaceChangesTransaction:1311 com.android.server.wm.RootWindowContainer.performSurfacePlacementNoTrace:1028 com.android.server.wm.RootWindowContainer.performSurfacePlacement:966 com.android.server.wm.WindowSurfacePlacer.performSurfacePlacementLoop:182 com.android.server.wm.WindowSurfacePlacer.performSurfacePlacement:131 com.android.server.wm.WindowSurfacePlacer.performSurfacePlacement:120 
10-01 08:57:53.698  4845  4864 I Layer   : id=422 removeFromCurrentState Surface(name=659aedf StatusBar)/@0xbb89381 - animation-leash#1 (78)
10-01 08:57:53.698  4845  4864 I Layer   : id=423 removeFromCurrentState Surface(name=677a488 NavigationBar0)/@0xdc331b9 - animation-leash#1 (78)
10-01 08:57:53.701 30227 30227 I ViewRootImpl@c8ba355[GameActivity]: [DP] dp(1) 1 android.view.ViewRootImpl.reportNextDraw:11078 android.view.ViewRootImpl.performTraversals:3915 android.view.ViewRootImpl.doTraversal:2669 
10-01 08:57:53.702  4845  4864 I SurfaceFlinger: id=430 createSurf (0x0),-1 flag=80004, Bounds for - com.YourCompany.Unreal_IGB200/com.epicgames.unreal.GameActivity@0#0
10-01 08:57:53.702  4845  4864 E BufferQueueProducer: [com.samsung.android.app.cocktailbarservice/com.samsung.android.app.cocktailbarservice.CocktailBarService$_8146#0](id:12ed00000042,api:0,p:-1,c:4845) disconnect: not connected (req=1)
10-01 08:57:53.702  8146  8720 W libEGL  : EGLNativeWindowType 0x743f9dd010 disconnect failed
10-01 08:57:53.703  4845  4864 I SurfaceFlinger: id=431 createSurf (1200x2000),4 flag=404, SurfaceView - com.YourCompany.Unreal_IGB200/com.epicgames.unreal.GameActivity@f2d365b@0#0
10-01 08:57:53.703  4845  4864 I SurfaceFlinger: id=432 createSurf (0x0),-1 flag=20404, Background for -SurfaceView - com.YourCompany.Unreal_IGB200/com.epicgames.unreal.GameActivity@f2d365b@0#0
10-01 08:57:53.704  5108  5460 V WindowManager: Relayout Window{d6c8dff u0 com.samsung.android.app.cocktailbarservice/com.samsung.android.app.cocktailbarservice.CocktailBarService}: viewVisibility=8 req=67x228 d0
10-01 08:57:53.705 30227 30227 I SurfaceView: updateSurface: visible = true mSurface.isValid() = true
10-01 08:57:53.706 30227 30227 I SurfaceView: updateSurface: mSurfaceCreated = false surfaceChanged = true visibleChanged = true
10-01 08:57:53.706 30227 30227 I SurfaceView: surfaceCreated 1 #8 android.view.SurfaceView{f2d365b V.E...... ......ID 0,0-1200,2000}
10-01 08:57:53.707 30227 30227 I SurfaceView: surfaceChanged (1200,2000) 1 #8 android.view.SurfaceView{f2d365b V.E...... ......ID 0,0-1200,2000}
10-01 08:57:53.707  5108  5460 E WindowManager: win=Window{d6c8dff u0 com.samsung.android.app.cocktailbarservice/com.samsung.android.app.cocktailbarservice.CocktailBarService} destroySurfaces: appStopped=true win.mWindowRemovalAllowed=false win.mRemoveOnExit=false win.mViewVisibility=8 caller=com.android.server.wm.WindowManagerService.tryStartExitingAnimation:2933 com.android.server.wm.WindowManagerService.relayoutWindow:2640 com.android.server.wm.Session.relayout:240 android.view.IWindowSession$Stub.onTransact:871 com.android.server.wm.Session.onTransact:166 android.os.Binder.execTransactInternal:1190 android.os.Binder.execTransact:1159 
10-01 08:57:53.707  5108  5460 I WindowManager: Destroying surface Surface(name=com.samsung.android.app.cocktailbarservice/com.samsung.android.app.cocktailbarservice.CocktailBarService$_8146)/@0xc3b51d5 called by com.android.server.wm.WindowStateAnimator.destroySurface:1804 com.android.server.wm.WindowStateAnimator.destroySurfaceLocked:771 com.android.server.wm.WindowState.destroySurfaceUnchecked:3980 com.android.server.wm.WindowState.destroySurface:3954 com.android.server.wm.WindowManagerService.tryStartExitingAnimation:2933 com.android.server.wm.WindowManagerService.relayoutWindow:2640 com.android.server.wm.Session.relayout:240 android.view.IWindowSession$Stub.onTransact:871 
10-01 08:57:53.707  5108  5460 I SurfaceControl: nativeRelease nativeObject s[496848937856]
10-01 08:57:53.707  5108  5460 I SurfaceControl: nativeRelease nativeObject e[496848937856]
10-01 08:57:53.707 30227   827 D UE      : Case APP_CMD_INIT_WINDOW
10-01 08:57:53.707  4845  4864 I Layer   : id=403 removeFromCurrentState com.samsung.android.app.cocktailbarservice/com.samsung.android.app.cocktailbarservice.CocktailBarService$_8146#0 (81)
10-01 08:57:53.707 30227 30227 I ViewRootImpl@c8ba355[GameActivity]: [DP] dp(2) 1 android.view.SurfaceView.updateSurface:1379 android.view.SurfaceView$1.onPreDraw:232 android.view.ViewTreeObserver.dispatchOnPreDraw:1124 
10-01 08:57:53.707 30227   827 D UE      : LogAndroidEvents::EnqueueAppEvent : 0, [width=1200, height=2000], tid = 827, APP_EVENT_STATE_WINDOW_CREATED
10-01 08:57:53.707 30227   827 D UE      : LogAndroidEvents::EnqueueAppEvent : 14, [width=-1, height=-1], tid = 827, APP_EVENT_STATE_APP_ACTIVATED
10-01 08:57:53.707 30227   827 D UE      : LogAndroidEvents::EnqueueAppEvent : 15, [width=-1, height=-1], tid = 827, APP_EVENT_RUN_CALLBACK
10-01 08:57:53.708 30227 30227 I ViewRootImpl@c8ba355[GameActivity]: [DP] pdf(1) 1 android.view.SurfaceView.notifyDrawFinished:600 android.view.SurfaceView.performDrawFinished:587 android.view.SurfaceView.lambda$TWz4D2u33ZlAmRtgKzbqqDue3iM:0 
10-01 08:57:53.710 30227   827 D UE      : LogAndroidEvents::EnqueueAppEvent : 1, [width=1200, height=2000], tid = 827, APP_EVENT_STATE_WINDOW_RESIZED
10-01 08:57:53.710 30227   827 D UE      : LogAndroidEvents::EnqueueAppEvent : 4, [width=-1, height=-1], tid = 827, APP_EVENT_STATE_WINDOW_REDRAW_NEEDED
10-01 08:57:53.713  5108  5143 I SurfaceControl: nativeRelease nativeObject s[496857995264]
10-01 08:57:53.713  5108  5143 I SurfaceControl: nativeRelease nativeObject e[496857995264]
10-01 08:57:53.713  5108  5143 I SurfaceControl: nativeRelease nativeObject s[499283000992]
10-01 08:57:53.713  5108  5143 I SurfaceControl: nativeRelease nativeObject e[499283000992]
10-01 08:57:53.713  4845  4864 I SurfaceFlinger: id=423 Removed Surface(name=677a488 NavigationBar0)/@0xdc331b9 - animation-leash#1 (81)
10-01 08:57:53.714  4845  5252 I SurfaceFlinger: id=422 Removed Surface(name=659aedf StatusBar)/@0xbb89381 - animation-leash#1 (81)
10-01 08:57:53.714  5108  7603 I GenerationRegistry: mBackingStore.isClosed() : false
10-01 08:57:53.715  4751  4780 D gralloc : [mali_gralloc_allocate] begin
10-01 08:57:53.715  4751  4780 D gralloc : buffer_descriptor: wh(1200 2000) usage_pc(0x966 0x906) hal_format(0x1) layer_count(1) sizes(0 0 0) strde(0) byte_stride(0) alloc_wh(0 0) internal_format(0x0) alloc_format(0x0) fd_count(1) plane_count(0)
10-01 08:57:53.715  5108  5460 V WindowManager: Relayout hash=d6c8dff, pid=8146: mAttrs={(0,430)(67x228) gr=TOP RIGHT CENTER sim={adjust=nothing} layoutInDisplayCutoutMode=shortEdges ty=2226 fmt=TRANSPARENT
10-01 08:57:53.715  5108  5460 V WindowManager:   fl=81800548
10-01 08:57:53.715  5108  5460 V WindowManager:   pfl=2000050
10-01 08:57:53.715  5108  5460 V WindowManager:   bhv=SHOW_TRANSIENT_BARS_BY_SWIPE
10-01 08:57:53.715  5108  5460 V WindowManager:   fitTypes=NAVIGATION_BARS CAPTION_BAR dimAmount=0.0 dimDuration=0 naviIconColor=0
10-01 08:57:53.715  5108  5460 V WindowManager:   sfl=200000}
10-01 08:57:53.715 30227 30227 I ViewRootImpl@c8ba355[GameActivity]: [DP] pd() Asnyc report
10-01 08:57:53.715 30227 30227 I ViewRootImpl@c8ba355[GameActivity]: mAttachInfo.mThreadedRenderer.draw, mView = DecorView@45aa64d[GameActivity] w = 1200 h = 2000
10-01 08:57:53.716  4845  4845 D SurfaceFlinger: Display 0 HWC layers:
10-01 08:57:53.716  4845  4845 D SurfaceFlinger:      DEVICE | 0x78692f4140 | 0000 | RGBA_8888    |    0.0    0.0 1200.0 2000.0 |    0    0 1200 2000 | Splash Screen com.YourCompany.Unreal_IGB200#0
10-01 08:57:53.716  4845  4845 D SurfaceFlinger:      DEVICE | 0x788a433640 | 0000 | RGBA_8888    |    0.0    0.0 1200.0   72.0 |    0 1928 1200 2000 | NavigationBar0$_5442#0
10-01 08:57:53.716  4845  4845 D SurfaceFlinger:      DEVICE | 0x790be38700 | 0000 | RGBA_8888    |    0.0    0.0 1200.0   36.0 |    0    0 1200   36 | ScreenDecorOverlay$_5442#0
10-01 08:57:53.716  4845  4845 D SurfaceFlinger:      DEVICE | 0x790be385c0 | 0000 | RGBA_8888    |    0.0    0.0 1200.0   36.0 |    0 1964 1200 2000 | ScreenDecorOverlayBottom$_5442#0
10-01 08:57:53.716  4845  4845 D SurfaceFlinger: 
10-01 08:57:53.717  8146  8146 I SurfaceControl: nativeRelease nativeObject s[499143359712]
10-01 08:57:53.717  8146  8146 I SurfaceControl: nativeRelease nativeObject e[499143359712]
10-01 08:57:53.717  4845  4864 I SurfaceFlinger: id=403 Removed com.samsung.android.app.cocktailbarservice/com.samsung.android.app.cocktailbarservice.CocktailBarService$_8146#0 (81)
10-01 08:57:53.718  8146  8146 I SurfaceControl: assignNativeObject: nativeObject = 0 Surface(name=null)/@0xd9a7da0 / android.view.SurfaceControl.readFromParcel:1117 android.view.IWindowSession$Stub$Proxy.relayout:1810 android.view.ViewRootImpl.relayoutWindow:9130 android.view.ViewRootImpl.performTraversals:3420 android.view.ViewRootImpl.doTraversal:2669 android.view.ViewRootImpl$TraversalRunnable.run:10092 android.view.Choreographer$CallbackRecord.run:1010 android.view.Choreographer.doCallbacks:809 android.view.Choreographer.doFrame:744 android.view.Choreographer$FrameDisplayEventReceiver.run:995 
10-01 08:57:53.718  8146  8146 I SurfaceControl: assignNativeObject: nativeObject = 0 Surface(name=null)/@0x35cf17a / android.view.SurfaceControl.readFromParcel:1117 android.view.IWindowSession$Stub$Proxy.relayout:1820 android.view.ViewRootImpl.relayoutWindow:9130 android.view.ViewRootImpl.performTraversals:3420 android.view.ViewRootImpl.doTraversal:2669 android.view.ViewRootImpl$TraversalRunnable.run:10092 android.view.Choreographer$CallbackRecord.run:1010 android.view.Choreographer.doCallbacks:809 android.view.Choreographer.doFrame:744 android.view.Choreographer$FrameDisplayEventReceiver.run:995 
10-01 08:57:53.719  4751  4780 D gralloc : [mali_gralloc_allocate] allocation successful
10-01 08:57:53.720  4751  4780 D gralloc : [mali_gralloc_allocate] begin
10-01 08:57:53.720  4751  4780 D gralloc : buffer_descriptor: wh(1200 2000) usage_pc(0x40000000000b00 0x40000000000b00) hal_format(0x1) layer_count(1) sizes(0 0 0) strde(0) byte_stride(0) alloc_wh(0 0) internal_format(0x0) alloc_format(0x0) fd_count(1) plane_count(0)
10-01 08:57:53.720 30227   840 I SurfaceView: setParentSpaceRectangle: useBLAST = false position = Rect(0, 0 - 1200, 2000) frameNumber = 1 t = android.view.SurfaceControl$Transaction@a438a0e
10-01 08:57:53.720  8146  8146 I ViewRootImpl@7578022[CocktailBarService]: Relayout returned: old=(1133,430,1200,658) new=(1133,430,1200,658) req=(67,228)8 dur=16 res=0x5 s={false 0} ch=true fn=3
10-01 08:57:53.721 30227   840 I SurfaceView: applySurfaceTransforms: t = android.view.SurfaceControl$Transaction@a438a0e surfaceControl = Surface(name=SurfaceView - com.YourCompany.Unreal_IGB200/com.epicgames.unreal.GameActivity@f2d365b@0)/@0x7a63c2f frame = 1
10-01 08:57:53.721 30227   840 I SurfaceView: applySurfaceTransforms: postScaleX = 1.0 postScaleY = 1.0
10-01 08:57:53.722  8146  8146 I TrayStateController: putInputRect mDynamicInputRegion=243412267@LastEvent=t=1727737073722Rect(43, 0 - 67, 228),Rect=Rect(0, 0 - 0, 0)
10-01 08:57:53.727  4845  4845 I Layer   : id=403[1] Destroyed com.samsung.android.app.cocktailbarservice/com.samsung.android.app.cocktailbarservice.CocktailBarService$_8146#0
10-01 08:57:53.727  4845  4845 I Layer   : id=422[1] Destroyed Surface(name=659aedf StatusBar)/@0xbb89381 - animation-leash#1
10-01 08:57:53.727  4751  4780 D gralloc : [mali_gralloc_allocate] allocation successful
10-01 08:57:53.727  4845  4845 I Layer   : id=423[1] Destroyed Surface(name=677a488 NavigationBar0)/@0xdc331b9 - animation-leash#1
10-01 08:57:53.732  4255  4255 I lmkd    : 0(delay),50(swap), 0(freelimit) memory pressure events were skipped after a kill!
10-01 08:57:53.733 30227 30227 I ViewRootImpl@c8ba355[GameActivity]: [DP] pdf(0) 1 android.view.ViewRootImpl.lambda$performDraw$1$ViewRootImpl:4743 android.view.-$$Lambda$ViewRootImpl$DJd0VUYJgsebcnSohO6h8zc_ONI.run:6 android.os.Handler.handleCallback:938 
10-01 08:57:53.733 30227 30227 I ViewRootImpl@c8ba355[GameActivity]: [DP] rdf()
10-01 08:57:53.733  5108  7603 D WindowManager: finishDrawingWindow: Window{cf0eec7 u0 com.YourCompany.Unreal_IGB200/com.epicgames.unreal.GameActivity} mDrawState=DRAW_PENDING
10-01 08:57:53.734 30227 30227 I ViewRootImpl@4b85a49[GameActivity]: [DP] pdf(0) 1 android.view.ViewRootImpl.lambda$performDraw$1$ViewRootImpl:4743 android.view.-$$Lambda$ViewRootImpl$DJd0VUYJgsebcnSohO6h8zc_ONI.run:6 android.os.Handler.handleCallback:938 
10-01 08:57:53.734 30227 30227 I ViewRootImpl@4b85a49[GameActivity]: [DP] rdf()
10-01 08:57:53.735  5108   842 D TspStateManager: update cmd=set_grip_data,0,0,0,0
10-01 08:57:53.736  5108  7603 D WindowManager: finishDrawingWindow: Window{e130dad u0 com.YourCompany.Unreal_IGB200/com.epicgames.unreal.GameActivity} mDrawState=DRAW_PENDING
10-01 08:57:53.737 30227 30227 D UE      : [GameActivity] === Thermal status changed to 0
