10-01 08:57:53.740  5108  5337 W SemWifiTransportLayerUtils: getApplicationCategory - IOException com.YourCompany.Unreal_IGB200
10-01 08:57:53.741  5108  5337 W System.err: java.io.FileNotFoundException: https://play.google.com/store/apps/details?id=com.YourCompany.Unreal_IGB200&hl=en
10-01 08:57:53.741  5108  5337 W System.err: 	at com.android.okhttp.internal.huc.HttpURLConnectionImpl.getInputStream(HttpURLConnectionImpl.java:255)
10-01 08:57:53.741  5108  5337 W System.err: 	at com.android.okhttp.internal.huc.DelegatingHttpsURLConnection.getInputStream(DelegatingHttpsURLConnection.java:211)
10-01 08:57:53.741  5108  5337 W System.err: 	at com.android.okhttp.internal.huc.HttpsURLConnectionImpl.getInputStream(HttpsURLConnectionImpl.java:30)
10-01 08:57:53.741  5108  5337 W System.err: 	at com.samsung.android.server.wifi.tcp.SemWifiTransportLayerUtils.getApplicationCategory(SemWifiTransportLayerUtils.java:103)
10-01 08:57:53.741  5108  5337 W System.err: 	at com.samsung.android.server.wifi.tcp.SemWifiTransportLayerMonitor$TcpMonitorHandler.handleMessage(SemWifiTransportLayerMonitor.java:242)
10-01 08:57:53.741  5108  5337 W System.err: 	at android.os.Handler.dispatchMessage(Handler.java:106)
10-01 08:57:53.741  5108  5337 W System.err: 	at android.os.Looper.loop(Looper.java:247)
10-01 08:57:53.741  5108  5337 W System.err: 	at android.os.HandlerThread.run(HandlerThread.java:67)
10-01 08:57:53.741  5108  5337 D SemWifiPackageInfo: isSkipCategory - skip:FAILED
10-01 08:57:53.742  5108  5337 D SemWifiTransportLayerMonitor.TcpMonitorHandler: MSG_SAVE_PACKAGE_INFO
10-01 08:57:53.742  5108  5337 D SemWifiTransportLayerFileManager: saveWifiPackageInfoToFile
10-01 08:57:53.742  5108  5337 D SemWifiTransportLayerFileManager: writeWifiPackageInfoList
10-01 08:57:53.742  5108  5143 D PkgPredictorService: pkg:com.YourCompany.Unreal_IGB200 activity:com.epicgames.unreal.GameActivity thisTime:652
10-01 08:57:53.742  5108  5143 D PkgPredictorService-Collector: update activity launch time: GameActivity : 652
10-01 08:57:53.742  5108  5143 I SemDvfsHyPerManager: acquire hyper - AMS_RESUME_TAIL/5108@18, type = -999
10-01 08:57:53.742  5108  5143 I SemDvfsHyPerManager: acquire hyper - AMS_ACT_LAZY/5108@19, type = -999
10-01 08:57:53.742  5108  5143 D ActivityManagerPerformance: AMP_acquire() TAIL
10-01 08:57:53.742  5108  5143 D ActivityManagerPerformance: AMP_release() APP_SWITCH
10-01 08:57:53.744  4765  4805 I HYPER-HAL: [RequestManager.cpp]acquire(): Acquired ID : 13140519  [5108 / 18]    HINT : AMS_RESUME_TAIL    list : 
10-01 08:57:53.745  5108  7603 V WindowManager: Relayout Window{d6c8dff u0 com.samsung.android.app.cocktailbarservice/com.samsung.android.app.cocktailbarservice.CocktailBarService}: viewVisibility=8 req=67x228 d0
10-01 08:57:53.745  4765  4805 I HYPER-HAL: [ResourceManager.cpp]updateResource(): [CPUMinFreq] UpdateResource Request ID : 13140519    Value : 1768000
10-01 08:57:53.745  4765  4805 I HYPER-HAL: [RequestManager.cpp]acquire(): Acquired ID : 13145647  [5108 / 19]    HINT :      list : 
10-01 08:57:53.745 30227 30227 D UE      : [GameActivity] === Restoring Transparent Bars due to Visibility Change ===
10-01 08:57:53.746 30227 30227 D UE      : [GameActivity] === Restoring Transparent Bars ===
10-01 08:57:53.746  4765  4805 E HYPER-HAL: [Request.cpp]acquire(): Request:: id : 13145647, No Resource to set, but wrong args existed
10-01 08:57:53.746  4765  4805 I HYPER-HAL: [ResourceManager.cpp]removeResource(): [CPUMinFreq] RemoveResource Request ID : 13150776
10-01 08:57:53.747  4765  4805 I HYPER-HAL: [RequestManager.cpp]releaseLocked(): Released ID : 13150776
10-01 08:57:53.748  5108  7603 V WindowManager: Relayout hash=d6c8dff, pid=8146: mAttrs={(0,430)(67x228) gr=TOP RIGHT CENTER sim={adjust=nothing} layoutInDisplayCutoutMode=shortEdges ty=2226 fmt=TRANSPARENT
10-01 08:57:53.748  5108  7603 V WindowManager:   fl=81800548
10-01 08:57:53.748  5108  7603 V WindowManager:   pfl=2000050
10-01 08:57:53.748  5108  7603 V WindowManager:   bhv=SHOW_TRANSIENT_BARS_BY_SWIPE
10-01 08:57:53.748  5108  7603 V WindowManager:   fitTypes=NAVIGATION_BARS CAPTION_BAR dimAmount=0.0 dimDuration=0 naviIconColor=0
10-01 08:57:53.748  5108  7603 V WindowManager:   sfl=200000}
10-01 08:57:53.749  8146  8146 I SurfaceControl: assignNativeObject: nativeObject = 0 Surface(name=null)/@0xd9a7da0 / android.view.SurfaceControl.readFromParcel:1117 android.view.IWindowSession$Stub$Proxy.relayout:1810 android.view.ViewRootImpl.relayoutWindow:9130 android.view.ViewRootImpl.performTraversals:3420 android.view.ViewRootImpl.doTraversal:2669 android.view.ViewRootImpl$TraversalRunnable.run:10092 android.view.Choreographer$CallbackRecord.run:1010 android.view.Choreographer.doCallbacks:809 android.view.Choreographer.doFrame:744 android.view.Choreographer$FrameDisplayEventReceiver.run:995 
10-01 08:57:53.749  5108  5147 D ArtManagerInternalImpl: /data/misc/iorapd/com.YourCompany.Unreal_IGB200/1/com.epicgames.unreal.GameActivity/compiled_traces/compiled_trace.pb doesn't exist
10-01 08:57:53.749  8146  8146 I SurfaceControl: assignNativeObject: nativeObject = 0 Surface(name=null)/@0x35cf17a / android.view.SurfaceControl.readFromParcel:1117 android.view.IWindowSession$Stub$Proxy.relayout:1820 android.view.ViewRootImpl.relayoutWindow:9130 android.view.ViewRootImpl.performTraversals:3420 android.view.ViewRootImpl.doTraversal:2669 android.view.ViewRootImpl$TraversalRunnable.run:10092 android.view.Choreographer$CallbackRecord.run:1010 android.view.Choreographer.doCallbacks:809 android.view.Choreographer.doFrame:744 android.view.Choreographer$FrameDisplayEventReceiver.run:995 
10-01 08:57:53.750  8146  8146 I ViewRootImpl@7578022[CocktailBarService]: Relayout returned: old=(1133,430,1200,658) new=(1133,430,1200,658) req=(67,228)8 dur=11 res=0x1 s={false 0} ch=false fn=-1
10-01 08:57:53.751  5108  5143 D ViewRootImpl@cdd03ce[Unreal_IGB200]: dispatchDetachedFromWindow: reset blurmask
10-01 08:57:53.751  5108  5143 I ViewRootImpl@cdd03ce[Unreal_IGB200]: DirectWriting, detachedFromWindow, clear editTexts
10-01 08:57:53.751  5108  5143 I ViewRootImpl@cdd03ce[Unreal_IGB200]: dispatchDetachedFromWindow
10-01 08:57:53.752  5108  5143 I SurfaceControl: nativeRelease nativeObject s[499282436032]
10-01 08:57:53.752  5108  5143 I SurfaceControl: nativeRelease nativeObject e[499282436032]
10-01 08:57:53.753 30227 30227 I ViewRootImpl@4b85a49[GameActivity]: MSG_RESIZED_REPORT: frame=(0,0,1200,2000) ci=(0,0,0,0) vi=(0,0,0,0) or=1
10-01 08:57:53.753 30227 30227 I ViewRootImpl@4b85a49[GameActivity]: [DP] dp(1) 1 android.view.ViewRootImpl.reportNextDraw:11078 android.view.ViewRootImpl.access$1300:255 android.view.ViewRootImpl$ViewRootHandler.handleMessage:6207 
10-01 08:57:53.753 30227 30227 I ViewRootImpl@c8ba355[GameActivity]: MSG_RESIZED_REPORT: frame=(0,0,1200,2000) ci=(0,0,0,0) vi=(0,0,0,0) or=1
10-01 08:57:53.753 30227 30227 I ViewRootImpl@c8ba355[GameActivity]: [DP] dp(1) 1 android.view.ViewRootImpl.reportNextDraw:11078 android.view.ViewRootImpl.access$1300:255 android.view.ViewRootImpl$ViewRootHandler.handleMessage:6207 
10-01 08:57:53.755  5108  5143 D InputTransport: Input channel destroyed: '9792ef ', fd=584
10-01 08:57:53.755  8146  8146 I CocktailBarUiController: onCocktailBarStateChanged: flag=0x1 vis=2 bgType= showTimeout=-1 activate=true
10-01 08:57:53.758  5108  5143 I WindowManager: Reparenting to leash, surface=Surface(name=9792ef Splash Screen com.YourCompany.Unreal_IGB200)/@0x2bb1f32, leashParent=Surface(name=ActivityRecord{d0fdb3d u0 com.YourCompany.Unreal_IGB200/com.epicgames.unreal.GameActivity t554})/@0xd2b5042
10-01 08:57:53.758  4845  4864 I SurfaceFlinger: id=433 createSurf (0x0),-1 flag=24000, Surface(name=9792ef Splash Screen com.YourCompany.Unreal_IGB200)/@0x2bb1f32 - animation-leash#0
10-01 08:57:53.759  5108  5143 D WindowManager: makeSurface duration=1 leash=Surface(name=Surface(name=9792ef Splash Screen com.YourCompany.Unreal_IGB200)/@0x2bb1f32 - animation-leash)/@0x2f17853
10-01 08:57:53.760  5108  8236 I InputDispatcher: Focus entered window (30227): cf0eec7 in display 0 0
10-01 08:57:53.763  5108  5143 D InputTransport: Input channel destroyed: '9792ef ', fd=610
10-01 08:57:53.763  5108  8236 V WindowManager: Relayout Window{cf0eec7 u0 com.YourCompany.Unreal_IGB200/com.epicgames.unreal.GameActivity}: viewVisibility=0 req=1200x2000 d0
10-01 08:57:53.768  5108  8236 V WindowManager: Relayout hash=cf0eec7, pid=30227: mAttrs={(0,0)(fillxfill) sim={adjust=resize forwardNavigation} ty=BASE_APPLICATION fmt=RGBA_8888 wanim=0x1030001 sysuil=true
10-01 08:57:53.768  5108  8236 V WindowManager:   fl=1810500
10-01 08:57:53.768  5108  8236 V WindowManager:   pfl=12020000
10-01 08:57:53.768  5108  8236 V WindowManager:   vsysui=1706
10-01 08:57:53.768  5108  8236 V WindowManager:   bhv=SHOW_TRANSIENT_BARS_BY_SWIPE
10-01 08:57:53.768  5108  8236 V WindowManager:   fitSides= naviIconColor=0}
10-01 08:57:53.768  4845  4845 D SurfaceFlinger: Display 0 HWC layers:
10-01 08:57:53.768  4845  4845 D SurfaceFlinger:  SOLID_COLOR |              | 0002 |  Unknown  |    0.0    0.0    0.0    0.0 |    0    0 1200 2000 | Background for -SurfaceView - com.Yo[...]ames.unreal.GameActivity@f2d365b@0#0
10-01 08:57:53.768  4845  4845 D SurfaceFlinger:      DEVICE | 0x790be39b00 | 0000 | RGBA_8888    |    0.0    0.0 1200.0 2000.0 |    0    0 1200 2000 | com.YourCompany.Unreal_IGB200/com.epicgames.unreal.GameActivity$_30227#1
10-01 08:57:53.768  4845  4845 D SurfaceFlinger:      DEVICE | 0x78692f4280 | 0000 | RGBA_8888    |    0.0    0.0 1200.0 2000.0 |    0    0 1200 2000 | com.YourCompany.Unreal_IGB200/com.epicgames.unreal.GameActivity$_30227#0
10-01 08:57:53.768  4845  4845 D SurfaceFlinger:      DEVICE | 0x790be39740 | 0000 | RGBA_8888    |    0.0    0.0 1200.0 2000.0 |    0    0 1200 2000 | Splash Screen com.YourCompany.Unreal_IGB200#0
10-01 08:57:53.768  4845  4845 D SurfaceFlinger:      DEVICE | 0x788a433640 | 0000 | RGBA_8888    |    0.0    0.0 1200.0   72.0 |    0 1928 1200 2000 | NavigationBar0$_5442#0
10-01 08:57:53.768  4845  4845 D SurfaceFlinger:      DEVICE | 0x790be38700 | 0000 | RGBA_8888    |    0.0    0.0 1200.0   36.0 |    0    0 1200   36 | ScreenDecorOverlay$_5442#0
10-01 08:57:53.768  4845  4845 D SurfaceFlinger:      DEVICE | 0x790be385c0 | 0000 | RGBA_8888    |    0.0    0.0 
10-01 08:57:53.768  4845  4845 D SurfaceFlinger: 1200.0   36.0 |    0 1964 1200 2000 | ScreenDecorOverlayBottom$_5442#0
10-01 08:57:53.768  4845  4845 D SurfaceFlinger: 
10-01 08:57:53.768  5108  8236 I SurfaceControl: nativeRelease nativeObject s[496847670784]
10-01 08:57:53.768  5108  8236 I SurfaceControl: nativeRelease nativeObject e[496847670784]
10-01 08:57:53.770 30227 30227 I SurfaceControl: nativeRelease nativeObject s[501699495424]
10-01 08:57:53.770 30227 30227 I SurfaceControl: nativeRelease nativeObject e[501699495424]
10-01 08:57:53.771 30227 30227 I SurfaceControl: assignNativeObject: nativeObject = 0 Surface(name=null)/@0xaf522a4 / android.view.SurfaceControl.readFromParcel:1117 android.view.IWindowSession$Stub$Proxy.relayout:1820 android.view.ViewRootImpl.relayoutWindow:9130 android.view.ViewRootImpl.performTraversals:3420 android.view.ViewRootImpl.doTraversal:2669 android.view.ViewRootImpl$TraversalRunnable.run:10092 android.view.Choreographer$CallbackRecord.run:1010 android.view.Choreographer.doCallbacks:809 android.view.Choreographer.doFrame:744 android.view.Choreographer$FrameDisplayEventReceiver.run:995 
10-01 08:57:53.773 30227 30227 I SurfaceControl: nativeRelease nativeObject s[499143356832]
10-01 08:57:53.773 30227 30227 I SurfaceControl: nativeRelease nativeObject e[499143356832]
10-01 08:57:53.773 30227 30227 I SurfaceControl: nativeRelease nativeObject s[499143356736]
10-01 08:57:53.773 30227 30227 I SurfaceControl: nativeRelease nativeObject e[499143356736]
10-01 08:57:53.773 30227 30227 I ViewRootImpl@c8ba355[GameActivity]: Relayout returned: old=(0,0,1200,2000) new=(0,0,1200,2000) req=(1200,2000)0 dur=10 res=0x1 s={true 497336676352} ch=false fn=2
10-01 08:57:53.776 30227 30227 I ViewRootImpl@c8ba355[GameActivity]: [DP] pd() Asnyc report
10-01 08:57:53.779  5108  5147 I ActivityTaskManager: Displayed com.YourCompany.Unreal_IGB200/com.epicgames.unreal.GameActivity: +652ms
10-01 08:57:53.779  4845  4864 E BufferQueueProducer: [com.YourCompany.Unreal_IGB200/com.epicgames.unreal.GameActivity$_30227#1](id:12ed00000045,api:0,p:-1,c:4845) disconnect: not connected (req=1)
10-01 08:57:53.779 30227   321 W libEGL  : EGLNativeWindowType 0x73cb937010 disconnect failed
10-01 08:57:53.780  5108  5147 I Pageboost: Launch time gathered : pid 30227 com.YourCompany.Unreal_IGB200 652
10-01 08:57:53.780 30227 30227 I ViewRootImpl@c8ba355[GameActivity]: mAttachInfo.mThreadedRenderer.draw, mView = DecorView@45aa64d[GameActivity] w = 1200 h = 2000
10-01 08:57:53.781  6405  6405 E pageboostd: Received HALT command code 2
10-01 08:57:53.783  4751  4780 D gralloc : [mali_gralloc_allocate] begin
10-01 08:57:53.783  4751  4780 D gralloc : buffer_descriptor: wh(1200 2000) usage_pc(0x40000000000b00 0x40000000000b00) hal_format(0x1) layer_count(1) sizes(0 0 0) strde(0) byte_stride(0) alloc_wh(0 0) internal_format(0x0) alloc_format(0x0) fd_count(1) plane_count(0)
10-01 08:57:53.787  4751  4780 D gralloc : [mali_gralloc_allocate] allocation successful
10-01 08:57:53.793  5108  5460 V WindowManager: Relayout Window{e130dad u0 com.YourCompany.Unreal_IGB200/com.epicgames.unreal.GameActivity}: viewVisibility=0 req=1200x2000 d0
10-01 08:57:53.800  5108  5460 V WindowManager: Relayout hash=e130dad, pid=30227: mAttrs={(0,0)(fillxfill) gr=CENTER sim={adjust=pan forwardNavigation} ty=APPLICATION fmt=TRANSLUCENT wanim=0x1030001
10-01 08:57:53.800  5108  5460 V WindowManager:   fl=1810508
10-01 08:57:53.800  5108  5460 V WindowManager:   pfl=12020000
10-01 08:57:53.800  5108  5460 V WindowManager:   vsysui=f06
10-01 08:57:53.800  5108  5460 V WindowManager:   bhv=SHOW_TRANSIENT_BARS_BY_SWIPE
10-01 08:57:53.800  5108  5460 V WindowManager:   fitSides= naviIconColor=0}
10-01 08:57:53.800  5108  5460 I SurfaceControl: nativeRelease nativeObject s[499143362784]
10-01 08:57:53.800  5108  5460 I SurfaceControl: nativeRelease nativeObject e[499143362784]
10-01 08:57:53.802 30227 30227 I SurfaceControl: nativeRelease nativeObject s[501699502432]
10-01 08:57:53.802 30227 30227 I SurfaceControl: nativeRelease nativeObject e[501699502432]
10-01 08:57:53.802 30227 30227 I SurfaceControl: assignNativeObject: nativeObject = 0 Surface(name=null)/@0xbf6a16a / android.view.SurfaceControl.readFromParcel:1117 android.view.IWindowSession$Stub$Proxy.relayout:1820 android.view.ViewRootImpl.relayoutWindow:9130 android.view.ViewRootImpl.performTraversals:3420 android.view.ViewRootImpl.doTraversal:2669 android.view.ViewRootImpl$TraversalRunnable.run:10092 android.view.Choreographer$CallbackRecord.run:1010 android.view.Choreographer.doCallbacks:809 android.view.Choreographer.doFrame:744 android.view.Choreographer$FrameDisplayEventReceiver.run:995 
10-01 08:57:53.804 30227 30227 I ViewRootImpl@4b85a49[GameActivity]: Relayout returned: old=(0,0,1200,2000) new=(0,0,1200,2000) req=(1200,2000)0 dur=10 res=0x1 s={true 497336668160} ch=false fn=2
10-01 08:57:53.805 30227 30227 I ViewRootImpl@4b85a49[GameActivity]: [DP] pd() Asnyc report
10-01 08:57:53.806  4845  5252 E BufferQueueProducer: [com.YourCompany.Unreal_IGB200/com.epicgames.unreal.GameActivity$_30227#0](id:12ed00000044,api:0,p:-1,c:4845) disconnect: not connected (req=1)
10-01 08:57:53.806 30227   321 W libEGL  : EGLNativeWindowType 0x73cb935010 disconnect failed
10-01 08:57:53.808 30227 30227 I ViewRootImpl@4b85a49[GameActivity]: mAttachInfo.mThreadedRenderer.draw, mView = DecorView@5d27502[GameActivity] w = 1200 h = 2000
10-01 08:57:53.812  4751  4780 D gralloc : [mali_gralloc_allocate] begin
10-01 08:57:53.812  4751  4780 D gralloc : buffer_descriptor: wh(1200 2000) usage_pc(0x40000000000b00 0x40000000000b00) hal_format(0x1) layer_count(1) sizes(0 0 0) strde(0) byte_stride(0) alloc_wh(0 0) internal_format(0x0) alloc_format(0x0) fd_count(1) plane_count(0)
10-01 08:57:53.812  4751  4780 D gralloc : [mali_gralloc_allocate] allocation successful
10-01 08:57:53.817 30227 30227 I ViewRootImpl@4b85a49[GameActivity]: [DP] pdf(0) 1 android.view.ViewRootImpl.lambda$performDraw$1$ViewRootImpl:4743 android.view.-$$Lambda$ViewRootImpl$DJd0VUYJgsebcnSohO6h8zc_ONI.run:6 android.os.Handler.handleCallback:938 
10-01 08:57:53.817 30227 30227 I ViewRootImpl@4b85a49[GameActivity]: [DP] rdf()
10-01 08:57:53.818  5108  5460 D WindowManager: finishDrawingWindow: Window{e130dad u0 com.YourCompany.Unreal_IGB200/com.epicgames.unreal.GameActivity} mDrawState=HAS_DRAWN
10-01 08:57:53.818 30227 30227 I ViewRootImpl@c8ba355[GameActivity]: [DP] pdf(0) 1 android.view.ViewRootImpl.lambda$performDraw$1$ViewRootImpl:4743 android.view.-$$Lambda$ViewRootImpl$DJd0VUYJgsebcnSohO6h8zc_ONI.run:6 android.os.Handler.handleCallback:938 
10-01 08:57:53.818 30227 30227 I ViewRootImpl@c8ba355[GameActivity]: [DP] rdf()
10-01 08:57:53.819  5108  7603 D WindowManager: finishDrawingWindow: Window{cf0eec7 u0 com.YourCompany.Unreal_IGB200/com.epicgames.unreal.GameActivity} mDrawState=HAS_DRAWN
10-01 08:57:53.820 30227 30227 I ViewRootImpl@c8ba355[GameActivity]: MSG_WINDOW_FOCUS_CHANGED 1 1
10-01 08:57:53.821 30227 30227 D InputMethodManager: prepareNavigationBarInfo() DecorView@45aa64d[GameActivity]
10-01 08:57:53.821 30227 30227 D InputMethodManager: getNavigationBarColor() -16711423
10-01 08:57:53.824 30227 30227 D EmergencyMode: [EmergencyManager] android createPackageContext successful: com.YourCompany.Unreal_IGB200
10-01 08:57:53.826  5108  5143 I WindowManager: Reparenting to original parent: Surface(name=ActivityRecord{d0fdb3d u0 com.YourCompany.Unreal_IGB200/com.epicgames.unreal.GameActivity t554})/@0xd2b5042, destroy=true, surface=Surface(name=9792ef Splash Screen com.YourCompany.Unreal_IGB200)/@0x2bb1f32
10-01 08:57:53.827  5108  5143 I SurfaceControl: nativeRelease nativeObject s[501699499072]
10-01 08:57:53.827  5108  5143 I SurfaceControl: nativeRelease nativeObject e[501699499072]
10-01 08:57:53.829  5108  5143 E WindowManager: win=Window{9792ef u0 Splash Screen com.YourCompany.Unreal_IGB200 EXITING} destroySurfaces: appStopped=false win.mWindowRemovalAllowed=true win.mRemoveOnExit=true win.mViewVisibility=0 caller=com.android.server.wm.ActivityRecord.destroySurfaces:5699 com.android.server.wm.ActivityRecord.destroySurfaces:5680 com.android.server.wm.WindowState.onExitAnimationDone:5706 com.android.server.wm.WindowStateAnimator.onAnimationFinished:335 com.android.server.wm.WindowState.onAnimationFinished:6179 com.android.server.wm.-$$Lambda$dwJG8BAnLlvKNGuDY9U3-haNY4M.onAnimationFinished:2 com.android.server.wm.SurfaceAnimator.lambda$getFinishedCallback$0$SurfaceAnimator:112 
10-01 08:57:53.829  5108  5143 I WindowManager: Destroying surface Surface(name=Splash Screen com.YourCompany.Unreal_IGB200)/@0xf1146af called by com.android.server.wm.WindowStateAnimator.destroySurface:1804 com.android.server.wm.WindowStateAnimator.destroySurfaceLocked:771 com.android.server.wm.WindowState.destroySurfaceUnchecked:3980 com.android.server.wm.WindowState.destroySurface:3954 com.android.server.wm.ActivityRecord.destroySurfaces:5699 com.android.server.wm.ActivityRecord.destroySurfaces:5680 com.android.server.wm.WindowState.onExitAnimationDone:5706 com.android.server.wm.WindowStateAnimator.onAnimationFinished:335 
10-01 08:57:53.829  5108  5143 I SurfaceControl: nativeRelease nativeObject s[497376763712]
10-01 08:57:53.830  5108  5143 I SurfaceControl: nativeRelease nativeObject e[497376763712]
10-01 08:57:53.830  4845  5252 I Layer   : id=420 removeFromCurrentState Splash Screen com.YourCompany.Unreal_IGB200#0 (79)
10-01 08:57:53.830  5108  5143 I SurfaceControl: nativeRelease nativeObject s[498897120608]
10-01 08:57:53.830  5108  5143 I SurfaceControl: nativeRelease nativeObject e[498897120608]
10-01 08:57:53.834  4845  4864 I Layer   : id=419 removeFromCurrentState 9792ef Splash Screen com.YourCompany.Unreal_IGB200#0 (79)
10-01 08:57:53.834  4845  4864 I Layer   : id=433 removeFromCurrentState Surface(name=9792ef Splash Screen com.YourCompany.Unreal_IGB200)/@0x2bb1f32 - animation-leash#0 (79)
10-01 08:57:53.834  4845  4864 I SurfaceFlinger: id=419 Removed 9792ef Splash Screen com.YourCompany.Unreal_IGB200#0 (79)
10-01 08:57:53.835  4845  5252 I SurfaceFlinger: id=433 Removed Surface(name=9792ef Splash Screen com.YourCompany.Unreal_IGB200)/@0x2bb1f32 - animation-leash#0 (79)
10-01 08:57:53.835  4845  6021 I SurfaceFlinger: id=420 Removed Splash Screen com.YourCompany.Unreal_IGB200#0 (79)
10-01 08:57:53.836 30227 30227 D InputMethodManager: prepareNavigationBarInfo() DecorView@45aa64d[GameActivity]
10-01 08:57:53.836 30227 30227 D InputMethodManager: getNavigationBarColor() -16711423
10-01 08:57:53.836 30227 30227 V InputMethodManager: Starting input: tba=com.YourCompany.Unreal_IGB200 ic=null mNaviBarColor -16711423 mIsGetNaviBarColorSuccess true , NavVisible : false , NavTrans : false
10-01 08:57:53.836 30227 30227 D InputMethodManager: startInputInner - Id : 0
10-01 08:57:53.836 30227 30227 I InputMethodManager: startInputInner - mService.startInputOrWindowGainedFocus
10-01 08:57:53.837  5108  7603 D InputMethodManagerService: mSecureKeypadEnabled = false
10-01 08:57:53.837  5108  7603 V InputMethodManagerService: Unspecified window will hide input
10-01 08:57:53.837  5108  7603 V InputMethodManagerService: hideCurrentInputLocked : shouldHideSoftInput is false
10-01 08:57:53.837  5108  7603 D InputMethodManagerService: DESKTOP MODE! : 2
10-01 08:57:53.837  5108  7603 D InputMethodManagerService: NOT IN KNOX DESKTOP MODE!
10-01 08:57:53.837  5108  7603 V InputMethodManagerService: getDisplayIdOfInputMethodWindowToBeAdded : 0
10-01 08:57:53.838  5108  7603 V InputMethodManagerService: Hide switching menu
10-01 08:57:53.838  5108  7603 D SamsungIMMSHWKeyboard: isConnectedDexOnPC false
10-01 08:57:53.838  5108  7603 D InputMethodManagerService: isImeSwitcherDisabledPackage : false
10-01 08:57:53.838  5108  7603 V InputMethodManagerService: Creating new session for client ClientState{83e9abc uid=10299 pid=30227 displayId=0}
10-01 08:57:53.838  5108  7603 D InputTransport: Input channel constructed: 'ClientS', fd=496
10-01 08:57:53.838  5108  7603 D InputTransport: Input channel constructed: 'ClientS', fd=584
10-01 08:57:53.839  5108  7603 D InputTransport: Input channel destroyed: 'ClientS', fd=584
10-01 08:57:53.842  5108  5460 D InputMethodManagerService: checkDisplayOfStartInputAndUpdateKeyboard display Id 0last 0
10-01 08:57:53.843  5108  5460 D InputTransport: Input channel constructed: 'ClientS', fd=584
10-01 08:57:53.843  4845  4845 I Layer   : id=433[1] Destroyed Surface(name=9792ef Splash Screen com.YourCompany.Unreal_IGB200)/@0x2bb1f32 - animation-leash#0
10-01 08:57:53.843  4845  4845 I Layer   : id=419[1] Destroyed 9792ef Splash Screen com.YourCompany.Unreal_IGB200#0
10-01 08:57:53.843  5108  5460 D InputTransport: Input channel destroyed: 'ClientS', fd=584
10-01 08:57:53.843 30227   305 D InputTransport: Input channel constructed: 'ClientS', fd=120
10-01 08:57:53.845  5738  5738 I ViewRootImpl@9c5e80d[LauncherActivity]: stopped(true) old=false
10-01 08:57:53.845 30227 30227 D InputMethodManager: prepareNavigationBarInfo() DecorView@45aa64d[GameActivity]
10-01 08:57:53.845 30227 30227 D InputMethodManager: getNavigationBarColor() -16711423
10-01 08:57:53.846 30227 30227 V InputMethodManager: Starting input: tba=com.YourCompany.Unreal_IGB200 ic=null mNaviBarColor -16711423 mIsGetNaviBarColorSuccess true , NavVisible : false , NavTrans : false
10-01 08:57:53.846 30227 30227 D InputMethodManager: startInputInner - Id : 0
10-01 08:57:53.846  4845  4845 I Layer   : id=420[1] Destroyed Splash Screen com.YourCompany.Unreal_IGB200#0
10-01 08:57:53.849  5108  7603 I WindowManager: Cancelling animation restarting=true, leash=Surface(name=Surface(name=512621c InputMethod)/@0x5232bfa - animation-leash)/@0x83fc583
10-01 08:57:53.849  5108  7603 I WindowManager: Reparenting to original parent: Surface(name=WindowToken{bb63b2d android.os.Binder@d344e44})/@0x4bc15ab, destroy=false, surface=Surface(name=512621c InputMethod)/@0x5232bfa
10-01 08:57:53.849  5108  7603 I SurfaceControl: nativeRelease nativeObject s[496844440032]
10-01 08:57:53.849  5108  7603 I SurfaceControl: nativeRelease nativeObject e[496844440032]
10-01 08:57:53.849  5108  7603 I WindowManager: Reparenting to leash, surface=Surface(name=512621c InputMethod)/@0x5232bfa, leashParent=Surface(name=WindowToken{bb63b2d android.os.Binder@d344e44})/@0x4bc15ab
10-01 08:57:53.849  4845  6021 I SurfaceFlinger: id=434 createSurf (0x0),-1 flag=24004, Surface(name=512621c InputMethod)/@0x5232bfa - animation-leash#1
10-01 08:57:53.850  5108  7603 D WindowManager: makeSurface duration=1 leash=Surface(name=Surface(name=512621c InputMethod)/@0x5232bfa - animation-leash)/@0x2b59ecb
10-01 08:57:53.850  4845  4845 D SurfaceFlinger: Display 0 HWC layers:
10-01 08:57:53.850  4845  4845 D SurfaceFlinger:  SOLID_COLOR |              | 0002 |  Unknown  |    0.0    0.0    0.0    0.0 |    0    0 1200 2000 | Background for -SurfaceView - com.Yo[...]ames.unreal.GameActivity@f2d365b@0#0
10-01 08:57:53.850  4845  4845 D SurfaceFlinger:      DEVICE | 0x790be39880 | 0000 | RGBA_8888    |    0.0    0.0 1200.0 2000.0 |    0    0 1200 2000 | com.YourCompany.Unreal_IGB200/com.epicgames.unreal.GameActivity$_30227#1
10-01 08:57:53.850  4845  4845 D SurfaceFlinger:      DEVICE | 0x78692f4500 | 0000 | RGBA_8888    |    0.0    0.0 1200.0 2000.0 |    0    0 1200 2000 | com.YourCompany.Unreal_IGB200/com.epicgames.unreal.GameActivity$_30227#0
10-01 08:57:53.850  4845  4845 D SurfaceFlinger:      DEVICE | 0x788a433640 | 0000 | RGBA_8888    |    0.0    0.0 1200.0   62.0 |    0 1938 1200 2000 | NavigationBar0$_5442#0
10-01 08:57:53.850  4845  4845 D SurfaceFlinger:      DEVICE | 0x790be38700 | 0000 | RGBA_8888    |    0.0    0.0 1200.0   36.0 |    0    0 1200   36 | ScreenDecorOverlay$_5442#0
10-01 08:57:53.850  4845  4845 D SurfaceFlinger:      DEVICE | 0x790be385c0 | 0000 | RGBA_8888    |    0.0    0.0 1200.0   36.0 |    0 1964 1200 2000 | ScreenDecorOverlayBottom$_5442#0
10-01 08:57:53.850  4845  4845 D SurfaceFlinger: 
10-01 08:57:53.851  5108  5460 I ActivityTaskManager: Removing activity ActivityRecord{65fcf59 u0 com.YourCompany.Unreal_IGB200/com.epicgames.unreal.SplashActivity t554 f}}(activityDestroyed)  from stack callers=com.android.server.wm.ActivityRecord.destroyed:4008 com.android.server.wm.ActivityTaskManagerService.activityDestroyed:2669 android.app.IActivityTaskManager$Stub.onTransact:2304 android.os.Binder.execTransactInternal:1195 android.os.Binder.execTransact:1159 
10-01 08:57:53.851  5108  5460 I SurfaceControl: nativeRelease nativeObject s[496844440416]
10-01 08:57:53.851  5108  5460 I SurfaceControl: nativeRelease nativeObject e[496844440416]
10-01 08:57:53.852  7963  7963 I HBD     : HoneyBoardService onFinishInput 
10-01 08:57:53.853  5108  5460 D MARsPolicyManager: onPackageResumedFG pkgName = com.YourCompany.Unreal_IGB200, userId = 0
10-01 08:57:53.853  7963  7963 I HBD     : a IC have been unbinded,  InputConnectionWrapper{idHash=#8ab0ec5 mMissingMethods=}
10-01 08:57:53.853  7963  7963 I HBD     : HoneyBoardService [PF_CL][onFinishInput]  1596808 ns 
10-01 08:57:53.854  7963  7963 I HBD     : HoneyBoardService [IMI] onStartInput - caller pid : 30227 , caller uid : 10299 
10-01 08:57:53.855  7963  7963 I HBD     : i updateConfigs 
10-01 08:57:53.855  7963  7963 I HBD     : i isEnabledNightMode : true 
10-01 08:57:53.856  7963  7963 I HBD     : a IC have been binded, InputConnectionWrapper{idHash=#e4581e9 mMissingMethods=} 
10-01 08:57:53.856  4845  6021 I Layer   : id=404 removeFromCurrentState Surface(name=512621c InputMethod)/@0x5232bfa - animation-leash#0 (77)
10-01 08:57:53.856  4845  6021 I Layer   : id=418 removeFromCurrentState ActivityRecord{65fcf59 u0 com.YourCompany.Unreal_IGB200/com.epicgames.unreal.SplashActivity t554}#0 (77)
10-01 08:57:53.856  7963  7963 I HBD     : h [EditorInputType]setPrivateImeOptionsToTable privateImeOptions ( null )
10-01 08:57:53.856  4845  6021 I SurfaceFlinger: id=418 Removed ActivityRecord{65fcf59 u0 com.YourCompany.Unreal_IGB200/com.epicgames.unreal.SplashActivity t554}#0 (77)
10-01 08:57:53.856  7963  7963 I HBD     : b incognitoMode : false 
10-01 08:57:53.856  7963  7963 I HBD     : a needOff = true , isForceOff = false, isNullInputClass : true 
10-01 08:57:53.857  5738  5738 W LauncherAppWidgetHost: setListenIfResumed, mFlags = 4
10-01 08:57:53.858  7963  7963 I HBD     : h getDefaultInputRange : UNKNOWN 
10-01 08:57:53.858  7963  7963 I HBD     : h getDefaultInputRange : UNKNOWN 
10-01 08:57:53.858  7963  7963 I HBD     : h getDefaultInputRange : UNKNOWN 
10-01 08:57:53.859  5738  5738 W Launcher.NotificationListener: removeNotificationsChangedListener
10-01 08:57:53.859  4845  4845 I Layer   : id=418[1] Destroyed ActivityRecord{65fcf59 u0 com.YourCompany.Unreal_IGB200/com.epicgames.unreal.SplashActivity t554}#0
10-01 08:57:53.859  5738  5738 I BadgeCountUpdaterImpl: onNotificationsChangedDisConnected
10-01 08:57:53.860  5108  8236 D SdpManagerService: Not an enterprise user : 0
10-01 08:57:53.860  5108  8236 D SdpManagerService: Not an enterprise user : 0
10-01 08:57:53.862  5738  5738 I Launcher.NotificationListener: unregisterObserver, this is not notificationService!!
10-01 08:57:53.862  5108  8236 D SamsungIMMSHWKeyboard: isConnectedDexOnPC false
10-01 08:57:53.863 30227 30227 I SurfaceControl: nativeRelease nativeObject s[499282438336]
10-01 08:57:53.863 30227 30227 I SurfaceControl: nativeRelease nativeObject e[499282438336]
10-01 08:57:53.863 30227 30227 I SurfaceControl: nativeRelease nativeObject s[501699495424]
10-01 08:57:53.863 30227 30227 I SurfaceControl: nativeRelease nativeObject e[501699495424]
10-01 08:57:53.864  7963  7963 I HBD     : h getDefaultInputRange : UNKNOWN 
10-01 08:57:53.864  7963  7963 I HBD     : a currentState : 0 
10-01 08:57:53.865  5108  8236 D InputMethodManagerService: isImeSwitcherDisabledPackage : false
10-01 08:57:53.867  7963  7963 I HBD     : h load selected json info : {"version":"1.0","currentLanguageOrder":0,"selected":[{"activeOptionList":["auto_replace","auto_spacing"],"engName":"English","id":65539,"inputType":"qwerty","isUsed":true}]} 
10-01 08:57:53.868  5108  5142 I AppOps  : updateUidProcState uid: 10203 procState: 5 capability:7
10-01 08:57:53.868  5108  5142 I AppOps  : updateUidProcState uid: 10197 procState: 5 capability:7
10-01 08:57:53.868  5108  5142 I ActivityManager: Changes in 10071 2 to 5, 7 to 0 Caller=com.android.server.am.OomAdjuster.updateOomAdjLockedInner:672 com.android.server.am.OomAdjuster.updateOomAdjLocked:416 com.android.server.am.ActivityManagerService.updateOomAdjLocked:21629 com.android.server.am.ActivityManagerService.trimApplicationsLocked:21900 com.android.server.am.ActivityManagerService.trimApplications:21850 com.android.server.am.ActivityManagerService$LocalService.trimApplications:22754 com.android.server.wm.ActivityStackSupervisor.lambda$activityIdleInternal$1$ActivityStackSupervisor:1706 
10-01 08:57:53.868  7963  7963 I HBD     : a [UpdatePolicy] [post] a: 0 cl: 65539 kit: [0/0] vt: 0 ir: 1 
10-01 08:57:53.870  7963  7963 I HBD     : HoneyBoardService [PF_OP][onStartInput]  15717423 ns 
10-01 08:57:53.871  5738  5738 W PageOverlayMover: updateActivityLifecycleState : 4
10-01 08:57:53.871  8254  8599 I PageOverlayServiceImpl: [FROM HOME] updateActivityLifecycleState : 4
10-01 08:57:53.872  5738  5738 I LiveIconUpdateEventHandler: cancelMinuteChangeAlarm
10-01 08:57:53.873  5108  8236 D SamsungAlarmManager: Cancel Alarm calling from uid:10071 pid :5738 / OP:PendingIntent{b298166: PendingIntentRecord{64a025c com.sec.android.app.launcher broadcastIntent}}
10-01 08:57:53.873  8254  8254 I PageOverlayCoordinator: onUiStopped
10-01 08:57:53.874  5108  8236 I SamsungAlarmManager: setLocked to kernel - T:2 / 20241001T090235, set=1387412, now=1105294
10-01 08:57:53.874  5108  8236 I SamsungAlarmManager: setLocked to kernel - T:3 / 20241001T085759, set=1111420, now=1105295
10-01 08:57:53.875  5738  5738 I LiveIconUpdateEventHandler: cancelDateChangeAlarm
10-01 08:57:53.876  8254  8254 I PageOverlayRootLayout: onUiStopped
10-01 08:57:53.877  5108  8236 D SamsungAlarmManager: Cancel Alarm calling from uid:10071 pid :5738 / OP:PendingIntent{fd5ca7: PendingIntentRecord{df1e330 com.sec.android.app.launcher broadcastIntent}}
10-01 08:57:53.878  5108  8236 I SamsungAlarmManager: setLocked to kernel - T:2 / 20241001T090235, set=1387412, now=1105298
10-01 08:57:53.878  5108  8236 I SamsungAlarmManager: setLocked to kernel - T:3 / 20241001T085800, set=1111420, now=1105298
10-01 08:57:53.879  5738  5738 I LiveIconUpdateEventHandler: unregisterReceiver
10-01 08:57:53.882  5738  5738 I SurfaceControl: nativeRelease nativeObject s[499143357120]
10-01 08:57:53.882  5738  5738 I SurfaceControl: nativeRelease nativeObject e[499143357120]
10-01 08:57:53.897  5108  8236 E WindowManager: win=Window{7e88fa0 u0 com.sec.android.app.launcher/com.sec.android.app.launcher.activities.LauncherActivity} destroySurfaces: appStopped=true win.mWindowRemovalAllowed=false win.mRemoveOnExit=false win.mViewVisibility=8 caller=com.android.server.wm.ActivityRecord.destroySurfaces:5699 com.android.server.wm.ActivityRecord.destroySurfaces:5680 com.android.server.wm.ActivityRecord.notifyAppStopped:5739 com.android.server.wm.ActivityRecord.activityStopped:6442 com.android.server.wm.ActivityTaskManagerService.activityStopped:2621 android.app.IActivityTaskManager$Stub.onTransact:2295 android.os.Binder.execTransactInternal:1190 
10-01 08:57:53.898  5108  8236 I WindowManager: Destroying surface Surface(name=com.sec.android.app.launcher/com.sec.android.app.launcher.activities.LauncherActivity$_5738)/@0xe458554 called by com.android.server.wm.WindowStateAnimator.destroySurface:1804 com.android.server.wm.WindowStateAnimator.destroySurfaceLocked:771 com.android.server.wm.WindowState.destroySurfaceUnchecked:3980 com.android.server.wm.WindowState.destroySurface:3954 com.android.server.wm.ActivityRecord.destroySurfaces:5699 com.android.server.wm.ActivityRecord.destroySurfaces:5680 com.android.server.wm.ActivityRecord.notifyAppStopped:5739 com.android.server.wm.ActivityRecord.activityStopped:6442 
10-01 08:57:53.898  5108  8236 I SurfaceControl: nativeRelease nativeObject s[496848288160]
10-01 08:57:53.898  5108  8236 I SurfaceControl: nativeRelease nativeObject e[496848288160]
10-01 08:57:53.898  4845  5252 I Layer   : id=399 removeFromCurrentState com.sec.android.app.launcher/com.sec.android.app.launcher.activities.LauncherActivity$_5738#0 (76)
10-01 08:57:53.905  5108  5140 D SehCodecSolutionService: Update top [com.YourCompany.Unreal_IGB200]
10-01 08:57:53.905  4845  6021 I SurfaceFlinger: id=399 Removed com.sec.android.app.launcher/com.sec.android.app.launcher.activities.LauncherActivity$_5738#0 (76)
10-01 08:57:53.909  4845  4845 I Layer   : id=399[1] Destroyed com.sec.android.app.launcher/com.sec.android.app.launcher.activities.LauncherActivity$_5738#0
10-01 08:57:53.942 30227   826 D UE      : ANativeWindow_setBuffersTransform is supported on this device
10-01 08:57:53.942 30227   826 D UE      : EGL Extensions: 
10-01 08:57:53.943 30227   826 D UE      : EGL_KHR_get_all_proc_addresses EGL_ANDROID_presentation_time EGL_KHR_swap_buffers_with_damage EGL_ANDROID_get_native_client_buffer EGL_ANDROID_front_buffer_auto_refresh EGL_ANDROID_get_frame_timestamps EGL_EXT_surface_SMPTE2086_metadata EGL_EXT_surface_CTA861_3_metadata EGL_EXT_gl_colorspace_scrgb EGL_EXT_gl_colorspace_scrgb_linear EGL_EXT_gl_colorspace_display_p3_linear EGL_EXT_gl_colorspace_display_p3 EGL_EXT_gl_colorspace_display_p3_passthrough EGL_EXT_gl_colorspace_bt2020_linear EGL_EXT_gl_colorspace_bt2020_pq EGL_KHR_image EGL_KHR_image_base EGL_EXT_image_gl_colorspace EGL_KHR_gl_colorspace EGL_KHR_gl_texture_2D_image EGL_KHR_gl_texture_cubemap_image EGL_KHR_gl_renderbuffer_image EGL_KHR_fence_sync EGL_KHR_create_context EGL_KHR_config_attribs EGL_KHR_surfaceless_context EGL_EXT_create_context_robustness EGL_ANDROID_image_native_buffer EGL_KHR_wait_sync EGL_ANDROID_recordable EGL_KHR_partial_update EGL_EXT_pixel_format_float EGL_KHR_mutable_render_buffer EGL_IMG_context_priority EGL_KHR_no_config_contex
10-01 08:57:53.945 30227   826 D UE      : FAndroidGPUInfo
10-01 08:57:53.945 30227   826 D UE      : AndroidEGL::InitRenderSurface 0, 1
10-01 08:57:53.945 30227   826 D UE      : ***** RequestedContentScaleFactor different 1.000000 != -1.000000, not using res cache (0)
10-01 08:57:53.945 30227   826 D UE      : ***** RequestedMobileResX different 0 != -1, not using res cache (0)
10-01 08:57:53.945 30227   826 D UE      : ***** RequestedMobileResY different 0 != -1, not using res cache (0)
10-01 08:57:53.945 30227   826 D UE      : ***** WindowDPI is 0, not using res cache (0)
10-01 08:57:53.946 30227   826 D UE      : ***** SceneMaxDesiredPixelCount is 0, not using res cache (0)
10-01 08:57:53.946 30227   826 D UE      : ***** SceneMinDPI is 0, not using res cache (0)
10-01 08:57:53.946 30227   826 D UE      : ***** WindowWidth is -1, not using res cache (0)
10-01 08:57:53.946 30227   826 D UE      : AndroidEGL::InitRenderSurface, Using width: 768, height 1280 
10-01 08:57:53.946 30227   826 D UE      : [GameActivity] [JAVA] - SetDesiredViewSize width=768 and height=1280
10-01 08:57:53.946 30227   826 D UE      : AndroidEGL::InitRenderSurface, setting wnd: 0x73cb939010, width: 1200->768, height 2000->1280 
10-01 08:57:53.947 30227   826 D UE      : AndroidEGL::CreateEGLRenderSurface() 0x74288e7700
10-01 08:57:53.947 30227   826 D UE      : AndroidEGL::InitSharedSurface 0
10-01 08:57:53.947 30227   826 D UE      : AndroidEGL::InitSharedSurface, Using width: 768, height 1280 
10-01 08:57:53.947 30227   826 D UE      : AndroidEGL::InitSharedSurface, width: 768, height 1280 
10-01 08:57:53.947 30227   826 D UE      : AndroidEGL::CreateEGLSharedSurface(), auxSurface = eglCreatePbufferSurface(), 768x1280
10-01 08:57:53.961 30227   826 D vulkan  : searching for layers in '/data/app/~~QiYgmHUSye3--Eza9m8eMw==/com.YourCompany.Unreal_IGB200-Qk_2BA0RvbuATMmsauJ-tQ==/lib/arm64'
10-01 08:57:53.962 30227   826 D vulkan  : searching for layers in '/data/app/~~QiYgmHUSye3--Eza9m8eMw==/com.YourCompany.Unreal_IGB200-Qk_2BA0RvbuATMmsauJ-tQ==/base.apk!/lib/arm64-v8a'
10-01 08:57:53.962  5810  5810 I IpcDispatcher<0>: handleMessage: EVENT_SEC_CHANNEL_PROXY_DEAD cookie = 527 mSecChannelProxyCookie = 527
10-01 08:57:53.963  4257  4257 I hwservicemanager: getTransport: Cannot find entry vendor.samsung.hardware.radio.channel@2.0::ISehChannel/imsd in either framework or device manifest.
10-01 08:57:53.963  5810  5810 E IpcDispatcher<0>: SecChannelProxy getService/setCallback: java.util.NoSuchElementException
10-01 08:57:54.068 30227   826 D UE      : LogPluginManager: Mounting Engine plugin EnhancedInput
10-01 08:57:54.080  4845  4845 D SurfaceFlinger: Display 0 HWC layers:
10-01 08:57:54.080  4845  4845 D SurfaceFlinger:  SOLID_COLOR |              | 0002 |  Unknown  |    0.0    0.0    0.0    0.0 |    0    0 1200 2000 | Background for -SurfaceView - com.Yo[...]ames.unreal.GameActivity@f2d365b@0#0
10-01 08:57:54.080  4845  4845 D SurfaceFlinger:      DEVICE | 0x790be39880 | 0000 | RGBA_8888    |    0.0    0.0 1200.0 2000.0 |    0    0 1200 2000 | com.YourCompany.Unreal_IGB200/com.epicgames.unreal.GameActivity$_30227#1
10-01 08:57:54.080  4845  4845 D SurfaceFlinger:      DEVICE | 0x78692f4500 | 0000 | RGBA_8888    |    0.0    0.0 1200.0 2000.0 |    0    0 1200 2000 | com.YourCompany.Unreal_IGB200/com.epicgames.unreal.GameActivity$_30227#0
10-01 08:57:54.080  4845  4845 D SurfaceFlinger:      DEVICE | 0x790be38700 | 0000 | RGBA_8888    |    0.0    0.0 1200.0   36.0 |    0    0 1200   36 | ScreenDecorOverlay$_5442#0
10-01 08:57:54.080  4845  4845 D SurfaceFlinger:      DEVICE | 0x790be385c0 | 0000 | RGBA_8888    |    0.0    0.0 1200.0   36.0 |    0 1964 1200 2000 | ScreenDecorOverlayBottom$_5442#0
10-01 08:57:54.080  4845  4845 D SurfaceFlinger: 
10-01 08:57:54.109 30227   849 D InsetsAnimationCtrlImpl: finish: control=android.view.InsetsAnimationControlImpl@6a79f41, types=2, mCancelled=false, mCancelRequested=false
10-01 08:57:54.110 30227   849 I SurfaceControl: nativeRelease nativeObject s[499282438144]
10-01 08:57:54.110 30227   849 I SurfaceControl: nativeRelease nativeObject e[499282438144]
10-01 08:57:54.150  4726  4837 E Netd    : getNetworkForDns: getNetId from enterpriseCtrl is netid 0
10-01 08:57:54.152  4726  4837 E Netd    : getNetworkForDns: getNetId from enterpriseCtrl is netid 0
10-01 08:57:54.154  6416  6416 E adbd    : failed to connect to socket 'tcp:6666': Connection refused
10-01 08:57:54.247 30227   826 D UE      : LogPluginManager: Found config from plugin[EnhancedInput] Input
10-01 08:57:54.248 30227   826 D UE      : LogPluginManager: Mounting Engine plugin MeshPainting
10-01 08:57:54.248 30227   826 D UE      : LogPluginManager: Mounting Engine plugin TraceUtilities
10-01 08:57:54.249 30227   826 D UE      : LogPluginManager: Mounting Engine plugin Paper2D
10-01 08:57:54.250 30227   826 D UE      : LogPluginManager: Mounting Engine plugin GLTFExporter
10-01 08:57:54.251 30227   826 D UE      : LogPluginManager: Mounting Engine plugin OodleNetwork
10-01 08:57:54.252 30227   826 D UE      : LogPluginManager: Mounting Engine plugin AndroidSensors
10-01 08:57:54.252 30227   826 D UE      : LogPluginManager: Mounting Engine plugin TcpMessaging
10-01 08:57:54.253 30227   826 D UE      : LogPluginManager: Mounting Engine plugin UdpMessaging
10-01 08:57:54.253 30227   826 D UE      : LogPluginManager: Mounting Engine plugin InterchangeTests
10-01 08:57:54.254 30227   826 D UE      : LogPluginManager: Mounting Engine plugin AISupport
10-01 08:57:54.254 30227   826 D UE      : LogPluginManager: Mounting Engine plugin EnvironmentQueryEditor
10-01 08:57:54.255 30227   826 D UE      : LogPluginManager: Mounting Engine plugin AnimationSharing
10-01 08:57:54.256 30227   826 D UE      : LogPluginManager: Mounting Engine plugin DumpGPUServices
10-01 08:57:54.256 30227   826 D UE      : LogPluginManager: Mounting Engine plugin PluginUtils
10-01 08:57:54.257 30227   826 D UE      : LogPluginManager: Mounting Engine plugin UObjectPlugin
10-01 08:57:54.257 30227   826 D UE      : LogPluginManager: Mounting Engine plugin AutomationUtils
10-01 08:57:54.257  5420  5580 D BtGatt.GattService: onScanResult to scannerId: 8- eventType=0x1b, addressType=1, address=57:4, primaryPhy=1, secondaryPhy=0, advertisingSid=0xff, txPower=127, rssi=-74, periodicAdvInt=0x0
10-01 08:57:54.258 30227   826 D UE      : LogPluginManager: Mounting Engine plugin BackChannel
10-01 08:57:54.258 30227   826 D UE      : LogPluginManager: Mounting Engine plugin ChaosCaching
10-01 08:57:54.259 30227   826 D UE      : LogPluginManager: Mounting Engine plugin ChaosCloth
10-01 08:57:54.259  5420  5580 D BtGatt.GattService: onScanResult to scannerId: 8- eventType=0x1b, addressType=1, address=57:4, primaryPhy=1, secondaryPhy=0, advertisingSid=0xff, txPower=127, rssi=-81, periodicAdvInt=0x0
10-01 08:57:54.260 30227   826 D UE      : LogPluginManager: Mounting Engine plugin ChaosClothEditor
10-01 08:57:54.260 30227   826 D UE      : LogPluginManager: Mounting Engine plugin ChaosEditor
10-01 08:57:54.261 30227   826 D UE      : LogPluginManager: Mounting Engine plugin ChaosNiagara
10-01 08:57:54.262 30227   826 D UE      : LogPluginManager: Mounting Engine plugin ChaosSolverPlugin
10-01 08:57:54.262 30227   826 D UE      : LogPluginManager: Mounting Engine plugin ChaosUserDataPT
10-01 08:57:54.263 30227   826 D UE      : LogPluginManager: Mounting Engine plugin CharacterAI
10-01 08:57:54.263 30227   826 D UE      : LogPluginManager: Mounting Engine plugin Dataflow
10-01 08:57:54.264 30227   826 D UE      : LogPluginManager: Mounting Engine plugin DatasmithContent
10-01 08:57:54.265 30227   826 D UE      : LogPluginManager: Mounting Engine plugin Fracture
10-01 08:57:54.265 30227   826 D UE      : LogPluginManager: Mounting Engine plugin FullBodyIK
10-01 08:57:54.266 30227   826 D UE      : LogPluginManager: Mounting Engine plugin GeometryCollectionPlugin
10-01 08:57:54.267 30227   826 D UE      : LogPluginManager: Mounting Engine plugin GeometryScripting
10-01 08:57:54.268 30227   826 D UE      : LogPluginManager: Mounting Engine plugin LocalizableMessage
10-01 08:57:54.268 30227   826 D UE      : LogPluginManager: Mounting Engine plugin PCG
10-01 08:57:54.269 30227   826 D UE      : LogPluginManager: Mounting Engine plugin PlatformCrypto
10-01 08:57:54.270 30227   826 D UE      : LogPluginManager: Mounting Engine plugin ProxyLODPlugin
10-01 08:57:54.270 30227   826 D UE      : LogPluginManager: Mounting Engine plugin PythonScriptPlugin
10-01 08:57:54.271 30227   826 D UE      : LogPluginManager: Mounting Engine plugin StructUtils
10-01 08:57:54.272 30227   826 D UE      : LogPluginManager: Mounting Engine plugin ToolPresets
10-01 08:57:54.273 30227   826 D UE      : LogPluginManager: Mounting Engine plugin ActorSequence
10-01 08:57:54.274 30227   826 D UE      : LogPluginManager: Mounting Engine plugin LevelSequenceEditor
10-01 08:57:54.274 30227   826 D UE      : LogPluginManager: Mounting Engine plugin SequencerScripting
10-01 08:57:54.275  8058  8058 I A       : onStop
10-01 08:57:54.275 30227   826 D UE      : LogPluginManager: Mounting Engine plugin TemplateSequence
10-01 08:57:54.276 30227   826 D UE      : LogPluginManager: Mounting Engine plugin CameraShakePreviewer
10-01 08:57:54.276 30227   826 D UE      : LogPluginManager: Mounting Engine plugin GameplayCameras
10-01 08:57:54.277 30227   826 D UE      : LogPluginManager: Mounting Engine plugin AlembicImporter
10-01 08:57:54.277 30227   826 D UE      : LogPluginManager: Mounting Engine plugin ActorLayerUtilities
10-01 08:57:54.278 30227   826 D UE      : LogPluginManager: Mounting Engine plugin AndroidDeviceProfileSelector
10-01 08:57:54.279 30227   826 D UE      : LogPluginManager: Mounting Engine plugin AndroidFileServer
10-01 08:57:54.279 30227   826 D UE      : LogPluginManager: Mounting Engine plugin AndroidMoviePlayer
10-01 08:57:54.280 30227   826 D UE      : LogPluginManager: Mounting Engine plugin AndroidPermission
10-01 08:57:54.280 30227   826 D UE      : LogPluginManager: Mounting Engine plugin AppleImageUtils
10-01 08:57:54.281 30227   826 D UE      : LogPluginManager: Mounting Engine plugin ArchVisCharacter
10-01 08:57:54.281 30227   826 D UE      : LogPluginManager: Mounting Engine plugin AssetTags
10-01 08:57:54.282 30227   826 D UE      : LogPluginManager: Mounting Engine plugin AudioCapture
10-01 08:57:54.283 30227   826 D UE      : LogPluginManager: Mounting Engine plugin AudioWidgets
10-01 08:57:54.283 30227   826 D UE      : LogPluginManager: Mounting Engine plugin AudioSynesthesia
10-01 08:57:54.284 30227   826 D UE      : LogPluginManager: Mounting Engine plugin CableComponent
10-01 08:57:54.284 30227   826 D UE      : LogPluginManager: Mounting Engine plugin ChunkDownloader
10-01 08:57:54.285 30227   826 D UE      : LogPluginManager: Mounting Engine plugin CustomMeshComponent
10-01 08:57:54.285 30227   826 D UE      : LogPluginManager: Mounting Engine plugin GeometryCache
10-01 08:57:54.286 30227   826 D UE      : LogPluginManager: Mounting Engine plugin ExampleDeviceProfileSelector
10-01 08:57:54.286 30227   826 D UE      : LogPluginManager: Mounting Engine plugin GeometryProcessing
10-01 08:57:54.287 30227   826 D UE      : LogPluginManager: Mounting Engine plugin GoogleCloudMessaging
10-01 08:57:54.288 30227   826 D UE      : LogPluginManager: Mounting Engine plugin GooglePAD
10-01 08:57:54.288 30227   826 D UE      : LogPluginManager: Mounting Engine plugin InputDebugging
10-01 08:57:54.289 30227   826 D UE      : LogPluginManager: Found config from plugin[InputDebugging] Input
10-01 08:57:54.289 30227   826 D UE      : LogPluginManager: Mounting Engine plugin LocationServicesBPLibrary
10-01 08:57:54.289 30227   826 D UE      : LogPluginManager: Mounting Engine plugin MeshModelingToolset
10-01 08:57:54.290 30227   826 D UE      : LogPluginManager: Mounting Engine plugin Metasound
10-01 08:57:54.292 30227   826 D UE      : LogPluginManager: Mounting Engine plugin MobilePatchingUtils
10-01 08:57:54.292 30227   826 D UE      : LogPluginManager: Mounting Engine plugin ProceduralMeshComponent
10-01 08:57:54.293 30227   826 D UE      : LogPluginManager: Mounting Engine plugin PropertyAccessEditor
10-01 08:57:54.293 30227   826 D UE      : LogPluginManager: Mounting Engine plugin ResonanceAudio
10-01 08:57:54.294 30227   826 D UE      : LogPluginManager: Mounting Engine plugin RigVM
10-01 08:57:54.295 30227   826 D UE      : LogPluginManager: Mounting Engine plugin SignificanceManager
10-01 08:57:54.295 30227   826 D UE      : LogPluginManager: Mounting Engine plugin SoundFields
10-01 08:57:54.296 30227   826 D UE      : LogPluginManager: Mounting Engine plugin Synthesis
10-01 08:57:54.297 30227   826 D UE      : LogPluginManager: Mounting Engine plugin WaveTable
10-01 08:57:54.297 30227   826 D UE      : LogPluginManager: Mounting Engine plugin ACLPlugin
10-01 08:57:54.298 30227   826 D UE      : LogPluginManager: Mounting Engine plugin AnimationData
10-01 08:57:54.299 30227   826 D UE      : LogPluginManager: Mounting Engine plugin ControlRig
10-01 08:57:54.303 30227   826 D UE      : LogPluginManager: Mounting Engine plugin ControlRigSpline
10-01 08:57:54.303 30227   826 D UE      : LogPluginManager: Mounting Engine plugin IKRig
10-01 08:57:54.304 30227   826 D UE      : LogPluginManager: Mounting Engine plugin AssetManagerEditor
