10-01 08:58:02.415  5108  8218 V WindowManager: Setting visibility of Window{81efb67 u0 com.samsung.android.app.spage}: true, caller=com.android.server.wm.WindowContainer.sendAppVisibilityToClients:1044 com.android.server.wm.WindowState.sendAppVisibilityToClients:3854 com.android.server.wm.WindowContainer.sendAppVisibilityToClients:1044 com.android.server.wm.ActivityRecord.setClientVisible:6920 com.android.server.wm.ActivityRecord.setVisibility:5289 com.android.server.wm.ActivityRecord.setVisibility:5187 com.android.server.wm.ActivityStack.resumeTopActivityInnerLocked:2472 com.android.server.wm.ActivityStack.resumeTopActivityInnerLocked:2089 com.android.server.wm.ActivityStack.resumeTopActivityUncheckedLocked:1979 com.android.server.wm.ActivityRecord.makeActiveIfNeeded:5966 com.android.server.wm.RootWindowContainer.resumeFocusedStacksTopActivities:2752 com.android.server.wm.RootWindowContainer.resumeFocusedStacksTopActivities:2712 com.android.server.wm.ActivityTaskManagerService$LocalService.handleAppDied:8417 com.android.server.am.ActivityManagerService.handleAppDiedLocked:4648 
10-01 08:58:02.415  5108  8218 V WindowManager: Setting visibility of Window{7e88fa0 u0 com.sec.android.app.launcher/com.sec.android.app.launcher.activities.LauncherActivity}: true, caller=com.android.server.wm.WindowContainer.sendAppVisibilityToClients:1044 com.android.server.wm.ActivityRecord.setClientVisible:6920 com.android.server.wm.ActivityRecord.setVisibility:5289 com.android.server.wm.ActivityRecord.setVisibility:5187 com.android.server.wm.ActivityStack.resumeTopActivityInnerLocked:2472 com.android.server.wm.ActivityStack.resumeTopActivityInnerLocked:2089 com.android.server.wm.ActivityStack.resumeTopActivityUncheckedLocked:1979 com.android.server.wm.ActivityRecord.makeActiveIfNeeded:5966 com.android.server.wm.RootWindowContainer.resumeFocusedStacksTopActivities:2752 com.android.server.wm.RootWindowContainer.resumeFocusedStacksTopActivities:2712 com.android.server.wm.ActivityTaskManagerService$LocalService.handleAppDied:8417 com.android.server.am.ActivityManagerService.handleAppDiedLocked:4648 com.android.server.am.ActivityManagerService.appDiedLocked:4892 com.android.server.am.ActivityManagerService$AppDeathRecipient.binderDied:1944 
10-01 08:58:02.416  4765  4805 I HYPER-HAL: [RequestManager.cpp]acquire(): Acquired ID : 28294016  [7509 / 13]    HINT : APP_START    list : 
10-01 08:58:02.416  5108  8218 D InputDispatcher: Focused application set to (0): 54dd22e
10-01 08:58:02.417  4765  4805 E HYPER-HAL: [HandlerSysfs.cpp]doResourceHandling(): Couldn't Open Sysfs - /sys/kernel/mm/vmscan/am_app_launch
10-01 08:58:02.417  4765  4805 I HYPER-HAL: [ResourceManager.cpp]updateResource(): [CPUMaxFreq] UpdateResource Request ID : 28294016    Value : 2314000
10-01 08:58:02.417  5108  8218 D GameManagerService: TaskStackListener.onTaskFocusChanged(), taskId=539, focused=true
10-01 08:58:02.417  5108  5253 D GameManagerService: onLooperPrepared(), msg: MSG_TASK_FOCUSED, focusedComponent: ComponentInfo{com.sec.android.app.launcher/com.sec.android.app.launcher.activities.LauncherActivity}
10-01 08:58:02.417  5108  5253 D GameManagerService: handleTaskFocused().
10-01 08:58:02.417  5108  5253 D GameManagerService: sendFocusOutConditionally() - mPrevNotiPackage: (unknown)
10-01 08:58:02.417  5108  5253 D GameManagerService:   handleTaskFocused(), pkgName: com.sec.android.app.launcher, clsName: com.sec.android.app.launcher.activities.LauncherActivity, userID:0
10-01 08:58:02.419  5108  8218 V WindowManager: rotationForOrientation(orient=SCREEN_ORIENTATION_UNSPECIFIED (-1), last=ROTATION_0 (0)); user=ROTATION_0 (0) USER_ROTATION_LOCKED
10-01 08:58:02.419  5108  8218 D WindowManager: rotationForOrientation, orientationSource=ActivityRecord{54dd22e u0 com.sec.android.app.launcher/.activities.LauncherActivity t539}
10-01 08:58:02.419  5108  8218 V WindowOrientationListener: getProposedRotation: -1
10-01 08:58:02.419  5108  8218 V WindowManager: rotationForOrientation(orient=SCREEN_ORIENTATION_UNSPECIFIED (-1), last=ROTATION_0 (0)); user=ROTATION_0 (0) USER_ROTATION_LOCKED
10-01 08:58:02.419  5108  8218 D WindowManager: rotationForOrientation, orientationSource=ActivityRecord{54dd22e u0 com.sec.android.app.launcher/.activities.LauncherActivity t539}
10-01 08:58:02.419  5108  8218 V WindowOrientationListener: getProposedRotation: -1
10-01 08:58:02.420  5108  8218 V WindowManager: Computed rotation=ROTATION_0 (0) for display id=0 based on lastOrientation=SCREEN_ORIENTATION_UNSPECIFIED (-1) and oldRotation=ROTATION_0 (0), caller=com.android.server.wm.DisplayRotation.updateOrientation:394 com.android.server.wm.DisplayContent.updateOrientation:1739 com.android.server.wm.DisplayContent.updateOrientation:1660 com.android.server.wm.RootWindowContainer.ensureVisibilityAndConfig:2195 com.android.server.wm.ActivityStack.resumeTopActivityInnerLocked:2514 com.android.server.wm.ActivityStack.resumeTopActivityInnerLocked:2089 
10-01 08:58:02.420  5108  8218 D TspStateManager: updateCustomValue customSetting=
10-01 08:58:02.420  5108  8218 V WindowManager: rotationForOrientation(orient=SCREEN_ORIENTATION_UNSPECIFIED (-1), last=ROTATION_0 (0)); user=ROTATION_0 (0) USER_ROTATION_LOCKED
10-01 08:58:02.421  5108  8218 D WindowManager: rotationForOrientation, orientationSource=ActivityRecord{54dd22e u0 com.sec.android.app.launcher/.activities.LauncherActivity t539}
10-01 08:58:02.421  5108  8218 V WindowOrientationListener: getProposedRotation: -1
10-01 08:58:02.421  5108  8218 D TspStateManager: updateCustomValue customSetting=
10-01 08:58:02.422  5108  8218 D MARsPolicyManager: onPackageResumedFG pkgName = com.sec.android.app.launcher, userId = 0
10-01 08:58:02.422  5108  8218 V MARsPolicyManager: Current Home Package com.sec.android.app.launcher Resumed
10-01 08:58:02.422  5108  8218 W WindowManager: Execute app transition: mNextAppTransition=TRANSIT_ACTIVITY_OPEN, displayId: 0 Callers=com.android.server.wm.RootWindowContainer.executeAppTransitionForAllDisplay:2646 com.android.server.wm.ActivityStackSupervisor.reportResumedActivityLocked:2300 com.android.server.wm.ActivityRecord.completeResumeLocked:6182 com.android.server.wm.ActivityStack.resumeTopActivityInnerLocked:2608 com.android.server.wm.ActivityStack.resumeTopActivityInnerLocked:2089 
10-01 08:58:02.423  5442  5442 D FaceWidgetNotificationManager: removeFaceWidgetMusicNotification() key : 0|com.YourCompany.Unreal_IGB200|1|null|10299
10-01 08:58:02.423  5108  8218 D MARsPolicyManager: onPackageResumedFG pkgName = com.sec.android.app.launcher, userId = 0
10-01 08:58:02.423  5108  8218 V MARsPolicyManager: Current Home Package com.sec.android.app.launcher Resumed
10-01 08:58:02.425  4845  4864 I Layer   : id=421 removeFromCurrentState ActivityRecord{d0fdb3d u0 com.YourCompany.Unreal_IGB200/com.epicgames.unreal.GameActivity t554}#0 (69)
10-01 08:58:02.425  4845  4864 I Layer   : id=417 removeFromCurrentState Task=554#0 (69)
10-01 08:58:02.426  5108  8065 V WindowManager: Relayout Window{81efb67 u0 com.samsung.android.app.spage}: viewVisibility=8 req=0x1928 d0
10-01 08:58:02.428  5108  8218 V ActivityManager: Changed top to 10071,ProcessRecord{e5665c8 5738:com.sec.android.app.launcher/u0a71}
10-01 08:58:02.428  5108  6232 V WindowManager: Relayout Window{7e88fa0 u0 com.sec.android.app.launcher/com.sec.android.app.launcher.activities.LauncherActivity}: viewVisibility=4 req=1200x2000 d0
10-01 08:58:02.429  5108  8065 V WindowManager: Relayout hash=81efb67, pid=8254: mAttrs={(0,0)(0xfill) sim={adjust=pan} ty=APPLICATION_PANEL fmt=RGBA_8888
10-01 08:58:02.429  5108  8065 V WindowManager:   fl=1000018
10-01 08:58:02.429  5108  8065 V WindowManager:   pfl=2000040
10-01 08:58:02.429  5108  8065 V WindowManager:   fitTypes=STATUS_BARS NAVIGATION_BARS CAPTION_BAR IME naviIconColor=0}
10-01 08:58:02.430  5108  6232 V WindowManager: Relayout hash=7e88fa0, pid=5738: mAttrs={(0,0)(fillxfill) sim={adjust=nothing} layoutInDisplayCutoutMode=shortEdges ty=BASE_APPLICATION fmt=TRANSPARENT wanim=0x10302f2
10-01 08:58:02.430  5108  6232 V WindowManager:   fl=81910100
10-01 08:58:02.430  5108  6232 V WindowManager:   pfl=16020000
10-01 08:58:02.430  5108  6232 V WindowManager:   vsysui=1700
10-01 08:58:02.430  5108  6232 V WindowManager:   bhv=SHOW_TRANSIENT_BARS_BY_SWIPE
10-01 08:58:02.430  5108  6232 V WindowManager:   fitSides= naviIconColor=0}
10-01 08:58:02.431  8254  8254 I SurfaceControl: assignNativeObject: nativeObject = 0 Surface(name=null)/@0xd73b6cc / android.view.SurfaceControl.readFromParcel:1117 android.view.IWindowSession$Stub$Proxy.relayout:1810 android.view.ViewRootImpl.relayoutWindow:9130 android.view.ViewRootImpl.performTraversals:3420 android.view.ViewRootImpl.doTraversal:2669 android.view.ViewRootImpl$TraversalRunnable.run:10092 android.view.Choreographer$CallbackRecord.run:1010 android.view.Choreographer.doCallbacks:809 android.view.Choreographer.doFrame:744 android.view.Choreographer$FrameDisplayEventReceiver.run:995 
10-01 08:58:02.431  5738  5738 I SurfaceControl: assignNativeObject: nativeObject = 0 Surface(name=null)/@0x56af76 / android.view.SurfaceControl.readFromParcel:1117 android.view.IWindowSession$Stub$Proxy.relayout:1810 android.view.ViewRootImpl.relayoutWindow:9130 android.view.ViewRootImpl.performTraversals:3420 android.view.ViewRootImpl.doTraversal:2669 android.view.ViewRootImpl$TraversalRunnable.run:10092 android.view.Choreographer$CallbackRecord.run:1010 android.view.Choreographer.doCallbacks:809 android.view.Choreographer.doFrame:744 android.view.Choreographer$FrameDisplayEventReceiver.run:995 
10-01 08:58:02.431  5738  5738 I SurfaceControl: assignNativeObject: nativeObject = 0 Surface(name=null)/@0x960c82a / android.view.SurfaceControl.readFromParcel:1117 android.view.IWindowSession$Stub$Proxy.relayout:1820 android.view.ViewRootImpl.relayoutWindow:9130 android.view.ViewRootImpl.performTraversals:3420 android.view.ViewRootImpl.doTraversal:2669 android.view.ViewRootImpl$TraversalRunnable.run:10092 android.view.Choreographer$CallbackRecord.run:1010 android.view.Choreographer.doCallbacks:809 android.view.Choreographer.doFrame:744 android.view.Choreographer$FrameDisplayEventReceiver.run:995 
10-01 08:58:02.431  8254  8254 I SurfaceControl: assignNativeObject: nativeObject = 0 Surface(name=null)/@0x9bf2d15 / android.view.SurfaceControl.readFromParcel:1117 android.view.IWindowSession$Stub$Proxy.relayout:1820 android.view.ViewRootImpl.relayoutWindow:9130 android.view.ViewRootImpl.performTraversals:3420 android.view.ViewRootImpl.doTraversal:2669 android.view.ViewRootImpl$TraversalRunnable.run:10092 android.view.Choreographer$CallbackRecord.run:1010 android.view.Choreographer.doCallbacks:809 android.view.Choreographer.doFrame:744 android.view.Choreographer$FrameDisplayEventReceiver.run:995 
10-01 08:58:02.432  4845  4864 I SurfaceFlinger: id=421 Removed ActivityRecord{d0fdb3d u0 com.YourCompany.Unreal_IGB200/com.epicgames.unreal.GameActivity t554}#0 (69)
10-01 08:58:02.432  4845  4864 I SurfaceFlinger: id=417 Removed Task=554#0 (69)
10-01 08:58:02.432  5738  5738 I ViewRootImpl@9c5e80d[LauncherActivity]: Relayout returned: old=(0,0,1200,2000) new=(0,0,1200,2000) req=(1200,2000)4 dur=11 res=0x1 s={false 0} ch=false fn=-1
10-01 08:58:02.432  5108  8218 I ActivityManager: Changes in 10071 5 to 2, 0 to 7 Caller=com.android.server.am.OomAdjuster.updateOomAdjLockedInner:672 com.android.server.am.OomAdjuster.updateOomAdjLocked:416 com.android.server.am.ActivityManagerService.updateOomAdjLocked:21629 com.android.server.am.ActivityManagerService.appDiedLocked:4895 com.android.server.am.ActivityManagerService$AppDeathRecipient.binderDied:1944 android.os.IBinder$DeathRecipient.binderDied:311 android.os.BinderProxy.sendDeathNotice:719 
10-01 08:58:02.432  5108  8218 I AppOps  : updateUidProcState uid: 10071 procState: 2 capability:7
10-01 08:58:02.432  5108  8218 I AppOps  : commitUidPendingStateLocked() :: UID - 10071, 500 > 200, 0 > 7
10-01 08:58:02.433  8254  8254 I ViewRootImpl@a12b646[]: Relayout returned: old=(600,0,600,1928) new=(600,0,600,1928) req=(0,1928)8 dur=11 res=0x1 s={false 0} ch=false fn=-1
10-01 08:58:02.433  5738  5738 I ViewRootImpl@9c5e80d[LauncherActivity]: stopped(false) old=true
10-01 08:58:02.434  5738  5738 W LauncherAppWidgetHost: setListenIfResumed, mFlags = 0
10-01 08:58:02.434  5738  5738 W PageOverlayMover: updateActivityLifecycleState : 1
10-01 08:58:02.434  8254  8599 I PageOverlayServiceImpl: [FROM HOME] updateActivityLifecycleState : 1
10-01 08:58:02.434  5108  5142 W ActivityManager: setHasOverlayUi called on unknown pid: 30227
10-01 08:58:02.435  4845  4845 I Layer   : id=417[1] Destroyed Task=554#0
10-01 08:58:02.435  4845  4845 I Layer   : id=421[1] Destroyed ActivityRecord{d0fdb3d u0 com.YourCompany.Unreal_IGB200/com.epicgames.unreal.GameActivity t554}#0
10-01 08:58:02.436  5108  5140 D SSRM:LoadDetectMonitor: PID = 5738, UID = 10071
10-01 08:58:02.437  5108  5344 W PkgPredictorService: background app without no launcher icon com.sec.android.app.launcher for.uid: 10071 userId: 0
10-01 08:58:02.439  5108  5140 D SehCodecSolutionService: Update top [com.sec.android.app.launcher]
10-01 08:58:02.442  4845  4845 D RefreshRateConfigs: primary refresh rates: 1200_60fps 
10-01 08:58:02.442  4845  4845 D RefreshRateConfigs: app request refresh rates: 1200_60fps 
10-01 08:58:02.442  4845  4845 D SurfaceFlinger: Setting desired display config specs: defaultConfig: 0 primaryRange: [0 120] expandedRange: [0 120]
10-01 08:58:02.442  4845  4845 D Scheduler: onPrimaryDisplayConfigChanged to 0
10-01 08:58:02.443  5442 30844 D IndicatorGardenInputProperty: updateRotation() prv:-1 >> new:0
10-01 08:58:02.443  5442 30844 D DeviceState: getDeviceResolutionPixelSize - currentDensity = 240 deviceDensity = 240 initialDisplaySizeFactor = 1200 currentDisplaySizeFactor = 1200 initialDisplayDensity = 240 proportionalDensity = 240 proportionalPixel = 0
10-01 08:58:02.443  5442 30844 D DeviceState: getDeviceResolutionPixelSize - currentDensity = 240 deviceDensity = 240 initialDisplaySizeFactor = 1200 currentDisplaySizeFactor = 1200 initialDisplayDensity = 240 proportionalDensity = 240 proportionalPixel = 0
10-01 08:58:02.443  5442 30844 D DeviceState: getDeviceResolutionPixelSize - currentDensity = 240 deviceDensity = 240 initialDisplaySizeFactor = 1200 currentDisplaySizeFactor = 1200 initialDisplayDensity = 240 proportionalDensity = 240 proportionalPixel = 0
10-01 08:58:02.444  5108  8218 I AppOps  : updateUidProcState uid: 10203 procState: 3 capability:7
10-01 08:58:02.445  5108  8218 I AppOps  : updateUidProcState uid: 10197 procState: 3 capability:7
10-01 08:58:02.449  4896  5441 I CameraService: UidPolicy: No processes running for a uid=10299 disabled=0
10-01 08:58:02.450  5738  5738 I LiveIconViewUpdater: onUpdateLiveIcon 28
10-01 08:58:02.451  5738  5738 E libprocessgroup: set_timerslack_ns write failed: Operation not permitted
10-01 08:58:02.451  8058  8058 I A       : onStart
10-01 08:58:02.452  5108  5142 D GameManagerService: noteResumeComponent(), received resumed-component: com.sec.android.app.launcher
10-01 08:58:02.452  5108  5253 D GameManagerService: onLooperPrepared(), msg: MSG_APP_RESUME, resumeComponent: ComponentInfo{com.sec.android.app.launcher/com.android.launcher3.uioverrides.QuickstepLauncher}
10-01 08:58:02.452  5108  5253 D GameManagerService: handleResume().
10-01 08:58:02.452  5108  5108 I CocktailBarManagerServiceContainer: handleMessage: entry what = 5
10-01 08:58:02.452  5108  5253 D GameManagerService: handleResume() - secureFolderID: -1301
10-01 08:58:02.453  5108  5253 D GameManagerService: sendFocusOutConditionally() - mPrevNotiPackage: (unknown)
10-01 08:58:02.453  5108  5253 D GameManagerService:   handleResume(). pkgName: com.sec.android.app.launcher, isTunableApp: null
10-01 08:58:02.453  5108  5253 D GameManagerService: notifyFocusInOut(). of pkg: com.sec.android.app.launcher, type: 4, isMinimized: false, isTunableApp: false
10-01 08:58:02.453  5108  5253 D GameManagerService:   notifyFocusInOut(). unexpected mPrevNotiType: -1
10-01 08:58:02.453  5108  5253 D GameManagerService:NetworkLimit: callRelease
10-01 08:58:02.453  5108  5253 D GM:SystemHelper: callReleaseBlock needReleaseBlock:false
10-01 08:58:02.455  5738  5738 I WallpapersButton: updateVisibility - mWallpaperType : 0
10-01 08:58:02.456  5738  5738 I ThemesButton: updateVisibility - sThemeStoreType : -1
10-01 08:58:02.456  5738  5738 I LiveIconViewUpdater: onUpdateLiveIcon 52
10-01 08:58:02.456  5738  5738 I LiveIconViewUpdater: onUpdateLiveIcon 55
10-01 08:58:02.456  5738  5738 I ViewRootImpl@9c5e80d[LauncherActivity]: stopped(false) old=false
10-01 08:58:02.456  5738  5738 I Launcher: !@Boot_DEBUG: Launcher.onResume()
10-01 08:58:02.456  5738  5738 I Launcher: !@Boot_EBS_D: Launcher.onResume()
10-01 08:58:02.456  5738  5738 W PageOverlayMover: updateActivityLifecycleState : 2
10-01 08:58:02.456  8254  8599 I PageOverlayServiceImpl: [FROM HOME] updateActivityLifecycleState : 2
10-01 08:58:02.457  5738  5738 W PageOverlayMover: isMoving : false
10-01 08:58:02.457  8058  8058 I A       : onResume
10-01 08:58:02.458  5108  5142 I GameSDK@LifeCycle: noteResumeComponent(): package name  : com.sec.android.app.launcher
10-01 08:58:02.458  5738  5738 I Launcher: setWallpaperOffsets
10-01 08:58:02.458  8146  8146 I Utils   : HomePackage : com.sec.android.app.launcher, resumePackageName : com.sec.android.app.launcher
10-01 08:58:02.458  5108  5142 D SemGameManager: getGMSBinder(), begin
10-01 08:58:02.458  5738  9495 I Launcher: DisplayMetrics from Resources : DisplayMetrics{density=1.5, width=1200, height=1928, scaledDensity=1.6500001, xdpi=225.777, ydpi=224.778}
10-01 08:58:02.459  5738  9495 I Launcher: realMetrics from Wm : DisplayMetrics{density=1.5, width=1200, height=2000, scaledDensity=1.5, xdpi=225.777, ydpi=224.778}
10-01 08:58:02.459  5738  9495 I Launcher: DeviceProfile, isLand : false, isMultiWin :false, availableWidthPx : 1200, availableHeightPx : 1928
10-01 08:58:02.459  5108  5142 D SemGameManager: getGMSBinder(), successful: true
10-01 08:58:02.459  5108  5142 D SemGameManager: isAvailable(), ret=true
10-01 08:58:02.459  5108  5142 D SemGameManager: isGamePackage(), pkgName=com.sec.android.app.launcher
10-01 08:58:02.459  5108  5142 D SemGameManager: getGMSBinder(), begin
10-01 08:58:02.459  5108  5142 D SemGameManager: getGMSBinder(), successful: true
10-01 08:58:02.459  5108  5142 D GameManagerService: identifyGamePackage. com.sec.android.app.launcher, mCurrentUserId: 0, callerUserId: 0
10-01 08:58:02.459  5108  5142 D PkgDataHelper: getGamePkgData(). com.sec.android.app.launcher
10-01 08:58:02.459  5108  5142 D SemGameManager: isGamePackage(), ret=false
10-01 08:58:02.461  5108  8218 V WindowManager: Relayout Window{7e88fa0 u0 com.sec.android.app.launcher/com.sec.android.app.launcher.activities.LauncherActivity}: viewVisibility=0 req=1200x2000 d0
10-01 08:58:02.461  5738  5819 I SPayUpdater: updateSpayHandler, show = false, defaultPage = false
10-01 08:58:02.462  5108  5108 I Pageboost: package null
10-01 08:58:02.462  5108  8218 D WindowManager: isScreenshotDisabledLocked - win: Window{7e88fa0 u0 com.sec.android.app.launcher/com.sec.android.app.launcher.activities.LauncherActivity}
10-01 08:58:02.462  5108  8218 D WindowManager: isScreenshotDisabledLocked: userId = 0, disabled =false
10-01 08:58:02.462  6405  6405 E pageboostd: Received HALT command code 2
10-01 08:58:02.463  4845  4864 I SurfaceFlinger: id=436 createSurf (1200x2000),1 flag=4, com.sec.android.app.launcher/com.sec.android.app.launcher.activities.LauncherActivity$_5738#0
10-01 08:58:02.463  5108  8218 D WindowManager: makeSurface duration=1 name=com.sec.android.app.launcher/com.sec.android.app.launcher.activities.LauncherActivity$_5738
10-01 08:58:02.464  5108  8218 V WindowManager: Changing focus from null to Window{7e88fa0 u0 com.sec.android.app.launcher/com.sec.android.app.launcher.activities.LauncherActivity} displayId=0 Callers=com.android.server.wm.RootWindowContainer.updateFocusedWindowLocked:575 com.android.server.wm.WindowManagerService.updateFocusedWindowLocked:6338 com.android.server.wm.WindowManagerService.relayoutWindow:2726 com.android.server.wm.Session.relayout:240 
10-01 08:58:02.465  5108  8218 I WindowManager: Cancelling animation restarting=true, leash=Surface(name=Surface(name=659aedf StatusBar)/@0xbb89381 - animation-leash)/@0xe627460
10-01 08:58:02.465  5108  1010 I SystemUiVisibilityPolicyController: handleMessage: entry what = 1
10-01 08:58:02.465  5108  8218 I WindowManager: Reparenting to original parent: Surface(name=WindowToken{287597e android.os.BinderProxy@12acb00})/@0x14e4c26, destroy=false, surface=Surface(name=659aedf StatusBar)/@0xbb89381
10-01 08:58:02.465  5108  8218 I SurfaceControl: nativeRelease nativeObject s[496850697440]
10-01 08:58:02.465  5108  8218 I SurfaceControl: nativeRelease nativeObject e[496850697440]
10-01 08:58:02.465  5108  8218 I WindowManager: Reparenting to leash, surface=Surface(name=659aedf StatusBar)/@0xbb89381, leashParent=Surface(name=WindowToken{287597e android.os.BinderProxy@12acb00})/@0x14e4c26
10-01 08:58:02.465  8146  8146 I TrayStateController: systemUiVisibilityChanged : 3 2
10-01 08:58:02.466  4845  4864 I SurfaceFlinger: id=437 createSurf (0x0),-1 flag=24004, Surface(name=659aedf StatusBar)/@0xbb89381 - animation-leash#1
10-01 08:58:02.466  5108  8218 D WindowManager: makeSurface duration=0 leash=Surface(name=Surface(name=659aedf StatusBar)/@0xbb89381 - animation-leash)/@0xb0a40ba
10-01 08:58:02.466  5108  8218 I WindowManager: Cancelling animation restarting=true, leash=Surface(name=Surface(name=677a488 NavigationBar0)/@0xdc331b9 - animation-leash)/@0x8ff91de
10-01 08:58:02.466  5108  8218 I WindowManager: Reparenting to original parent: Surface(name=WindowToken{beaeca5 android.os.BinderProxy@3ac3a0f})/@0x358b9fe, destroy=false, surface=Surface(name=677a488 NavigationBar0)/@0xdc331b9
10-01 08:58:02.466  5108  8218 I SurfaceControl: nativeRelease nativeObject s[496850697536]
10-01 08:58:02.466  5108  8218 I SurfaceControl: nativeRelease nativeObject e[496850697536]
10-01 08:58:02.466  5108  8218 I WindowManager: Reparenting to leash, surface=Surface(name=677a488 NavigationBar0)/@0xdc331b9, leashParent=Surface(name=WindowToken{beaeca5 android.os.BinderProxy@3ac3a0f})/@0x358b9fe
10-01 08:58:02.466  4845  4864 I SurfaceFlinger: id=438 createSurf (0x0),-1 flag=24004, Surface(name=677a488 NavigationBar0)/@0xdc331b9 - animation-leash#1
10-01 08:58:02.467  5108  8218 D WindowManager: makeSurface duration=0 leash=Surface(name=Surface(name=677a488 NavigationBar0)/@0xdc331b9 - animation-leash)/@0xfb486c8
10-01 08:58:02.467  5108  8218 D MARsPolicyManager: onPackageResumedFG pkgName = com.sec.android.app.launcher, userId = 0
10-01 08:58:02.467  5108  8218 D StatusBarManagerService: notifyRequestedSystemKey recent=false home=false
10-01 08:58:02.468  5738  5759 I TouchInteractionService: onSystemUiStateChanged, stateFlags : 0
10-01 08:58:02.468  5108  8218 V WindowManager: Relayout hash=7e88fa0, pid=5738: mAttrs={(0,0)(fillxfill) sim={adjust=nothing forwardNavigation} layoutInDisplayCutoutMode=shortEdges ty=BASE_APPLICATION fmt=TRANSPARENT wanim=0x10302f2
10-01 08:58:02.468  5108  8218 V WindowManager:   fl=81910100
10-01 08:58:02.468  5108  8218 V WindowManager:   pfl=16020000
10-01 08:58:02.468  5108  8218 V WindowManager:   vsysui=1700
10-01 08:58:02.468  5108  8218 V WindowManager:   bhv=SHOW_TRANSIENT_BARS_BY_SWIPE
10-01 08:58:02.468  5108  8218 V WindowManager:   fitSides= screenDimDuration=100000 naviIconColor=0}
10-01 08:58:02.468  5442  5442 V Navbar.Store: handleEvent [EventType] ON_NAVBAR_WINDOW_STATE_SHOWING [Module] NavigationBarFragment
10-01 08:58:02.468  5108  5140 D WindowManager: setDisableFlags: displayId=0, vis=0x9708, appearance=0, transientState=Pair{[I@79e8361 [I@88bae86}, isFullscreen=true, isImmersive=true, barType=0, win=Window{7e88fa0 u0 com.sec.android.app.launcher/com.sec.android.app.launcher.activities.LauncherActivity}
10-01 08:58:02.469  5108  8218 I SurfaceControl: nativeRelease nativeObject s[496850698208]
10-01 08:58:02.469  5108  8218 I SurfaceControl: nativeRelease nativeObject e[496850698208]
10-01 08:58:02.469  8146  8146 E ActivityThread: Failed to find provider info for com.samsung.systemui.navillera.navilleraprovider
10-01 08:58:02.469  4845  6021 I Layer   : id=428 removeFromCurrentState Surface(name=659aedf StatusBar)/@0xbb89381 - animation-leash#0 (70)
10-01 08:58:02.469  5738  5738 I SurfaceControl: assignNativeObject: nativeObject = 0 Surface(name=null)/@0x960c82a / android.view.SurfaceControl.readFromParcel:1117 android.view.IWindowSession$Stub$Proxy.relayout:1820 android.view.ViewRootImpl.relayoutWindow:9130 android.view.ViewRootImpl.performTraversals:3420 android.view.ViewRootImpl.doTraversal:2669 android.view.ViewRootImpl$TraversalRunnable.run:10092 android.view.Choreographer$CallbackRecord.run:1010 android.view.Choreographer.doCallbacks:809 android.view.Choreographer.doFrame:744 android.view.Choreographer$FrameDisplayEventReceiver.run:995 
10-01 08:58:02.470  4845  6021 I Layer   : id=429 removeFromCurrentState Surface(name=677a488 NavigationBar0)/@0xdc331b9 - animation-leash#0 (70)
10-01 08:58:02.471  5108  1010 I SystemUiVisibilityPolicyController: handleMessage: entry what = 1
10-01 08:58:02.471  5738  5738 I ViewRootImpl@9c5e80d[LauncherActivity]: Relayout returned: old=(0,0,1200,2000) new=(0,0,1200,2000) req=(1200,2000)0 dur=10 res=0x7 s={true 497495560192} ch=true fn=-1
10-01 08:58:02.472  8146  8146 I TrayStateController: systemUiVisibilityChanged : 3 2
10-01 08:58:02.472  5738  5738 I ViewRootImpl@9c5e80d[LauncherActivity]: [DP] dp(1) 1 android.view.ViewRootImpl.reportNextDraw:11078 android.view.ViewRootImpl.performTraversals:3915 android.view.ViewRootImpl.doTraversal:2669 
10-01 08:58:02.472  5738  5738 I ViewRootImpl@9c5e80d[LauncherActivity]: [DP] pd() Asnyc report
10-01 08:58:02.473  8146  8146 E ActivityThread: Failed to find provider info for com.samsung.systemui.navillera.navilleraprovider
10-01 08:58:02.473  5108  5602 D InsetsSourceProvider: updateVisibility: serverVisible=true, clientVisible=true, source=InsetsSource: {mType=ITYPE_STATUS_BAR, mFrame=[0,0][1200,36], mVisible=true}, controlTarget=Window{7e88fa0 u0 com.sec.android.app.launcher/com.sec.android.app.launcher.activities.LauncherActivity}, from=com.android.server.wm.InsetsSourceProvider.setClientVisible:390 com.android.server.wm.InsetsSourceProvider.onInsetsModified:375 com.android.server.wm.InsetsStateController.onInsetsModified:465 com.android.server.wm.InsetsPolicy.onInsetsModified:324 com.android.server.wm.Session.insetsModified:663 android.view.IWindowSession$Stub.onTransact:1398 com.android.server.wm.Session.onTransact:166 android.os.Binder.execTransactInternal:1195 android.os.Binder.execTransact:1159 <bottom of call stack> 
10-01 08:58:02.473  5108  5602 D InsetsSourceProvider: updateVisibility: serverVisible=true, clientVisible=true, source=InsetsSource: {mType=ITYPE_NAVIGATION_BAR, mFrame=[0,1928][1200,2000], mVisible=true}, controlTarget=Window{7e88fa0 u0 com.sec.android.app.launcher/com.sec.android.app.launcher.activities.LauncherActivity}, from=com.android.server.wm.InsetsSourceProvider.setClientVisible:390 com.android.server.wm.InsetsSourceProvider.onInsetsModified:375 com.android.server.wm.InsetsStateController.onInsetsModified:465 com.android.server.wm.InsetsPolicy.onInsetsModified:324 com.android.server.wm.Session.insetsModified:663 android.view.IWindowSession$Stub.onTransact:1398 com.android.server.wm.Session.onTransact:166 android.os.Binder.execTransactInternal:1195 android.os.Binder.execTransact:1159 <bottom of call stack> 
10-01 08:58:02.474  5738  5738 I ViewRootImpl@9c5e80d[LauncherActivity]: mAttachInfo.mThreadedRenderer.draw, mView = DecorView@78c0981[LauncherActivity] w = 1200 h = 2000
10-01 08:58:02.475  4751  4780 D gralloc : [mali_gralloc_allocate] begin
10-01 08:58:02.475  4751  4780 D gralloc : buffer_descriptor: wh(1200 2000) usage_pc(0x40000000000b00 0x40000000000b00) hal_format(0x1) layer_count(1) sizes(0 0 0) strde(0) byte_stride(0) alloc_wh(0 0) internal_format(0x0) alloc_format(0x0) fd_count(1) plane_count(0)
10-01 08:58:02.476  5108  5140 D WindowManager: setDisableFlags: displayId=0, vis=0x9708, appearance=0, transientState=Pair{[I@44a5347 [I@8ef4774}, isFullscreen=false, isImmersive=true, barType=0, win=Window{7e88fa0 u0 com.sec.android.app.launcher/com.sec.android.app.launcher.activities.LauncherActivity}
10-01 08:58:02.477  5108  1010 I SystemUiVisibilityPolicyController: handleMessage: entry what = 1
10-01 08:58:02.477  5108  5142 D PowerManagerService: [api] setScreenDimDurationOverrideFromWindowManagerInternal: timeoutMillis: 100000
10-01 08:58:02.477  4751  4780 D gralloc : [mali_gralloc_allocate] allocation successful
10-01 08:58:02.477  8146  8146 I TrayStateController: systemUiVisibilityChanged : 2 2
10-01 08:58:02.478  4751  4780 D gralloc : [mali_gralloc_allocate] begin
10-01 08:58:02.478  8146  8146 I Utils   : isCurrentUser current = 0, ownerId = 0
10-01 08:58:02.478  4751  4780 D gralloc : buffer_descriptor: wh(1200 2000) usage_pc(0x40000000000b00 0x40000000000b00) hal_format(0x1) layer_count(1) sizes(0 0 0) strde(0) byte_stride(0) alloc_wh(0 0) internal_format(0x0) alloc_format(0x0) fd_count(1) plane_count(0)
10-01 08:58:02.479  8146  8146 I TrayVisibilityController: getComputedTrayVisible : keyguardState = 1
10-01 08:58:02.479  8146  8146 I TrayVisibilityController: updateTrayVisible: State=1 visible=1 mCurrentVisible=2 specificMode=0
10-01 08:58:02.479  8146  8146 I TrayStateController: onNotifyUpdateTray: state=2
10-01 08:58:02.480  4751  4780 D gralloc : [mali_gralloc_allocate] allocation successful
10-01 08:58:02.481  4751  4780 D gralloc : [mali_gralloc_allocate] begin
10-01 08:58:02.481  4751  4780 D gralloc : buffer_descriptor: wh(1200 2000) usage_pc(0x40000000000b00 0x40000000000b00) hal_format(0x1) layer_count(1) sizes(0 0 0) strde(0) byte_stride(0) alloc_wh(0 0) internal_format(0x0) alloc_format(0x0) fd_count(1) plane_count(0)
10-01 08:58:02.485  4751  4780 D gralloc : [mali_gralloc_allocate] allocation successful
10-01 08:58:02.492  8146  8146 I TrayStateTrigger: getTriggerMarginOnTop retY=430 halfHandleSize=114 getTriggerPosition=23.827753
10-01 08:58:02.494  8146  8146 I BlurredCaptureStorage: updateBlurBackground: false false
10-01 08:58:02.495  8146  8146 I TrayStateController: setUiState 0 : 2 --> 0
10-01 08:58:02.496  5108  5602 V WindowManager: Relayout Window{d6c8dff u0 com.samsung.android.app.cocktailbarservice/com.samsung.android.app.cocktailbarservice.CocktailBarService}: viewVisibility=0 req=67x228 d0
10-01 08:58:02.498  5108  5602 D WindowManager: isScreenshotDisabledLocked - win: Window{d6c8dff u0 com.samsung.android.app.cocktailbarservice/com.samsung.android.app.cocktailbarservice.CocktailBarService}
10-01 08:58:02.498  5108  5602 D WindowManager: isScreenshotDisabledLocked: userId = 0, disabled =false
10-01 08:58:02.498  4845  4864 I SurfaceFlinger: id=439 createSurf (67x228),1 flag=4, com.samsung.android.app.cocktailbarservice/com.samsung.android.app.cocktailbarservice.CocktailBarService$_8146#0
10-01 08:58:02.499  5108  5602 D WindowManager: makeSurface duration=1 name=com.samsung.android.app.cocktailbarservice/com.samsung.android.app.cocktailbarservice.CocktailBarService$_8146
10-01 08:58:02.500  5738  5738 I ViewRootImpl@9c5e80d[LauncherActivity]: [DP] pdf(0) 1 android.view.ViewRootImpl.lambda$performDraw$1$ViewRootImpl:4743 android.view.-$$Lambda$ViewRootImpl$DJd0VUYJgsebcnSohO6h8zc_ONI.run:6 android.os.Handler.handleCallback:938 
10-01 08:58:02.500  5738  5738 I ViewRootImpl@9c5e80d[LauncherActivity]: [DP] rdf()
10-01 08:58:02.500  5108  8218 D WindowManager: finishDrawingWindow: Window{7e88fa0 u0 com.sec.android.app.launcher/com.sec.android.app.launcher.activities.LauncherActivity} mDrawState=DRAW_PENDING
10-01 08:58:02.501  5108  5602 V WindowManager: Relayout hash=d6c8dff, pid=8146: mAttrs={(0,430)(67x228) gr=TOP RIGHT CENTER sim={adjust=nothing} layoutInDisplayCutoutMode=shortEdges ty=2226 fmt=TRANSPARENT
10-01 08:58:02.501  5108  5602 V WindowManager:   fl=81800548
10-01 08:58:02.501  5108  5602 V WindowManager:   pfl=2000050
10-01 08:58:02.501  5108  5602 V WindowManager:   bhv=SHOW_TRANSIENT_BARS_BY_SWIPE
10-01 08:58:02.501  5108  5602 V WindowManager:   fitTypes=NAVIGATION_BARS CAPTION_BAR dimAmount=0.0 dimDuration=0 naviIconColor=0
10-01 08:58:02.501  5108  5602 V WindowManager:   sfl=200000}
10-01 08:58:02.501  5108  5602 I SurfaceControl: nativeRelease nativeObject s[496847666944]
10-01 08:58:02.501  5108  5602 I SurfaceControl: nativeRelease nativeObject e[496847666944]
10-01 08:58:02.501  5108  5143 V WindowManager: Updating vis of wallpaper Window{a037285 u0 com.android.systemui.ImageWallpaper}: true from:
10-01 08:58:02.501  5108  5143 V WindowManager:   com.android.server.wm.WallpaperWindowToken.updateWallpaperWindows:170
10-01 08:58:02.501  5108  5143 V WindowManager:   com.android.server.wm.WallpaperController.updateWallpaperTokens:691
10-01 08:58:02.501  5108  5143 V WindowManager:   com.android.server.wm.WallpaperController.adjustWallpaperWindows:730
10-01 08:58:02.501  5108  5143 V WindowManager:   com.android.server.wm.DisplayContent.applySurfaceChangesTransaction:5000
10-01 08:58:02.501  5442  5712 D WallpaperService: dispatchAppVisibility onVisibilityChanged(): true
10-01 08:58:02.504  8146  8146 I SurfaceControl: assignNativeObject: nativeObject = 0 Surface(name=null)/@0x35cf17a / android.view.SurfaceControl.readFromParcel:1117 android.view.IWindowSession$Stub$Proxy.relayout:1820 android.view.ViewRootImpl.relayoutWindow:9130 android.view.ViewRootImpl.performTraversals:3420 android.view.ViewRootImpl.doTraversal:2669 android.view.ViewRootImpl$TraversalRunnable.run:10092 android.view.Choreographer$CallbackRecord.run:1010 android.view.Choreographer.doCallbacks:809 android.view.Choreographer.doFrame:744 android.view.Choreographer$FrameDisplayEventReceiver.run:995 
10-01 08:58:02.504  5442  5442 D WallpaperService: updateSurface forceRelayout=true forceReport=false redrawNeeded=false myWidth=2000 myHeight=2000 fixedSize=true x = 0 y = 0 mWidth=2000 mHeight=2000 mIsSleepMode=false
10-01 08:58:02.505  5442  5442 D WallpaperService: mDeviceHeight : 2000, mDeviceWidth : 1200,mDeviceRotation  : 0
10-01 08:58:02.507  8146  8146 I ViewRootImpl@7578022[CocktailBarService]: Relayout returned: old=(1133,430,1200,658) new=(1133,430,1200,658) req=(67,228)0 dur=8 res=0x7 s={true 499283513344} ch=true fn=-1
10-01 08:58:02.507  5738  5738 W Launcher.NotificationListener: setNotificationsChangedListener connected : true
10-01 08:58:02.507  5738  5738 I BadgeCountUpdaterImpl: onNotificationsChangedConnected
10-01 08:58:02.507  5738  5738 I Launcher.NotificationListener: registerObserver this is not notificationService!!
10-01 08:58:02.508  5738  5820 I InstallPairAppsReceiver: Pair apps key is null
10-01 08:58:02.508  5738  5738 I Launcher.NotificationListener: onNotificationFullRefresh
10-01 08:58:02.508  8146  8146 I ViewRootImpl@7578022[CocktailBarService]: [DP] dp(1) 1 android.view.ViewRootImpl.reportNextDraw:11078 android.view.ViewRootImpl.performTraversals:3915 android.view.ViewRootImpl.doTraversal:2669 
10-01 08:58:02.508  5108  5143 I WindowManager: Reparenting to leash, surface=Surface(name=DefaultTaskDisplayArea)/@0x73a2542, leashParent=Surface(name=DisplayArea.Root)/@0xe282953
10-01 08:58:02.508  8146  8146 I ViewRootImpl@7578022[CocktailBarService]: [DP] pd() Asnyc report
10-01 08:58:02.509  4845  6021 I SurfaceFlinger: id=440 createSurf (0x0),-1 flag=24004, Surface(name=DefaultTaskDisplayArea)/@0x73a2542 - animation-leash#0
10-01 08:58:02.509  5738  5738 E libprocessgroup: set_timerslack_ns write failed: Operation not permitted
10-01 08:58:02.509  5108  5143 D WindowManager: makeSurface duration=1 leash=Surface(name=Surface(name=DefaultTaskDisplayArea)/@0x73a2542 - animation-leash)/@0x6bb3d99
10-01 08:58:02.509  5738  5738 I LiveIconUpdateEventHandler: registerDateChangedReceiver
10-01 08:58:02.510  5108  5143 D PkgPredictorService: pkg:com.sec.android.app.launcher activity:com.sec.android.app.launcher.activities.LauncherActivity thisTime:-1
10-01 08:58:02.512  4751  4780 D gralloc : [mali_gralloc_allocate] begin
10-01 08:58:02.512  8146  8146 I ViewRootImpl@7578022[CocktailBarService]: mAttachInfo.mThreadedRenderer.draw, mView = DecorView@4d3ed2f[CocktailBarService] w = 67 h = 228
10-01 08:58:02.512  4751  4780 D gralloc : buffer_descriptor: wh(67 228) usage_pc(0x40000000000b00 0x40000000000b00) hal_format(0x1) layer_count(1) sizes(0 0 0) strde(0) byte_stride(0) alloc_wh(0 0) internal_format(0x0) alloc_format(0x0) fd_count(1) plane_count(0)
10-01 08:58:02.512  4751  4780 D gralloc : [mali_gralloc_allocate] allocation successful
10-01 08:58:02.513  4751  4780 D gralloc : [mali_gralloc_allocate] begin
10-01 08:58:02.513  4751  4780 D gralloc : buffer_descriptor: wh(67 228) usage_pc(0x40000000000b00 0x40000000000b00) hal_format(0x1) layer_count(1) sizes(0 0 0) strde(0) byte_stride(0) alloc_wh(0 0) internal_format(0x0) alloc_format(0x0) fd_count(1) plane_count(0)
10-01 08:58:02.513  5738  5738 I LiveIconUpdateEventHandler: cancelDateChangeAlarm
10-01 08:58:02.513  4751  4780 D gralloc : [mali_gralloc_allocate] allocation successful
10-01 08:58:02.513  5108  8218 V WindowManager: Relayout Window{a037285 u0 com.android.systemui.ImageWallpaper}: viewVisibility=0 req=2000x2000 d0
10-01 08:58:02.514  5108  6232 D SamsungAlarmManager: Cancel Alarm calling from uid:10071 pid :5738 / OP:PendingIntent{bf91a55: PendingIntentRecord{1d44c6a com.sec.android.app.launcher broadcastIntent}}
10-01 08:58:02.515  5738  5738 I LiveIconUpdateEventHandler: setDateChangeAlarm
10-01 08:58:02.515  4751  4751 D gralloc : [mali_gralloc_allocate] begin
10-01 08:58:02.515  4751  4751 D gralloc : buffer_descriptor: wh(67 228) usage_pc(0x40000000000b00 0x40000000000b00) hal_format(0x1) layer_count(1) sizes(0 0 0) strde(0) byte_stride(0) alloc_wh(0 0) internal_format(0x0) alloc_format(0x0) fd_count(1) plane_count(0)
10-01 08:58:02.515  4751  4751 D gralloc : [mali_gralloc_allocate] allocation successful
10-01 08:58:02.516  5108  8065 D SamsungAlarmManager: setInexact (T:0/F:0/AC:false) 20241002T000000 now=1113936 - CU:10071/CP:5738/OP:PendingIntent{aa9055b: PendingIntentRecord{1d44c6a com.sec.android.app.launcher broadcastIntent}}
10-01 08:58:02.516  5108  8065 I SamsungAlarmManager: setLocked to kernel - T:2 / 20241001T090235, set=1387412, now=1113937
10-01 08:58:02.517  5108  8065 I SamsungAlarmManager: setLocked to kernel - T:3 / 20241001T085805, set=1116614, now=1113937
10-01 08:58:02.517  5738  5738 I LiveIconUpdateEventHandler: updateLiveIcon type:0
10-01 08:58:02.518  5738  5738 I LiveIconViewUpdater: onUpdateLiveIcon 52
10-01 08:58:02.519  5738  5738 E libprocessgroup: set_timerslack_ns write failed: Operation not permitted
10-01 08:58:02.520  5108  8218 V WindowManager: Relayout hash=a037285, pid=5442: mAttrs={(0,0)(2000x2000) gr=TOP START CENTER layoutInDisplayCutoutMode=always ty=WALLPAPER fmt=RGBX_8888 wanim=0x1030315
10-01 08:58:02.520  5108  8218 V WindowManager:   fl=14318
10-01 08:58:02.520  5108  8218 V WindowManager:   pfl=4 naviIconColor=0}
10-01 08:58:02.520  5108  8218 I SurfaceControl: nativeRelease nativeObject s[496850698208]
10-01 08:58:02.520  5738  5738 I LiveIconUpdateEventHandler: cancelMinuteChangeAlarm
10-01 08:58:02.520  5108  8218 I SurfaceControl: nativeRelease nativeObject e[496850698208]
10-01 08:58:02.520  5108  6232 I InputDispatcher: Focus entered window (5738): 7e88fa0 in display 0 0
10-01 08:58:02.520  5108  8065 D SamsungAlarmManager: Cancel Alarm calling from uid:10071 pid :5738 / OP:PendingIntent{8fb31f8: PendingIntentRecord{9fe06d1 com.sec.android.app.launcher broadcastIntent}}
10-01 08:58:02.521  5738  5738 I LiveIconUpdateEventHandler: setMinuteChangeAlarm
10-01 08:58:02.522  8146  8146 I ViewRootImpl@7578022[CocktailBarService]: [DP] pdf(0) 1 android.view.ViewRootImpl.lambda$performDraw$1$ViewRootImpl:4743 android.view.-$$Lambda$ViewRootImpl$DJd0VUYJgsebcnSohO6h8zc_ONI.run:6 android.os.Handler.handleCallback:938 
10-01 08:58:02.522  8146  8146 I ViewRootImpl@7578022[CocktailBarService]: [DP] rdf()
10-01 08:58:02.522  4845  4845 D SurfaceFlinger: Display 0 HWC layers:
10-01 08:58:02.522  4845  4845 D SurfaceFlinger:      DEVICE | 0x78692f4000 | 0002 | RGBA_1010102 |  400.0    0.0 1600.0 2000.0 |    0    0 1200 2000 | com.android.systemui.ImageWallpaper$_5442#0
10-01 08:58:02.522  4845  4845 D SurfaceFlinger:      DEVICE | 0x790be38700 | 0000 | RGBA_8888    |    0.0    0.0 1200.0   36.0 |    0    0 1200   36 | ScreenDecorOverlay$_5442#0
10-01 08:58:02.522  4845  4845 D SurfaceFlinger:      DEVICE | 0x790be385c0 | 0000 | RGBA_8888    |    0.0    0.0 1200.0   36.0 |    0 1964 1200 2000 | ScreenDecorOverlayBottom$_5442#0
10-01 08:58:02.522  4845  4845 D SurfaceFlinger: 
10-01 08:58:02.523  5108  8065 D SamsungAlarmManager: setInexact (T:1/F:0/AC:false) 20241001T085900 now=1113943 - CU:10071/CP:5738/OP:PendingIntent{de2c536: PendingIntentRecord{9fe06d1 com.sec.android.app.launcher broadcastIntent}}
10-01 08:58:02.523  5108  8065 I SamsungAlarmManager: setLocked to kernel - T:2 / 20241001T090235, set=1387412, now=1113943
10-01 08:58:02.523  5108  8065 I SamsungAlarmManager: setLocked to kernel - T:3 / 20241001T085805, set=1116614, now=1113943
10-01 08:58:02.523  5738  5738 I TouchInteractionService: onSystemUiFlagsChanged, userUnlocked
10-01 08:58:02.524  5108  8218 D WindowManager: finishDrawingWindow: Window{d6c8dff u0 com.samsung.android.app.cocktailbarservice/com.samsung.android.app.cocktailbarservice.CocktailBarService} mDrawState=DRAW_PENDING
10-01 08:58:02.524  5442  5442 I SurfaceControl: assignNativeObject: nativeObject = 0 Surface(name=null)/@0x1ca80f8 / android.view.SurfaceControl.readFromParcel:1117 android.view.IWindowSession$Stub$Proxy.relayout:1820 android.service.wallpaper.WallpaperService$Engine.updateSurface:1187 android.service.wallpaper.WallpaperService$Engine.reportVisibility:1514 android.service.wallpaper.WallpaperService$Engine.doVisibilityChanged:1491 android.service.wallpaper.WallpaperService$IWallpaperEngineWrapper.executeMessage:1877 com.android.internal.os.HandlerCaller$MyHandler.handleMessage:44 android.os.Handler.dispatchMessage:106 android.os.Looper.loop:247 android.app.ActivityThread.main:8676 
10-01 08:58:02.524  5442  5442 I SurfaceControl: nativeRelease nativeObject s[496719276832]
10-01 08:58:02.524  5442  5442 I SurfaceControl: nativeRelease nativeObject e[496719276832]
10-01 08:58:02.524  5442  5442 D WallpaperService: updateSurface redrawNeeded=false didSurface=false
10-01 08:58:02.524  5442  5442 D WallpaperService: reportVisibility onVisibilityChanged visible: true
10-01 08:58:02.524  5442  5675 I ImageWallpaper:  onVisibilityChanged true , 0
10-01 08:58:02.525  5738  5820 I Launcher.NotificationListener: notificationIsValidForUI : com.chess missingTitleAndText : false isGroupHeader : false
10-01 08:58:02.525  5738  5820 I Launcher.NotificationListener: notificationIsValidForUI : com.wssyncmldm missingTitleAndText : false isGroupHeader : false
10-01 08:58:02.525  5442  5442 V Navbar.Store: getValue(BOOL_SUPPORT_PHONE_LAYOUT_PROVIDER)=false
10-01 08:58:02.525  5738  5820 I Launcher.NotificationListener: notificationIsValidForUI : com.google.android.gms missingTitleAndText : false isGroupHeader : false
10-01 08:58:02.525  5738  5820 I Launcher.NotificationListener: notificationIsValidForUI : com.google.android.gms missingTitleAndText : false isGroupHeader : false
10-01 08:58:02.525  5738  5820 I Launcher.NotificationListener: Full refresh isConnected : true active size : 4
10-01 08:58:02.526  5738  5738 I BadgeRenderer: Invalid count : 0
10-01 08:58:02.526  5738  5738 I BadgeRenderer: Invalid count : 0
10-01 08:58:02.527  8146  8146 I TrayStateController: putInputRect mDynamicInputRegion=243412267@LastEvent=t=1727737073722Rect(43, 0 - 67, 228),Rect=Rect(43, 0 - 67, 228)
10-01 08:58:02.529  5108  1013 D TspStateManager: update cmd=set_grip_data,0,2,430,658
10-01 08:58:02.529  8146  8146 I TrayStateTrigger: showTriggerView
10-01 08:58:02.530  5738  5738 I ViewRootImpl@9c5e80d[LauncherActivity]: MSG_RESIZED_REPORT: frame=(0,0,1200,2000) ci=(0,36,0,72) vi=(0,36,0,72) or=1
10-01 08:58:02.530  5738  5738 I ViewRootImpl@9c5e80d[LauncherActivity]: [DP] dp(1) 1 android.view.ViewRootImpl.reportNextDraw:11078 android.view.ViewRootImpl.access$1300:255 android.view.ViewRootImpl$ViewRootHandler.handleMessage:6207 
10-01 08:58:02.530  5738  5738 I ViewRootImpl@9c5e80d[LauncherActivity]: MSG_WINDOW_FOCUS_CHANGED 1 1
10-01 08:58:02.532  5738  5738 I InputMethodManager: startInputInner - mService.startInputOrWindowGainedFocus
10-01 08:58:02.533  5108  8218 D InputMethodManagerService: mSecureKeypadEnabled = false
10-01 08:58:02.533  5108  8218 V InputMethodManagerService: Unspecified window will hide input
10-01 08:58:02.533  5108  8218 V InputMethodManagerService: hideCurrentInputLocked : shouldHideSoftInput is false
10-01 08:58:02.533  5108  8218 D InputMethodManagerService: DESKTOP MODE! : 2
10-01 08:58:02.533  5108  8218 D InputMethodManagerService: NOT IN KNOX DESKTOP MODE!
10-01 08:58:02.533  5108  8218 V InputMethodManagerService: getDisplayIdOfInputMethodWindowToBeAdded : 0
10-01 08:58:02.534  5108  8218 D InputMethodManagerService: checkDisplayOfStartInputAndUpdateKeyboard display Id 0last 0
10-01 08:58:02.534  5108  8218 D InputTransport: Input channel constructed: 'ClientS', fd=721
10-01 08:58:02.536  5108  8218 D InputTransport: Input channel destroyed: 'ClientS', fd=721
10-01 08:58:02.537  5108  8065 V WindowManager: Relayout Window{d6c8dff u0 com.samsung.android.app.cocktailbarservice/com.samsung.android.app.cocktailbarservice.CocktailBarService}: viewVisibility=0 req=67x228 d0
10-01 08:58:02.537  5738  5738 I PopupDataProvider: onNotificationFullRefresh prev dotInfoSize : 3
10-01 08:58:02.537  5738  5738 I PopupDataProvider: refresh badge  package : com.chess count : 1
10-01 08:58:02.537  5738  5738 I PopupDataProvider: refresh badge  package : com.google.android.gms count : 2
10-01 08:58:02.537  5738  5738 I PopupDataProvider: refresh badge  package : com.wssyncmldm count : 1
10-01 08:58:02.537  4845  4845 D SurfaceFlinger: Display 0 HWC layers:
10-01 08:58:02.537  4845  4845 D SurfaceFlinger:      DEVICE | 0x78692f4000 | 0002 | RGBA_1010102 |  400.0    0.0 1600.0 2000.0 |    0    0 1200 2000 | com.android.systemui.ImageWallpaper$_5442#0
10-01 08:58:02.537  4845  4845 D SurfaceFlinger:      DEVICE | 0x78692f4f00 | 0000 | RGBA_8888    |    0.0    0.0   67.0  228.0 | 1133  430 1200  658 | com.samsung.android.app.cocktailbars[...]arservice.CocktailBarService$_8146#0
10-01 08:58:02.537  4845  4845 D SurfaceFlinger:      DEVICE | 0x790be38700 | 0000 | RGBA_8888    |    0.0    0.0 1200.0   36.0 |    0    0 1200   36 | ScreenDecorOverlay$_5442#0
10-01 08:58:02.537  4845  4845 D SurfaceFlinger:      DEVICE | 0x790be385c0 | 0000 | RGBA_8888    |    0.0    0.0 1200.0   36.0 |    0 1964 1200 2000 | ScreenDecorOverlayBottom$_5442#0
10-01 08:58:02.537  4845  4845 D SurfaceFlinger: 
10-01 08:58:02.538  5738  5738 I ViewRootImpl@9c5e80d[LauncherActivity]: [DP] pd() Asnyc report
10-01 08:58:02.538  5108  5602 D WALLPAPER_SVC:WallpaperManagerService: getWallpaperSafeLocked, userId = 0, which = 1, caller = com.android.server.wallpaper.WallpaperManagerService.semGetWallpaperType:5637 
10-01 08:58:02.538  5108  5602 D WallpaperManage